Archive member included to satisfy reference by file (symbol)

.\ARM_GCC_541\Debug\UART_Tx010.a(UART_1.o)
                              .\ARM_GCC_541\Debug\main.o (UART_1_Start)
.\ARM_GCC_541\Debug\UART_Tx010.a(LCD_Char_1.o)
                              .\ARM_GCC_541\Debug\main.o (LCD_Char_1_WriteControl)
.\ARM_GCC_541\Debug\UART_Tx010.a(isr_1.o)
                              .\ARM_GCC_541\Debug\main.o (isr_1_Start)
.\ARM_GCC_541\Debug\UART_Tx010.a(CyLib.o)
                              .\ARM_GCC_541\Debug\Cm3Start.o (CyResetStatus)
.\ARM_GCC_541\Debug\UART_Tx010.a(cyPm.o)
                              .\ARM_GCC_541\Debug\UART_Tx010.a(CyLib.o) (CyPmReadStatus)
.\ARM_GCC_541\Debug\UART_Tx010.a(CyBootAsmGnu.o)
                              .\ARM_GCC_541\Debug\cyfitter_cfg.o (CyDelayCycles)
.\ARM_GCC_541\Debug\UART_Tx010.a(CyFlash.o)
                              .\ARM_GCC_541\Debug\UART_Tx010.a(cyPm.o) (CyFlash_SetWaitCycles)
.\ARM_GCC_541\Debug\UART_Tx010.a(CySpc.o)
                              .\ARM_GCC_541\Debug\UART_Tx010.a(CyFlash.o) (CySpcStart)
c:/program files (x86)/cypress/psoc creator/4.2/psoc creator/import/gnu/arm/5.4.1/bin/../lib/gcc/arm-none-eabi/5.4.1/../../../../arm-none-eabi/lib/armv7-m\libg_nano.a(lib_a-errno.o)
                              .\ARM_GCC_541\Debug\Cm3Start.o (__errno)
c:/program files (x86)/cypress/psoc creator/4.2/psoc creator/import/gnu/arm/5.4.1/bin/../lib/gcc/arm-none-eabi/5.4.1/../../../../arm-none-eabi/lib/armv7-m\libg_nano.a(lib_a-exit.o)
                              c:/program files (x86)/cypress/psoc creator/4.2/psoc creator/import/gnu/arm/5.4.1/bin/../lib/gcc/arm-none-eabi/5.4.1/../../../../arm-none-eabi/lib/armv7-m/crt0.o (exit)
c:/program files (x86)/cypress/psoc creator/4.2/psoc creator/import/gnu/arm/5.4.1/bin/../lib/gcc/arm-none-eabi/5.4.1/../../../../arm-none-eabi/lib/armv7-m\libg_nano.a(lib_a-impure.o)
                              c:/program files (x86)/cypress/psoc creator/4.2/psoc creator/import/gnu/arm/5.4.1/bin/../lib/gcc/arm-none-eabi/5.4.1/../../../../arm-none-eabi/lib/armv7-m\libg_nano.a(lib_a-exit.o) (_global_impure_ptr)
c:/program files (x86)/cypress/psoc creator/4.2/psoc creator/import/gnu/arm/5.4.1/bin/../lib/gcc/arm-none-eabi/5.4.1/../../../../arm-none-eabi/lib/armv7-m\libg_nano.a(lib_a-init.o)
                              c:/program files (x86)/cypress/psoc creator/4.2/psoc creator/import/gnu/arm/5.4.1/bin/../lib/gcc/arm-none-eabi/5.4.1/../../../../arm-none-eabi/lib/armv7-m/crt0.o (__libc_init_array)
c:/program files (x86)/cypress/psoc creator/4.2/psoc creator/import/gnu/arm/5.4.1/bin/../lib/gcc/arm-none-eabi/5.4.1/../../../../arm-none-eabi/lib/armv7-m\libg_nano.a(lib_a-memcpy-stub.o)
                              .\ARM_GCC_541\Debug\cyfitter_cfg.o (memcpy)
c:/program files (x86)/cypress/psoc creator/4.2/psoc creator/import/gnu/arm/5.4.1/bin/../lib/gcc/arm-none-eabi/5.4.1/../../../../arm-none-eabi/lib/armv7-m\libg_nano.a(lib_a-memset.o)
                              c:/program files (x86)/cypress/psoc creator/4.2/psoc creator/import/gnu/arm/5.4.1/bin/../lib/gcc/arm-none-eabi/5.4.1/../../../../arm-none-eabi/lib/armv7-m/crt0.o (memset)

Allocating common symbols
Common symbol       size              file

dieTemperature      0x2               .\ARM_GCC_541\Debug\UART_Tx010.a(CyFlash.o)

Discarded input sections

 .text          0x00000000        0x0 c:/program files (x86)/cypress/psoc creator/4.2/psoc creator/import/gnu/arm/5.4.1/bin/../lib/gcc/arm-none-eabi/5.4.1/armv7-m/crti.o
 .data          0x00000000        0x0 c:/program files (x86)/cypress/psoc creator/4.2/psoc creator/import/gnu/arm/5.4.1/bin/../lib/gcc/arm-none-eabi/5.4.1/armv7-m/crti.o
 .bss           0x00000000        0x0 c:/program files (x86)/cypress/psoc creator/4.2/psoc creator/import/gnu/arm/5.4.1/bin/../lib/gcc/arm-none-eabi/5.4.1/armv7-m/crti.o
 .data          0x00000000        0x4 c:/program files (x86)/cypress/psoc creator/4.2/psoc creator/import/gnu/arm/5.4.1/bin/../lib/gcc/arm-none-eabi/5.4.1/armv7-m/crtbegin.o
 .text          0x00000000       0x74 c:/program files (x86)/cypress/psoc creator/4.2/psoc creator/import/gnu/arm/5.4.1/bin/../lib/gcc/arm-none-eabi/5.4.1/../../../../arm-none-eabi/lib/armv7-m/crt0.o
 .data          0x00000000        0x0 c:/program files (x86)/cypress/psoc creator/4.2/psoc creator/import/gnu/arm/5.4.1/bin/../lib/gcc/arm-none-eabi/5.4.1/../../../../arm-none-eabi/lib/armv7-m/crt0.o
 .bss           0x00000000        0x0 c:/program files (x86)/cypress/psoc creator/4.2/psoc creator/import/gnu/arm/5.4.1/bin/../lib/gcc/arm-none-eabi/5.4.1/../../../../arm-none-eabi/lib/armv7-m/crt0.o
 .ARM.extab     0x00000000        0x0 c:/program files (x86)/cypress/psoc creator/4.2/psoc creator/import/gnu/arm/5.4.1/bin/../lib/gcc/arm-none-eabi/5.4.1/../../../../arm-none-eabi/lib/armv7-m/crt0.o
 .ARM.exidx     0x00000000        0x8 c:/program files (x86)/cypress/psoc creator/4.2/psoc creator/import/gnu/arm/5.4.1/bin/../lib/gcc/arm-none-eabi/5.4.1/../../../../arm-none-eabi/lib/armv7-m/crt0.o
 .text          0x00000000        0x0 .\ARM_GCC_541\Debug\main.o
 .data          0x00000000        0x0 .\ARM_GCC_541\Debug\main.o
 .bss           0x00000000        0x1 .\ARM_GCC_541\Debug\main.o
 .text          0x00000000        0x0 .\ARM_GCC_541\Debug\cyfitter_cfg.o
 .data          0x00000000        0x0 .\ARM_GCC_541\Debug\cyfitter_cfg.o
 .bss           0x00000000        0x0 .\ARM_GCC_541\Debug\cyfitter_cfg.o
 .text.SetAnalogRoutingPumps
                0x00000000       0x28 .\ARM_GCC_541\Debug\cyfitter_cfg.o
 .text          0x00000000        0x0 .\ARM_GCC_541\Debug\cymetadata.o
 .data          0x00000000        0x0 .\ARM_GCC_541\Debug\cymetadata.o
 .bss           0x00000000        0x0 .\ARM_GCC_541\Debug\cymetadata.o
 .text          0x00000000        0x0 .\ARM_GCC_541\Debug\Cm3Start.o
 .data          0x00000000        0x4 .\ARM_GCC_541\Debug\Cm3Start.o
 .bss           0x00000000        0x0 .\ARM_GCC_541\Debug\Cm3Start.o
 .text._exit    0x00000000       0x14 .\ARM_GCC_541\Debug\Cm3Start.o
 .text._sbrk    0x00000000       0x50 .\ARM_GCC_541\Debug\Cm3Start.o
 .text          0x00000000        0x0 .\ARM_GCC_541\Debug\UART_Tx010.a(UART_1.o)
 .data          0x00000000        0x0 .\ARM_GCC_541\Debug\UART_Tx010.a(UART_1.o)
 .text.UART_1_Stop
                0x00000000       0x48 .\ARM_GCC_541\Debug\UART_Tx010.a(UART_1.o)
 .text.UART_1_ReadControlRegister
                0x00000000       0x10 .\ARM_GCC_541\Debug\UART_Tx010.a(UART_1.o)
 .text.UART_1_WriteControlRegister
                0x00000000       0x14 .\ARM_GCC_541\Debug\UART_Tx010.a(UART_1.o)
 .text.UART_1_SetTxInterruptMode
                0x00000000       0x20 .\ARM_GCC_541\Debug\UART_Tx010.a(UART_1.o)
 .text.UART_1_ReadTxStatus
                0x00000000       0x18 .\ARM_GCC_541\Debug\UART_Tx010.a(UART_1.o)
 .text.UART_1_PutChar
                0x00000000       0x34 .\ARM_GCC_541\Debug\UART_Tx010.a(UART_1.o)
 .text.UART_1_PutString
                0x00000000       0x44 .\ARM_GCC_541\Debug\UART_Tx010.a(UART_1.o)
 .text.UART_1_PutArray
                0x00000000       0x44 .\ARM_GCC_541\Debug\UART_Tx010.a(UART_1.o)
 .text.UART_1_PutCRLF
                0x00000000       0x34 .\ARM_GCC_541\Debug\UART_Tx010.a(UART_1.o)
 .text.UART_1_GetTxBufferSize
                0x00000000       0x40 .\ARM_GCC_541\Debug\UART_Tx010.a(UART_1.o)
 .text.UART_1_ClearTxBuffer
                0x00000000       0x44 .\ARM_GCC_541\Debug\UART_Tx010.a(UART_1.o)
 .text.UART_1_SendBreak
                0x00000000       0x9c .\ARM_GCC_541\Debug\UART_Tx010.a(UART_1.o)
 .text.UART_1_SetTxAddressMode
                0x00000000       0x14 .\ARM_GCC_541\Debug\UART_Tx010.a(UART_1.o)
 .text          0x00000000        0x0 .\ARM_GCC_541\Debug\UART_Tx010.a(LCD_Char_1.o)
 .data          0x00000000        0x0 .\ARM_GCC_541\Debug\UART_Tx010.a(LCD_Char_1.o)
 .text.LCD_Char_1_Stop
                0x00000000       0x18 .\ARM_GCC_541\Debug\UART_Tx010.a(LCD_Char_1.o)
 .text.LCD_Char_1_PrintString
                0x00000000       0x3c .\ARM_GCC_541\Debug\UART_Tx010.a(LCD_Char_1.o)
 .text.LCD_Char_1_PrintInt16
                0x00000000       0x2c .\ARM_GCC_541\Debug\UART_Tx010.a(LCD_Char_1.o)
 .text.LCD_Char_1_PrintInt32
                0x00000000       0x34 .\ARM_GCC_541\Debug\UART_Tx010.a(LCD_Char_1.o)
 .text.LCD_Char_1_PrintU32Number
                0x00000000       0xa4 .\ARM_GCC_541\Debug\UART_Tx010.a(LCD_Char_1.o)
 .text          0x00000000        0x0 .\ARM_GCC_541\Debug\UART_Tx010.a(isr_1.o)
 .data          0x00000000        0x0 .\ARM_GCC_541\Debug\UART_Tx010.a(isr_1.o)
 .bss           0x00000000        0x0 .\ARM_GCC_541\Debug\UART_Tx010.a(isr_1.o)
 .text.isr_1_StartEx
                0x00000000       0x24 .\ARM_GCC_541\Debug\UART_Tx010.a(isr_1.o)
 .text.isr_1_Stop
                0x00000000       0x18 .\ARM_GCC_541\Debug\UART_Tx010.a(isr_1.o)
 .text.isr_1_GetVector
                0x00000000       0x20 .\ARM_GCC_541\Debug\UART_Tx010.a(isr_1.o)
 .text.isr_1_GetPriority
                0x00000000       0x20 .\ARM_GCC_541\Debug\UART_Tx010.a(isr_1.o)
 .text.isr_1_GetState
                0x00000000       0x1c .\ARM_GCC_541\Debug\UART_Tx010.a(isr_1.o)
 .text.isr_1_SetPending
                0x00000000       0x18 .\ARM_GCC_541\Debug\UART_Tx010.a(isr_1.o)
 .text.isr_1_ClearPending
                0x00000000       0x18 .\ARM_GCC_541\Debug\UART_Tx010.a(isr_1.o)
 .text          0x00000000        0x0 .\ARM_GCC_541\Debug\UART_Tx010.a(CyLib.o)
 .bss           0x00000000       0x19 .\ARM_GCC_541\Debug\UART_Tx010.a(CyLib.o)
 .text.CyPLL_OUT_Start
                0x00000000       0xb0 .\ARM_GCC_541\Debug\UART_Tx010.a(CyLib.o)
 .text.CyPLL_OUT_Stop
                0x00000000       0x20 .\ARM_GCC_541\Debug\UART_Tx010.a(CyLib.o)
 .text.CyPLL_OUT_SetPQ
                0x00000000       0x94 .\ARM_GCC_541\Debug\UART_Tx010.a(CyLib.o)
 .text.CyPLL_OUT_SetSource
                0x00000000       0x58 .\ARM_GCC_541\Debug\UART_Tx010.a(CyLib.o)
 .text.CyIMO_Start
                0x00000000       0x94 .\ARM_GCC_541\Debug\UART_Tx010.a(CyLib.o)
 .text.CyIMO_Stop
                0x00000000       0x34 .\ARM_GCC_541\Debug\UART_Tx010.a(CyLib.o)
 .text.CyUSB_PowerOnCheck
                0x00000000       0x60 .\ARM_GCC_541\Debug\UART_Tx010.a(CyLib.o)
 .text.CyIMO_SetTrimValue
                0x00000000      0x108 .\ARM_GCC_541\Debug\UART_Tx010.a(CyLib.o)
 .text.CyIMO_SetFreq
                0x00000000      0x1b0 .\ARM_GCC_541\Debug\UART_Tx010.a(CyLib.o)
 .text.CyIMO_SetSource
                0x00000000       0x8c .\ARM_GCC_541\Debug\UART_Tx010.a(CyLib.o)
 .text.CyIMO_EnableDoubler
                0x00000000       0x20 .\ARM_GCC_541\Debug\UART_Tx010.a(CyLib.o)
 .text.CyIMO_DisableDoubler
                0x00000000       0x20 .\ARM_GCC_541\Debug\UART_Tx010.a(CyLib.o)
 .text.CyMasterClk_SetSource
                0x00000000       0x34 .\ARM_GCC_541\Debug\UART_Tx010.a(CyLib.o)
 .text.CyMasterClk_SetDivider
                0x00000000       0x20 .\ARM_GCC_541\Debug\UART_Tx010.a(CyLib.o)
 .text.CyBusClk_Internal_SetDivider
                0x00000000       0x78 .\ARM_GCC_541\Debug\UART_Tx010.a(CyLib.o)
 .text.CyBusClk_SetDivider
                0x00000000       0xb4 .\ARM_GCC_541\Debug\UART_Tx010.a(CyLib.o)
 .text.CyUsbClk_SetSource
                0x00000000       0x34 .\ARM_GCC_541\Debug\UART_Tx010.a(CyLib.o)
 .text.CyILO_Start1K
                0x00000000       0x20 .\ARM_GCC_541\Debug\UART_Tx010.a(CyLib.o)
 .text.CyILO_Stop1K
                0x00000000       0x20 .\ARM_GCC_541\Debug\UART_Tx010.a(CyLib.o)
 .text.CyILO_Start100K
                0x00000000       0x20 .\ARM_GCC_541\Debug\UART_Tx010.a(CyLib.o)
 .text.CyILO_Stop100K
                0x00000000       0x20 .\ARM_GCC_541\Debug\UART_Tx010.a(CyLib.o)
 .text.CyILO_Enable33K
                0x00000000       0x20 .\ARM_GCC_541\Debug\UART_Tx010.a(CyLib.o)
 .text.CyILO_Disable33K
                0x00000000       0x20 .\ARM_GCC_541\Debug\UART_Tx010.a(CyLib.o)
 .text.CyILO_SetSource
                0x00000000       0x38 .\ARM_GCC_541\Debug\UART_Tx010.a(CyLib.o)
 .text.CyILO_SetPowerMode
                0x00000000       0x4c .\ARM_GCC_541\Debug\UART_Tx010.a(CyLib.o)
 .text.CyXTAL_32KHZ_Start
                0x00000000       0x88 .\ARM_GCC_541\Debug\UART_Tx010.a(CyLib.o)
 .text.CyXTAL_32KHZ_Stop
                0x00000000       0x50 .\ARM_GCC_541\Debug\UART_Tx010.a(CyLib.o)
 .text.CyXTAL_32KHZ_ReadStatus
                0x00000000       0x1c .\ARM_GCC_541\Debug\UART_Tx010.a(CyLib.o)
 .text.CyXTAL_32KHZ_SetPowerMode
                0x00000000       0xb4 .\ARM_GCC_541\Debug\UART_Tx010.a(CyLib.o)
 .text.CyXTAL_Start
                0x00000000       0xd0 .\ARM_GCC_541\Debug\UART_Tx010.a(CyLib.o)
 .text.CyXTAL_Stop
                0x00000000       0x20 .\ARM_GCC_541\Debug\UART_Tx010.a(CyLib.o)
 .text.CyXTAL_EnableErrStatus
                0x00000000       0x20 .\ARM_GCC_541\Debug\UART_Tx010.a(CyLib.o)
 .text.CyXTAL_DisableErrStatus
                0x00000000       0x20 .\ARM_GCC_541\Debug\UART_Tx010.a(CyLib.o)
 .text.CyXTAL_ReadStatus
                0x00000000       0x24 .\ARM_GCC_541\Debug\UART_Tx010.a(CyLib.o)
 .text.CyXTAL_EnableFaultRecovery
                0x00000000       0x20 .\ARM_GCC_541\Debug\UART_Tx010.a(CyLib.o)
 .text.CyXTAL_DisableFaultRecovery
                0x00000000       0x20 .\ARM_GCC_541\Debug\UART_Tx010.a(CyLib.o)
 .text.CyXTAL_SetStartup
                0x00000000       0x34 .\ARM_GCC_541\Debug\UART_Tx010.a(CyLib.o)
 .text.CyXTAL_SetFbVoltage
                0x00000000       0x34 .\ARM_GCC_541\Debug\UART_Tx010.a(CyLib.o)
 .text.CyXTAL_SetWdVoltage
                0x00000000       0x38 .\ARM_GCC_541\Debug\UART_Tx010.a(CyLib.o)
 .text.CyHalt   0x00000000       0x18 .\ARM_GCC_541\Debug\UART_Tx010.a(CyLib.o)
 .text.CySoftwareReset
                0x00000000       0x20 .\ARM_GCC_541\Debug\UART_Tx010.a(CyLib.o)
 .text.CyDelayFreq
                0x00000000       0x7c .\ARM_GCC_541\Debug\UART_Tx010.a(CyLib.o)
 .text.CyWdtStart
                0x00000000       0x8c .\ARM_GCC_541\Debug\UART_Tx010.a(CyLib.o)
 .text.CyWdtClear
                0x00000000       0x18 .\ARM_GCC_541\Debug\UART_Tx010.a(CyLib.o)
 .text.CyVdLvDigitEnable
                0x00000000       0xcc .\ARM_GCC_541\Debug\UART_Tx010.a(CyLib.o)
 .text.CyVdLvAnalogEnable
                0x00000000       0xcc .\ARM_GCC_541\Debug\UART_Tx010.a(CyLib.o)
 .text.CyVdLvDigitDisable
                0x00000000       0x48 .\ARM_GCC_541\Debug\UART_Tx010.a(CyLib.o)
 .text.CyVdLvAnalogDisable
                0x00000000       0x44 .\ARM_GCC_541\Debug\UART_Tx010.a(CyLib.o)
 .text.CyVdHvAnalogEnable
                0x00000000       0x7c .\ARM_GCC_541\Debug\UART_Tx010.a(CyLib.o)
 .text.CyVdHvAnalogDisable
                0x00000000       0x30 .\ARM_GCC_541\Debug\UART_Tx010.a(CyLib.o)
 .text.CyVdStickyStatus
                0x00000000       0x5c .\ARM_GCC_541\Debug\UART_Tx010.a(CyLib.o)
 .text.CyVdRealTimeStatus
                0x00000000       0x30 .\ARM_GCC_541\Debug\UART_Tx010.a(CyLib.o)
 .text.CyDisableInts
                0x00000000       0x34 .\ARM_GCC_541\Debug\UART_Tx010.a(CyLib.o)
 .text.CyEnableInts
                0x00000000       0x2c .\ARM_GCC_541\Debug\UART_Tx010.a(CyLib.o)
 .text.CyFlushCache
                0x00000000       0x5c .\ARM_GCC_541\Debug\UART_Tx010.a(CyLib.o)
 .text.CyIntSetSysVector
                0x00000000       0x4c .\ARM_GCC_541\Debug\UART_Tx010.a(CyLib.o)
 .text.CyIntGetSysVector
                0x00000000       0x38 .\ARM_GCC_541\Debug\UART_Tx010.a(CyLib.o)
 .text.CyIntSetVector
                0x00000000       0x50 .\ARM_GCC_541\Debug\UART_Tx010.a(CyLib.o)
 .text.CyIntGetVector
                0x00000000       0x38 .\ARM_GCC_541\Debug\UART_Tx010.a(CyLib.o)
 .text.CyIntSetPriority
                0x00000000       0x48 .\ARM_GCC_541\Debug\UART_Tx010.a(CyLib.o)
 .text.CyIntGetPriority
                0x00000000       0x38 .\ARM_GCC_541\Debug\UART_Tx010.a(CyLib.o)
 .text.CyIntGetState
                0x00000000       0x44 .\ARM_GCC_541\Debug\UART_Tx010.a(CyLib.o)
 .text.CySysTickStart
                0x00000000       0x24 .\ARM_GCC_541\Debug\UART_Tx010.a(CyLib.o)
 .text.CySysTickInit
                0x00000000       0x6c .\ARM_GCC_541\Debug\UART_Tx010.a(CyLib.o)
 .text.CySysTickEnable
                0x00000000       0x1c .\ARM_GCC_541\Debug\UART_Tx010.a(CyLib.o)
 .text.CySysTickStop
                0x00000000       0x1c .\ARM_GCC_541\Debug\UART_Tx010.a(CyLib.o)
 .text.CySysTickEnableInterrupt
                0x00000000       0x1c .\ARM_GCC_541\Debug\UART_Tx010.a(CyLib.o)
 .text.CySysTickDisableInterrupt
                0x00000000       0x1c .\ARM_GCC_541\Debug\UART_Tx010.a(CyLib.o)
 .text.CySysTickSetReload
                0x00000000       0x20 .\ARM_GCC_541\Debug\UART_Tx010.a(CyLib.o)
 .text.CySysTickGetReload
                0x00000000       0x18 .\ARM_GCC_541\Debug\UART_Tx010.a(CyLib.o)
 .text.CySysTickGetValue
                0x00000000       0x18 .\ARM_GCC_541\Debug\UART_Tx010.a(CyLib.o)
 .text.CySysTickSetClockSource
                0x00000000       0x38 .\ARM_GCC_541\Debug\UART_Tx010.a(CyLib.o)
 .text.CySysTickGetClockSource
                0x00000000       0x1c .\ARM_GCC_541\Debug\UART_Tx010.a(CyLib.o)
 .text.CySysTickGetCountFlag
                0x00000000       0x1c .\ARM_GCC_541\Debug\UART_Tx010.a(CyLib.o)
 .text.CySysTickClear
                0x00000000       0x18 .\ARM_GCC_541\Debug\UART_Tx010.a(CyLib.o)
 .text.CySysTickSetCallback
                0x00000000       0x30 .\ARM_GCC_541\Debug\UART_Tx010.a(CyLib.o)
 .text.CySysTickGetCallback
                0x00000000       0x20 .\ARM_GCC_541\Debug\UART_Tx010.a(CyLib.o)
 .text.CySysTickServiceCallbacks
                0x00000000       0x44 .\ARM_GCC_541\Debug\UART_Tx010.a(CyLib.o)
 .text.CyGetUniqueId
                0x00000000       0xc4 .\ARM_GCC_541\Debug\UART_Tx010.a(CyLib.o)
 .text          0x00000000        0x0 .\ARM_GCC_541\Debug\UART_Tx010.a(cyPm.o)
 .data          0x00000000        0x0 .\ARM_GCC_541\Debug\UART_Tx010.a(cyPm.o)
 .bss           0x00000000       0x43 .\ARM_GCC_541\Debug\UART_Tx010.a(cyPm.o)
 .rodata        0x00000000        0xf .\ARM_GCC_541\Debug\UART_Tx010.a(cyPm.o)
 .text.CyPmSaveClocks
                0x00000000      0x288 .\ARM_GCC_541\Debug\UART_Tx010.a(cyPm.o)
 .text.CyPmRestoreClocks
                0x00000000      0x2f0 .\ARM_GCC_541\Debug\UART_Tx010.a(cyPm.o)
 .text.CyPmAltAct
                0x00000000       0xbc .\ARM_GCC_541\Debug\UART_Tx010.a(cyPm.o)
 .text.CyPmSleep
                0x00000000      0x170 .\ARM_GCC_541\Debug\UART_Tx010.a(cyPm.o)
 .text.CyPmHibernate
                0x00000000       0x10 .\ARM_GCC_541\Debug\UART_Tx010.a(cyPm.o)
 .text.CyPmHibernateEx
                0x00000000      0x158 .\ARM_GCC_541\Debug\UART_Tx010.a(cyPm.o)
 .text.CyPmReadStatus
                0x00000000       0x5c .\ARM_GCC_541\Debug\UART_Tx010.a(cyPm.o)
 .text.CyPmHibSaveSet
                0x00000000       0xe8 .\ARM_GCC_541\Debug\UART_Tx010.a(cyPm.o)
 .text.CyPmHibRestore
                0x00000000       0x78 .\ARM_GCC_541\Debug\UART_Tx010.a(cyPm.o)
 .text.CyPmCtwSetInterval
                0x00000000       0x94 .\ARM_GCC_541\Debug\UART_Tx010.a(cyPm.o)
 .text.CyPmOppsSet
                0x00000000       0x44 .\ARM_GCC_541\Debug\UART_Tx010.a(cyPm.o)
 .text.CyPmFtwSetInterval
                0x00000000       0x94 .\ARM_GCC_541\Debug\UART_Tx010.a(cyPm.o)
 .text.CyPmHibSlpSaveSet
                0x00000000      0x280 .\ARM_GCC_541\Debug\UART_Tx010.a(cyPm.o)
 .text.CyPmHibSlpRestore
                0x00000000      0x18c .\ARM_GCC_541\Debug\UART_Tx010.a(cyPm.o)
 .text.CyPmHviLviSaveDisable
                0x00000000       0xd8 .\ARM_GCC_541\Debug\UART_Tx010.a(cyPm.o)
 .text.CyPmHviLviRestore
                0x00000000       0x58 .\ARM_GCC_541\Debug\UART_Tx010.a(cyPm.o)
 .data          0x00000000        0x0 .\ARM_GCC_541\Debug\UART_Tx010.a(CyBootAsmGnu.o)
 .bss           0x00000000        0x0 .\ARM_GCC_541\Debug\UART_Tx010.a(CyBootAsmGnu.o)
 .text          0x00000000        0x0 .\ARM_GCC_541\Debug\UART_Tx010.a(CyFlash.o)
 .data          0x00000000        0x0 .\ARM_GCC_541\Debug\UART_Tx010.a(CyFlash.o)
 .bss           0x00000000        0x4 .\ARM_GCC_541\Debug\UART_Tx010.a(CyFlash.o)
 .text.CyFlash_Start
                0x00000000       0x8c .\ARM_GCC_541\Debug\UART_Tx010.a(CyFlash.o)
 .text.CyFlash_Stop
                0x00000000       0x48 .\ARM_GCC_541\Debug\UART_Tx010.a(CyFlash.o)
 .text.CyFlash_EraseRow
                0x00000000       0xb0 .\ARM_GCC_541\Debug\UART_Tx010.a(CyFlash.o)
 .text.CySetTempInt
                0x00000000       0x7c .\ARM_GCC_541\Debug\UART_Tx010.a(CyFlash.o)
 .text.CyFlashGetSpcAlgorithm
                0x00000000       0x70 .\ARM_GCC_541\Debug\UART_Tx010.a(CyFlash.o)
 .text.CySetTemp
                0x00000000       0x24 .\ARM_GCC_541\Debug\UART_Tx010.a(CyFlash.o)
 .text.CySetFlashEEBuffer
                0x00000000       0x54 .\ARM_GCC_541\Debug\UART_Tx010.a(CyFlash.o)
 .text.CyWriteRowData
                0x00000000       0x38 .\ARM_GCC_541\Debug\UART_Tx010.a(CyFlash.o)
 .text.CyWriteRowConfig
                0x00000000       0x28 .\ARM_GCC_541\Debug\UART_Tx010.a(CyFlash.o)
 .text.CyWriteRowFull
                0x00000000      0x154 .\ARM_GCC_541\Debug\UART_Tx010.a(CyFlash.o)
 .text.CyFlash_SetWaitCycles
                0x00000000       0xbc .\ARM_GCC_541\Debug\UART_Tx010.a(CyFlash.o)
 .text.CyEEPROM_Start
                0x00000000       0x8c .\ARM_GCC_541\Debug\UART_Tx010.a(CyFlash.o)
 .text.CyEEPROM_Stop
                0x00000000       0x48 .\ARM_GCC_541\Debug\UART_Tx010.a(CyFlash.o)
 .text.CyEEPROM_ReadReserve
                0x00000000       0x30 .\ARM_GCC_541\Debug\UART_Tx010.a(CyFlash.o)
 .text.CyEEPROM_ReadRelease
                0x00000000       0x20 .\ARM_GCC_541\Debug\UART_Tx010.a(CyFlash.o)
 COMMON         0x00000000        0x2 .\ARM_GCC_541\Debug\UART_Tx010.a(CyFlash.o)
 .text          0x00000000        0x0 .\ARM_GCC_541\Debug\UART_Tx010.a(CySpc.o)
 .data          0x00000000        0x0 .\ARM_GCC_541\Debug\UART_Tx010.a(CySpc.o)
 .bss           0x00000000        0x8 .\ARM_GCC_541\Debug\UART_Tx010.a(CySpc.o)
 .text.CySpcStart
                0x00000000       0x48 .\ARM_GCC_541\Debug\UART_Tx010.a(CySpc.o)
 .text.CySpcStop
                0x00000000       0x48 .\ARM_GCC_541\Debug\UART_Tx010.a(CySpc.o)
 .text.CySpcReadData
                0x00000000       0x54 .\ARM_GCC_541\Debug\UART_Tx010.a(CySpc.o)
 .text.CySpcLoadMultiByte
                0x00000000       0xd0 .\ARM_GCC_541\Debug\UART_Tx010.a(CySpc.o)
 .text.CySpcLoadRow
                0x00000000       0x88 .\ARM_GCC_541\Debug\UART_Tx010.a(CySpc.o)
 .text.CySpcLoadRowFull
                0x00000000      0x104 .\ARM_GCC_541\Debug\UART_Tx010.a(CySpc.o)
 .text.CySpcWriteRow
                0x00000000       0x98 .\ARM_GCC_541\Debug\UART_Tx010.a(CySpc.o)
 .text.CySpcEraseSector
                0x00000000       0x70 .\ARM_GCC_541\Debug\UART_Tx010.a(CySpc.o)
 .text.CySpcEraseRow
                0x00000000       0x98 .\ARM_GCC_541\Debug\UART_Tx010.a(CySpc.o)
 .text.CySpcGetTemp
                0x00000000       0x64 .\ARM_GCC_541\Debug\UART_Tx010.a(CySpc.o)
 .text.CySpcLock
                0x00000000       0x68 .\ARM_GCC_541\Debug\UART_Tx010.a(CySpc.o)
 .text.CySpcUnlock
                0x00000000       0x50 .\ARM_GCC_541\Debug\UART_Tx010.a(CySpc.o)
 .text.CySpcGetAlgorithm
                0x00000000       0x44 .\ARM_GCC_541\Debug\UART_Tx010.a(CySpc.o)
 .text          0x00000000        0x0 c:/program files (x86)/cypress/psoc creator/4.2/psoc creator/import/gnu/arm/5.4.1/bin/../lib/gcc/arm-none-eabi/5.4.1/../../../../arm-none-eabi/lib/armv7-m\libg_nano.a(lib_a-errno.o)
 .data          0x00000000        0x0 c:/program files (x86)/cypress/psoc creator/4.2/psoc creator/import/gnu/arm/5.4.1/bin/../lib/gcc/arm-none-eabi/5.4.1/../../../../arm-none-eabi/lib/armv7-m\libg_nano.a(lib_a-errno.o)
 .bss           0x00000000        0x0 c:/program files (x86)/cypress/psoc creator/4.2/psoc creator/import/gnu/arm/5.4.1/bin/../lib/gcc/arm-none-eabi/5.4.1/../../../../arm-none-eabi/lib/armv7-m\libg_nano.a(lib_a-errno.o)
 .text          0x00000000        0x0 c:/program files (x86)/cypress/psoc creator/4.2/psoc creator/import/gnu/arm/5.4.1/bin/../lib/gcc/arm-none-eabi/5.4.1/../../../../arm-none-eabi/lib/armv7-m\libg_nano.a(lib_a-exit.o)
 .data          0x00000000        0x0 c:/program files (x86)/cypress/psoc creator/4.2/psoc creator/import/gnu/arm/5.4.1/bin/../lib/gcc/arm-none-eabi/5.4.1/../../../../arm-none-eabi/lib/armv7-m\libg_nano.a(lib_a-exit.o)
 .bss           0x00000000        0x0 c:/program files (x86)/cypress/psoc creator/4.2/psoc creator/import/gnu/arm/5.4.1/bin/../lib/gcc/arm-none-eabi/5.4.1/../../../../arm-none-eabi/lib/armv7-m\libg_nano.a(lib_a-exit.o)
 .text.exit     0x00000000       0x28 c:/program files (x86)/cypress/psoc creator/4.2/psoc creator/import/gnu/arm/5.4.1/bin/../lib/gcc/arm-none-eabi/5.4.1/../../../../arm-none-eabi/lib/armv7-m\libg_nano.a(lib_a-exit.o)
 .text          0x00000000        0x0 c:/program files (x86)/cypress/psoc creator/4.2/psoc creator/import/gnu/arm/5.4.1/bin/../lib/gcc/arm-none-eabi/5.4.1/../../../../arm-none-eabi/lib/armv7-m\libg_nano.a(lib_a-impure.o)
 .data          0x00000000        0x0 c:/program files (x86)/cypress/psoc creator/4.2/psoc creator/import/gnu/arm/5.4.1/bin/../lib/gcc/arm-none-eabi/5.4.1/../../../../arm-none-eabi/lib/armv7-m\libg_nano.a(lib_a-impure.o)
 .bss           0x00000000        0x0 c:/program files (x86)/cypress/psoc creator/4.2/psoc creator/import/gnu/arm/5.4.1/bin/../lib/gcc/arm-none-eabi/5.4.1/../../../../arm-none-eabi/lib/armv7-m\libg_nano.a(lib_a-impure.o)
 .rodata._global_impure_ptr
                0x00000000        0x4 c:/program files (x86)/cypress/psoc creator/4.2/psoc creator/import/gnu/arm/5.4.1/bin/../lib/gcc/arm-none-eabi/5.4.1/../../../../arm-none-eabi/lib/armv7-m\libg_nano.a(lib_a-impure.o)
 .text          0x00000000        0x0 c:/program files (x86)/cypress/psoc creator/4.2/psoc creator/import/gnu/arm/5.4.1/bin/../lib/gcc/arm-none-eabi/5.4.1/../../../../arm-none-eabi/lib/armv7-m\libg_nano.a(lib_a-init.o)
 .data          0x00000000        0x0 c:/program files (x86)/cypress/psoc creator/4.2/psoc creator/import/gnu/arm/5.4.1/bin/../lib/gcc/arm-none-eabi/5.4.1/../../../../arm-none-eabi/lib/armv7-m\libg_nano.a(lib_a-init.o)
 .bss           0x00000000        0x0 c:/program files (x86)/cypress/psoc creator/4.2/psoc creator/import/gnu/arm/5.4.1/bin/../lib/gcc/arm-none-eabi/5.4.1/../../../../arm-none-eabi/lib/armv7-m\libg_nano.a(lib_a-init.o)
 .text          0x00000000        0x0 c:/program files (x86)/cypress/psoc creator/4.2/psoc creator/import/gnu/arm/5.4.1/bin/../lib/gcc/arm-none-eabi/5.4.1/../../../../arm-none-eabi/lib/armv7-m\libg_nano.a(lib_a-memcpy-stub.o)
 .data          0x00000000        0x0 c:/program files (x86)/cypress/psoc creator/4.2/psoc creator/import/gnu/arm/5.4.1/bin/../lib/gcc/arm-none-eabi/5.4.1/../../../../arm-none-eabi/lib/armv7-m\libg_nano.a(lib_a-memcpy-stub.o)
 .bss           0x00000000        0x0 c:/program files (x86)/cypress/psoc creator/4.2/psoc creator/import/gnu/arm/5.4.1/bin/../lib/gcc/arm-none-eabi/5.4.1/../../../../arm-none-eabi/lib/armv7-m\libg_nano.a(lib_a-memcpy-stub.o)
 .text          0x00000000        0x0 c:/program files (x86)/cypress/psoc creator/4.2/psoc creator/import/gnu/arm/5.4.1/bin/../lib/gcc/arm-none-eabi/5.4.1/../../../../arm-none-eabi/lib/armv7-m\libg_nano.a(lib_a-memset.o)
 .data          0x00000000        0x0 c:/program files (x86)/cypress/psoc creator/4.2/psoc creator/import/gnu/arm/5.4.1/bin/../lib/gcc/arm-none-eabi/5.4.1/../../../../arm-none-eabi/lib/armv7-m\libg_nano.a(lib_a-memset.o)
 .bss           0x00000000        0x0 c:/program files (x86)/cypress/psoc creator/4.2/psoc creator/import/gnu/arm/5.4.1/bin/../lib/gcc/arm-none-eabi/5.4.1/../../../../arm-none-eabi/lib/armv7-m\libg_nano.a(lib_a-memset.o)
 .text          0x00000000        0x0 c:/program files (x86)/cypress/psoc creator/4.2/psoc creator/import/gnu/arm/5.4.1/bin/../lib/gcc/arm-none-eabi/5.4.1/armv7-m/crtend.o
 .data          0x00000000        0x0 c:/program files (x86)/cypress/psoc creator/4.2/psoc creator/import/gnu/arm/5.4.1/bin/../lib/gcc/arm-none-eabi/5.4.1/armv7-m/crtend.o
 .bss           0x00000000        0x0 c:/program files (x86)/cypress/psoc creator/4.2/psoc creator/import/gnu/arm/5.4.1/bin/../lib/gcc/arm-none-eabi/5.4.1/armv7-m/crtend.o
 .text          0x00000000        0x0 c:/program files (x86)/cypress/psoc creator/4.2/psoc creator/import/gnu/arm/5.4.1/bin/../lib/gcc/arm-none-eabi/5.4.1/armv7-m/crtn.o
 .data          0x00000000        0x0 c:/program files (x86)/cypress/psoc creator/4.2/psoc creator/import/gnu/arm/5.4.1/bin/../lib/gcc/arm-none-eabi/5.4.1/armv7-m/crtn.o
 .bss           0x00000000        0x0 c:/program files (x86)/cypress/psoc creator/4.2/psoc creator/import/gnu/arm/5.4.1/bin/../lib/gcc/arm-none-eabi/5.4.1/armv7-m/crtn.o

Memory Configuration

Name             Origin             Length             Attributes
rom              0x00000000         0x00040000         xr
ram              0x1fff8000         0x00010000         xrw
*default*        0x00000000         0xffffffff

Linker script and memory map

LOAD c:/program files (x86)/cypress/psoc creator/4.2/psoc creator/import/gnu/arm/5.4.1/bin/../lib/gcc/arm-none-eabi/5.4.1/armv7-m/crti.o
LOAD c:/program files (x86)/cypress/psoc creator/4.2/psoc creator/import/gnu/arm/5.4.1/bin/../lib/gcc/arm-none-eabi/5.4.1/armv7-m/crtbegin.o
LOAD c:/program files (x86)/cypress/psoc creator/4.2/psoc creator/import/gnu/arm/5.4.1/bin/../lib/gcc/arm-none-eabi/5.4.1/../../../../arm-none-eabi/lib/armv7-m/crt0.o
START GROUP
LOAD .\ARM_GCC_541\Debug\main.o
LOAD .\ARM_GCC_541\Debug\cyfitter_cfg.o
LOAD .\ARM_GCC_541\Debug\cymetadata.o
LOAD .\ARM_GCC_541\Debug\Cm3Start.o
LOAD .\ARM_GCC_541\Debug\UART_Tx010.a
LOAD C:\Program Files (x86)\Cypress\PSoC Creator\4.2\PSoC Creator\psoc\content\cycomponentlibrary\CyComponentLibrary.cylib\CortexM3\ARM_GCC_541\Debug\CyComponentLibrary.a
END GROUP
START GROUP
LOAD c:/program files (x86)/cypress/psoc creator/4.2/psoc creator/import/gnu/arm/5.4.1/bin/../lib/gcc/arm-none-eabi/5.4.1/armv7-m\libgcc.a
LOAD c:/program files (x86)/cypress/psoc creator/4.2/psoc creator/import/gnu/arm/5.4.1/bin/../lib/gcc/arm-none-eabi/5.4.1/../../../../arm-none-eabi/lib/armv7-m\libg_nano.a
LOAD c:/program files (x86)/cypress/psoc creator/4.2/psoc creator/import/gnu/arm/5.4.1/bin/../lib/gcc/arm-none-eabi/5.4.1/../../../../arm-none-eabi/lib/armv7-m\libc_nano.a
END GROUP
START GROUP
LOAD c:/program files (x86)/cypress/psoc creator/4.2/psoc creator/import/gnu/arm/5.4.1/bin/../lib/gcc/arm-none-eabi/5.4.1/armv7-m\libgcc.a
LOAD c:/program files (x86)/cypress/psoc creator/4.2/psoc creator/import/gnu/arm/5.4.1/bin/../lib/gcc/arm-none-eabi/5.4.1/../../../../arm-none-eabi/lib/armv7-m\libc_nano.a
END GROUP
LOAD c:/program files (x86)/cypress/psoc creator/4.2/psoc creator/import/gnu/arm/5.4.1/bin/../lib/gcc/arm-none-eabi/5.4.1/armv7-m/crtend.o
LOAD c:/program files (x86)/cypress/psoc creator/4.2/psoc creator/import/gnu/arm/5.4.1/bin/../lib/gcc/arm-none-eabi/5.4.1/armv7-m/crtn.o
START GROUP
LOAD c:/program files (x86)/cypress/psoc creator/4.2/psoc creator/import/gnu/arm/5.4.1/bin/../lib/gcc/arm-none-eabi/5.4.1/armv7-m\libgcc.a
LOAD c:/program files (x86)/cypress/psoc creator/4.2/psoc creator/import/gnu/arm/5.4.1/bin/../lib/gcc/arm-none-eabi/5.4.1/../../../../arm-none-eabi/lib/armv7-m\libc.a
LOAD c:/program files (x86)/cypress/psoc creator/4.2/psoc creator/import/gnu/arm/5.4.1/bin/../lib/gcc/arm-none-eabi/5.4.1/../../../../arm-none-eabi/lib/armv7-m\libnosys.a
END GROUP
                0x00000000                CY_APPL_ORIGIN = 0x0
                0x00000100                CY_FLASH_ROW_SIZE = 0x100
                0x00000020                CY_ECC_ROW_SIZE = 0x20
                0x00000000                CY_EE_IN_BTLDR = 0x0
                0x00000000                CY_APPL_LOADABLE = 0x0
                0x00000800                CY_EE_SIZE = 0x800
                0x00000001                CY_APPL_NUM = 0x1
                0x00000001                CY_APPL_MAX = 0x1
                0x00000040                CY_METADATA_SIZE = 0x40
                0x00000000                CY_APPL_LOADABLE = 0x0
                0x00000000                CY_CHECKSUM_EXCLUDE_SIZE = ALIGN (0x0, CY_FLASH_ROW_SIZE)
                [!provide]                PROVIDE (__cy_heap_start, _end)
                0x00000001                PROVIDE (__cy_region_num, ((__cy_regions_end - __cy_regions) / 0x10))
                0x20008000                PROVIDE (__cy_stack, (ORIGIN (ram) + LENGTH (ram)))
                [!provide]                PROVIDE (__cy_heap_end, (__cy_stack - 0x800))

.cybootloader   0x00000000        0x0
 *(.cybootloader)
                0x00000000                appl1_start = CY_APPL_ORIGIN?CY_APPL_ORIGIN:ALIGN (CY_FLASH_ROW_SIZE)
                0x0001ff00                appl2_start = (appl1_start + ALIGN ((((LENGTH (rom) - appl1_start) - (0x2 * CY_FLASH_ROW_SIZE)) / 0x2), CY_FLASH_ROW_SIZE))
                0x00000000                appl_start = (CY_APPL_NUM == 0x1)?appl1_start:appl2_start
                0x00000000                ecc_offset = ((appl_start / CY_FLASH_ROW_SIZE) * CY_ECC_ROW_SIZE)
                0x00000000                ee_offset = (CY_APPL_LOADABLE && ! (CY_EE_IN_BTLDR))?((CY_EE_SIZE / CY_APPL_MAX) * (CY_APPL_NUM - 0x1)):0x0
                0x00000800                ee_size = (CY_APPL_LOADABLE && ! (CY_EE_IN_BTLDR))?(CY_EE_SIZE / CY_APPL_MAX):CY_EE_SIZE
                [!provide]                PROVIDE (CY_ECC_OFFSET, ecc_offset)

.text           0x00000000      0xc62
 CREATE_OBJECT_SYMBOLS
                0x00000000                PROVIDE (__cy_interrupt_vector, RomVectors)
 *(.romvectors)
 .romvectors    0x00000000       0x10 .\ARM_GCC_541\Debug\Cm3Start.o
                0x00000000                RomVectors
                0x00000001                ASSERT ((. != __cy_interrupt_vector), No interrupt vector)
                0x00000001                ASSERT (CY_APPL_ORIGIN?(SIZEOF (.cybootloader) <= CY_APPL_ORIGIN):0x1, Wrong image location)
                0x00000010                PROVIDE (__cy_reset, Reset)
 *(.text.Reset)
 .text.Reset    0x00000010       0x18 .\ARM_GCC_541\Debug\Cm3Start.o
                0x00000010                Reset
                0x00000001                ASSERT ((. != __cy_reset), No reset code)
 *(.dma_init)
                0x00000001                ASSERT ((((appl_start + .) <= 0x10000) || 0x1), DMA Init must be within the first 64k of flash)
 *(.text .text.* .gnu.linkonce.t.*)
 .text          0x00000028       0x5c c:/program files (x86)/cypress/psoc creator/4.2/psoc creator/import/gnu/arm/5.4.1/bin/../lib/gcc/arm-none-eabi/5.4.1/armv7-m/crtbegin.o
 .text.main     0x00000084       0x80 .\ARM_GCC_541\Debug\main.o
                0x00000084                main
 .text.CYMEMZERO
                0x00000104       0x1c .\ARM_GCC_541\Debug\cyfitter_cfg.o
 .text.CYCONFIGCPY
                0x00000120       0x20 .\ARM_GCC_541\Debug\cyfitter_cfg.o
 .text.CYCONFIGCPYCODE
                0x00000140       0x20 .\ARM_GCC_541\Debug\cyfitter_cfg.o
 .text.CyClockStartupError
                0x00000160        0xc .\ARM_GCC_541\Debug\cyfitter_cfg.o
 .text.cfg_write_bytes32
                0x0000016c       0x74 .\ARM_GCC_541\Debug\cyfitter_cfg.o
 .text.ClockSetup
                0x000001e0      0x100 .\ARM_GCC_541\Debug\cyfitter_cfg.o
 .text.AnalogSetDefault
                0x000002e0       0x44 .\ARM_GCC_541\Debug\cyfitter_cfg.o
 .text.cyfitter_cfg
                0x00000324      0x138 .\ARM_GCC_541\Debug\cyfitter_cfg.o
                0x00000324                cyfitter_cfg
 .text.IntDefaultHandler
                0x0000045c       0x14 .\ARM_GCC_541\Debug\Cm3Start.o
                0x0000045c                IntDefaultHandler
 .text.Start_c  0x00000470       0x98 .\ARM_GCC_541\Debug\Cm3Start.o
                0x00000470                Start_c
 .text.initialize_psoc
                0x00000508       0x90 .\ARM_GCC_541\Debug\Cm3Start.o
                0x00000508                initialize_psoc
 .text.UART_1_Start
                0x00000598       0x24 .\ARM_GCC_541\Debug\UART_Tx010.a(UART_1.o)
                0x00000598                UART_1_Start
 .text.UART_1_Init
                0x000005bc       0x20 .\ARM_GCC_541\Debug\UART_Tx010.a(UART_1.o)
                0x000005bc                UART_1_Init
 .text.UART_1_Enable
                0x000005dc       0x48 .\ARM_GCC_541\Debug\UART_Tx010.a(UART_1.o)
                0x000005dc                UART_1_Enable
 .text.UART_1_WriteTxData
                0x00000624       0x2c .\ARM_GCC_541\Debug\UART_Tx010.a(UART_1.o)
                0x00000624                UART_1_WriteTxData
 .text.LCD_Char_1_Init
                0x00000650       0x70 .\ARM_GCC_541\Debug\UART_Tx010.a(LCD_Char_1.o)
                0x00000650                LCD_Char_1_Init
 .text.LCD_Char_1_Enable
                0x000006c0       0x18 .\ARM_GCC_541\Debug\UART_Tx010.a(LCD_Char_1.o)
                0x000006c0                LCD_Char_1_Enable
 .text.LCD_Char_1_Start
                0x000006d8       0x24 .\ARM_GCC_541\Debug\UART_Tx010.a(LCD_Char_1.o)
                0x000006d8                LCD_Char_1_Start
 .text.LCD_Char_1_Position
                0x000006fc       0x70 .\ARM_GCC_541\Debug\UART_Tx010.a(LCD_Char_1.o)
                0x000006fc                LCD_Char_1_Position
 .text.LCD_Char_1_PutChar
                0x0000076c       0x1c .\ARM_GCC_541\Debug\UART_Tx010.a(LCD_Char_1.o)
                0x0000076c                LCD_Char_1_PutChar
 .text.LCD_Char_1_WriteData
                0x00000788       0x34 .\ARM_GCC_541\Debug\UART_Tx010.a(LCD_Char_1.o)
                0x00000788                LCD_Char_1_WriteData
 .text.LCD_Char_1_WriteControl
                0x000007bc       0x34 .\ARM_GCC_541\Debug\UART_Tx010.a(LCD_Char_1.o)
                0x000007bc                LCD_Char_1_WriteControl
 .text.LCD_Char_1_IsReady
                0x000007f0      0x178 .\ARM_GCC_541\Debug\UART_Tx010.a(LCD_Char_1.o)
                0x000007f0                LCD_Char_1_IsReady
 .text.LCD_Char_1_WrDatNib
                0x00000968       0x78 .\ARM_GCC_541\Debug\UART_Tx010.a(LCD_Char_1.o)
 .text.LCD_Char_1_WrCntrlNib
                0x000009e0       0x64 .\ARM_GCC_541\Debug\UART_Tx010.a(LCD_Char_1.o)
 .text.LCD_Char_1_PrintInt8
                0x00000a44       0x38 .\ARM_GCC_541\Debug\UART_Tx010.a(LCD_Char_1.o)
                0x00000a44                LCD_Char_1_PrintInt8
 .text.isr_1_Start
                0x00000a7c       0x20 .\ARM_GCC_541\Debug\UART_Tx010.a(isr_1.o)
                0x00000a7c                isr_1_Start
 .text.isr_1_Interrupt
                0x00000a9c        0xc .\ARM_GCC_541\Debug\UART_Tx010.a(isr_1.o)
                0x00000a9c                isr_1_Interrupt
 .text.isr_1_SetVector
                0x00000aa8       0x24 .\ARM_GCC_541\Debug\UART_Tx010.a(isr_1.o)
                0x00000aa8                isr_1_SetVector
 .text.isr_1_SetPriority
                0x00000acc       0x24 .\ARM_GCC_541\Debug\UART_Tx010.a(isr_1.o)
                0x00000acc                isr_1_SetPriority
 .text.isr_1_Enable
                0x00000af0       0x18 .\ARM_GCC_541\Debug\UART_Tx010.a(isr_1.o)
                0x00000af0                isr_1_Enable
 .text.isr_1_Disable
                0x00000b08       0x18 .\ARM_GCC_541\Debug\UART_Tx010.a(isr_1.o)
                0x00000b08                isr_1_Disable
 .text.CyDelay  0x00000b20       0x44 .\ARM_GCC_541\Debug\UART_Tx010.a(CyLib.o)
                0x00000b20                CyDelay
 .text.CyDelayUs
                0x00000b64       0x28 .\ARM_GCC_541\Debug\UART_Tx010.a(CyLib.o)
                0x00000b64                CyDelayUs
 *fill*         0x00000b8c        0x4 
 .text          0x00000b90       0x54 .\ARM_GCC_541\Debug\UART_Tx010.a(CyBootAsmGnu.o)
                0x00000b90                CyDelayCycles
                0x00000bce                CyEnterCriticalSection
                0x00000bd6                CyExitCriticalSection
 .text.__errno  0x00000be4        0xc c:/program files (x86)/cypress/psoc creator/4.2/psoc creator/import/gnu/arm/5.4.1/bin/../lib/gcc/arm-none-eabi/5.4.1/../../../../arm-none-eabi/lib/armv7-m\libg_nano.a(lib_a-errno.o)
                0x00000be4                __errno
 .text.__libc_init_array
                0x00000bf0       0x4c c:/program files (x86)/cypress/psoc creator/4.2/psoc creator/import/gnu/arm/5.4.1/bin/../lib/gcc/arm-none-eabi/5.4.1/../../../../arm-none-eabi/lib/armv7-m\libg_nano.a(lib_a-init.o)
                0x00000bf0                __libc_init_array
 .text.memcpy   0x00000c3c       0x16 c:/program files (x86)/cypress/psoc creator/4.2/psoc creator/import/gnu/arm/5.4.1/bin/../lib/gcc/arm-none-eabi/5.4.1/../../../../arm-none-eabi/lib/armv7-m\libg_nano.a(lib_a-memcpy-stub.o)
                0x00000c3c                memcpy
 .text.memset   0x00000c52       0x10 c:/program files (x86)/cypress/psoc creator/4.2/psoc creator/import/gnu/arm/5.4.1/bin/../lib/gcc/arm-none-eabi/5.4.1/../../../../arm-none-eabi/lib/armv7-m\libg_nano.a(lib_a-memset.o)
                0x00000c52                memset
 *(.plt)
 *(.gnu.warning)
 *(.glue_7t)
 .glue_7t       0x00000c62        0x0 linker stubs
 *(.glue_7)
 .glue_7        0x00000c62        0x0 linker stubs
 *(.vfp11_veneer)
 .vfp11_veneer  0x00000c62        0x0 linker stubs
 *(.bootloader)
 *(.ARM.extab* .gnu.linkonce.armextab.*)
 *(.gcc_except_table)

.v4_bx          0x00000c64        0x0
 .v4_bx         0x00000c64        0x0 linker stubs

.iplt           0x00000c64        0x0
 .iplt          0x00000c64        0x0 c:/program files (x86)/cypress/psoc creator/4.2/psoc creator/import/gnu/arm/5.4.1/bin/../lib/gcc/arm-none-eabi/5.4.1/armv7-m/crtbegin.o

.eh_frame_hdr
 *(.eh_frame_hdr)

.eh_frame       0x00000c64        0x4
 *(.eh_frame)
 .eh_frame      0x00000c64        0x0 c:/program files (x86)/cypress/psoc creator/4.2/psoc creator/import/gnu/arm/5.4.1/bin/../lib/gcc/arm-none-eabi/5.4.1/armv7-m/crtbegin.o
 .eh_frame      0x00000c64        0x4 c:/program files (x86)/cypress/psoc creator/4.2/psoc creator/import/gnu/arm/5.4.1/bin/../lib/gcc/arm-none-eabi/5.4.1/armv7-m/crtend.o
                [!provide]                PROVIDE (__exidx_start, .)

.ARM.exidx
 *(.ARM.exidx* .gnu.linkonce.armexidx.*)
                0x00000c68                __exidx_end = .

.rodata         0x00000c68      0x1e8
 *(.rodata .rodata.* .gnu.linkonce.r.*)
 .rodata        0x00000c68      0x19c .\ARM_GCC_541\Debug\cyfitter_cfg.o
 .rodata        0x00000e04       0x10 .\ARM_GCC_541\Debug\UART_Tx010.a(LCD_Char_1.o)
 .rodata.str1.1
                0x00000e14        0x2 c:/program files (x86)/cypress/psoc creator/4.2/psoc creator/import/gnu/arm/5.4.1/bin/../lib/gcc/arm-none-eabi/5.4.1/../../../../arm-none-eabi/lib/armv7-m\libg_nano.a(lib_a-impure.o)
                0x00000e18                . = ALIGN (0x4)
 *fill*         0x00000e16        0x2 
 *(.init)
 .init          0x00000e18        0x4 c:/program files (x86)/cypress/psoc creator/4.2/psoc creator/import/gnu/arm/5.4.1/bin/../lib/gcc/arm-none-eabi/5.4.1/armv7-m/crti.o
                0x00000e18                _init
 .init          0x00000e1c        0x8 c:/program files (x86)/cypress/psoc creator/4.2/psoc creator/import/gnu/arm/5.4.1/bin/../lib/gcc/arm-none-eabi/5.4.1/armv7-m/crtn.o
                0x00000e24                . = ALIGN (0x4)
                0x00000e24                __preinit_array_start = .
 *(.preinit_array)
                0x00000e24                __preinit_array_end = .
                0x00000e24                . = ALIGN (0x4)
                0x00000e24                __init_array_start = .
 *(SORT(.init_array.*))
 *(.init_array)
 .init_array    0x00000e24        0x4 c:/program files (x86)/cypress/psoc creator/4.2/psoc creator/import/gnu/arm/5.4.1/bin/../lib/gcc/arm-none-eabi/5.4.1/armv7-m/crtbegin.o
 .init_array    0x00000e28        0x4 .\ARM_GCC_541\Debug\Cm3Start.o
                0x00000e2c                __init_array_end = .
                0x00000e2c                . = ALIGN (0x4)
 *(.fini)
 .fini          0x00000e2c        0x4 c:/program files (x86)/cypress/psoc creator/4.2/psoc creator/import/gnu/arm/5.4.1/bin/../lib/gcc/arm-none-eabi/5.4.1/armv7-m/crti.o
                0x00000e2c                _fini
 .fini          0x00000e30        0x8 c:/program files (x86)/cypress/psoc creator/4.2/psoc creator/import/gnu/arm/5.4.1/bin/../lib/gcc/arm-none-eabi/5.4.1/armv7-m/crtn.o
                0x00000e38                . = ALIGN (0x4)
                0x00000e38                __fini_array_start = .
 *(.fini_array)
 .fini_array    0x00000e38        0x4 c:/program files (x86)/cypress/psoc creator/4.2/psoc creator/import/gnu/arm/5.4.1/bin/../lib/gcc/arm-none-eabi/5.4.1/armv7-m/crtbegin.o
 *(SORT(.fini_array.*))
                0x00000e3c                __fini_array_end = .
                0x00000e3c                . = ALIGN (0x4)
 *crtbegin.o(.ctors)
 *(EXCLUDE_FILE(*crtend.o) .ctors)
 *(SORT(.ctors.*))
 *crtend.o(.ctors)
                0x00000e3c                . = ALIGN (0x4)
 *crtbegin.o(.dtors)
 *(EXCLUDE_FILE(*crtend.o) .dtors)
 *(SORT(.dtors.*))
 *crtend.o(.dtors)
                0x00000e3c                . = ALIGN (0x4)
                0x00000e3c                __cy_regions = .
                0x00000e3c        0x4 LONG 0xe50 __cy_region_init_ram
                0x00000e40        0x4 LONG 0x1fff80c8 __cy_region_start_data
                0x00000e44        0x4 LONG 0x78 __cy_region_init_size_ram
                0x00000e48        0x4 LONG 0x20 __cy_region_zero_size_ram
                0x00000e4c                __cy_regions_end = .
                0x00000e50                . = ALIGN (0x8)
 *fill*         0x00000e4c        0x4 
                0x00000e50                _etext = .

.cy_checksum_exclude
                0x00000e50        0x0
 *(.cy_checksum_exclude)

.ramvectors     0x1fff8000       0xc0
                0x1fff8000                __cy_region_start_ram = .
 *(.ramvectors)
 .ramvectors    0x1fff8000       0xc0 .\ARM_GCC_541\Debug\Cm3Start.o
                0x1fff8000                CyRamVectors

.noinit         0x1fff80c0        0x5
 *(.noinit)
 .noinit        0x1fff80c0        0x4 .\ARM_GCC_541\Debug\Cm3Start.o
 .noinit        0x1fff80c4        0x1 .\ARM_GCC_541\Debug\UART_Tx010.a(CyLib.o)
                0x1fff80c4                CyResetStatus

.data           0x1fff80c8       0x78 load address 0x00000e50
                0x1fff80c8                __cy_region_start_data = .
 *(.jcr)
 .jcr           0x1fff80c8        0x0 c:/program files (x86)/cypress/psoc creator/4.2/psoc creator/import/gnu/arm/5.4.1/bin/../lib/gcc/arm-none-eabi/5.4.1/armv7-m/crtbegin.o
 .jcr           0x1fff80c8        0x4 c:/program files (x86)/cypress/psoc creator/4.2/psoc creator/import/gnu/arm/5.4.1/bin/../lib/gcc/arm-none-eabi/5.4.1/armv7-m/crtend.o
 *(.got.plt)
 *(.got)
 *(.shdata)
 *(.data .data.* .gnu.linkonce.d.*)
 .data          0x1fff80cc       0x10 .\ARM_GCC_541\Debug\UART_Tx010.a(CyLib.o)
                0x1fff80cc                cydelay_freq_hz
                0x1fff80d0                cydelay_freq_khz
                0x1fff80d4                cydelay_freq_mhz
                0x1fff80d8                cydelay_32k_ms
 .data.impure_data
                0x1fff80dc       0x60 c:/program files (x86)/cypress/psoc creator/4.2/psoc creator/import/gnu/arm/5.4.1/bin/../lib/gcc/arm-none-eabi/5.4.1/../../../../arm-none-eabi/lib/armv7-m\libg_nano.a(lib_a-impure.o)
 .data._impure_ptr
                0x1fff813c        0x4 c:/program files (x86)/cypress/psoc creator/4.2/psoc creator/import/gnu/arm/5.4.1/bin/../lib/gcc/arm-none-eabi/5.4.1/../../../../arm-none-eabi/lib/armv7-m\libg_nano.a(lib_a-impure.o)
                0x1fff813c                _impure_ptr
                0x1fff8140                . = ALIGN (0x8)
 *(.ram)
                0x1fff8140                _edata = .

.igot.plt       0x1fff8140        0x0 load address 0x00000ec8
 .igot.plt      0x1fff8140        0x0 c:/program files (x86)/cypress/psoc creator/4.2/psoc creator/import/gnu/arm/5.4.1/bin/../lib/gcc/arm-none-eabi/5.4.1/armv7-m/crtbegin.o

.bss            0x1fff8140       0x20 load address 0x00000ec8
                0x1fff8140                PROVIDE (__bss_start__, .)
 *(.shbss)
 *(.bss .bss.* .gnu.linkonce.b.*)
 .bss           0x1fff8140       0x1c c:/program files (x86)/cypress/psoc creator/4.2/psoc creator/import/gnu/arm/5.4.1/bin/../lib/gcc/arm-none-eabi/5.4.1/armv7-m/crtbegin.o
 .bss           0x1fff815c        0x2 .\ARM_GCC_541\Debug\UART_Tx010.a(UART_1.o)
                0x1fff815c                UART_1_initVar
 .bss           0x1fff815e        0x2 .\ARM_GCC_541\Debug\UART_Tx010.a(LCD_Char_1.o)
                0x1fff815e                LCD_Char_1_enableState
                0x1fff815f                LCD_Char_1_initVar
 *(COMMON)
                0x1fff8160                . = ALIGN (0x8)
 *(.ram.b)
                0x1fff8160                _end = .
                0x1fff8160                __end = .
                0x1fff8160                PROVIDE (end, .)
                0x1fff8160                PROVIDE (__bss_end__, .)
                0x00000e50                __cy_region_init_ram = LOADADDR (.data)
                0x00000078                __cy_region_init_size_ram = (_edata - ADDR (.data))
                0x00000020                __cy_region_zero_size_ram = (_end - _edata)

.heap           0x1fff8160       0x80 load address 0x00000ec8
                0x1fff8160                . = _end
                0x1fff81e0                . = (. + 0x80)
 *fill*         0x1fff8160       0x80 
                0x1fff81e0                __cy_heap_limit = .

.stack          0x20007800      0x800
                0x20007800                __cy_stack_limit = .
                0x20008000                . = (. + 0x800)
 *fill*         0x20007800      0x800 
                0x00000001                ASSERT ((__cy_stack_limit >= __cy_heap_limit), region RAM overflowed with stack)
                0x00000000                cy_checksum_exclude_size = (CY_APPL_LOADABLE == 0x1)?SIZEOF (.cy_checksum_exclude):0x0
                0x00000001                ASSERT ((cy_checksum_exclude_size <= CY_CHECKSUM_EXCLUDE_SIZE), CY_BOOT: Section .cy_checksum_exclude size exceedes specified limit.)

.cyloadermeta
 *(.cyloadermeta)

.cyloadablemeta
 *(.cyloadablemeta)

.cyconfigecc    0x80000000        0x1
 *(.cyconfigecc)
 .cyconfigecc   0x80000000        0x1 .\ARM_GCC_541\Debug\cymetadata.o
                0x80000000                cy_meta_configecc

.cycustnvl      0x90000000        0x4
 *(.cycustnvl)
 .cycustnvl     0x90000000        0x4 .\ARM_GCC_541\Debug\cymetadata.o
                0x90000000                cy_meta_custnvl

.cywolatch      0x90100000        0x4
 *(.cywolatch)
 .cywolatch     0x90100000        0x4 .\ARM_GCC_541\Debug\cymetadata.o
                0x90100000                cy_meta_wonvl

.cyeeprom       0x90200000        0x0
 *(.cyeeprom)
                0x00000001                ASSERT ((. <= ((0x90200000 + ee_offset) + ee_size)), .cyeeprom data will not fit in EEPROM)

.cyflashprotect
                0x90400000      0x100
 *(.cyflashprotect)
 .cyflashprotect
                0x90400000      0x100 .\ARM_GCC_541\Debug\cymetadata.o
                0x90400000                cy_meta_flashprotect

.cymeta         0x90500000        0xc
 *(.cymeta)
 .cymeta        0x90500000        0xc .\ARM_GCC_541\Debug\cymetadata.o
                0x90500000                cy_metadata

.rel.dyn        0x00000ec8        0x0 load address 0x9050000c
 .rel.iplt      0x00000ec8        0x0 c:/program files (x86)/cypress/psoc creator/4.2/psoc creator/import/gnu/arm/5.4.1/bin/../lib/gcc/arm-none-eabi/5.4.1/armv7-m/crtbegin.o

.stab
 *(.stab)

.stabstr
 *(.stabstr)

.debug
 *(.debug)

.line
 *(.line)

.debug_srcinfo
 *(.debug_srcinfo)

.debug_sfnames
 *(.debug_sfnames)

.debug_aranges  0x00000000      0x700
 *(.debug_aranges)
 .debug_aranges
                0x00000000       0x20 .\ARM_GCC_541\Debug\main.o
 .debug_aranges
                0x00000020       0x60 .\ARM_GCC_541\Debug\cyfitter_cfg.o
 .debug_aranges
                0x00000080       0x18 .\ARM_GCC_541\Debug\cymetadata.o
 .debug_aranges
                0x00000098       0x48 .\ARM_GCC_541\Debug\Cm3Start.o
 .debug_aranges
                0x000000e0       0xa0 .\ARM_GCC_541\Debug\UART_Tx010.a(UART_1.o)
 .debug_aranges
                0x00000180       0x98 .\ARM_GCC_541\Debug\UART_Tx010.a(LCD_Char_1.o)
 .debug_aranges
                0x00000218       0x80 .\ARM_GCC_541\Debug\UART_Tx010.a(isr_1.o)
 .debug_aranges
                0x00000298      0x2a0 .\ARM_GCC_541\Debug\UART_Tx010.a(CyLib.o)
 .debug_aranges
                0x00000538       0x98 .\ARM_GCC_541\Debug\UART_Tx010.a(cyPm.o)
 .debug_aranges
                0x000005d0       0x20 .\ARM_GCC_541\Debug\UART_Tx010.a(CyBootAsmGnu.o)
 .debug_aranges
                0x000005f0       0x90 .\ARM_GCC_541\Debug\UART_Tx010.a(CyFlash.o)
 .debug_aranges
                0x00000680       0x80 .\ARM_GCC_541\Debug\UART_Tx010.a(CySpc.o)

.debug_pubnames
 *(.debug_pubnames)

.debug_info     0x00000000     0x309d
 *(.debug_info .gnu.linkonce.wi.*)
 .debug_info    0x00000000      0x116 .\ARM_GCC_541\Debug\main.o
 .debug_info    0x00000116      0x456 .\ARM_GCC_541\Debug\cyfitter_cfg.o
 .debug_info    0x0000056c      0x134 .\ARM_GCC_541\Debug\cymetadata.o
 .debug_info    0x000006a0      0x32b .\ARM_GCC_541\Debug\Cm3Start.o
 .debug_info    0x000009cb      0x37f .\ARM_GCC_541\Debug\UART_Tx010.a(UART_1.o)
 .debug_info    0x00000d4a      0x3cf .\ARM_GCC_541\Debug\UART_Tx010.a(LCD_Char_1.o)
 .debug_info    0x00001119      0x241 .\ARM_GCC_541\Debug\UART_Tx010.a(isr_1.o)
 .debug_info    0x0000135a      0xe51 .\ARM_GCC_541\Debug\UART_Tx010.a(CyLib.o)
 .debug_info    0x000021ab      0x57a .\ARM_GCC_541\Debug\UART_Tx010.a(cyPm.o)
 .debug_info    0x00002725       0xa8 .\ARM_GCC_541\Debug\UART_Tx010.a(CyBootAsmGnu.o)
 .debug_info    0x000027cd      0x410 .\ARM_GCC_541\Debug\UART_Tx010.a(CyFlash.o)
 .debug_info    0x00002bdd      0x4c0 .\ARM_GCC_541\Debug\UART_Tx010.a(CySpc.o)

.debug_abbrev   0x00000000      0xe95
 *(.debug_abbrev)
 .debug_abbrev  0x00000000       0xa5 .\ARM_GCC_541\Debug\main.o
 .debug_abbrev  0x000000a5      0x19f .\ARM_GCC_541\Debug\cyfitter_cfg.o
 .debug_abbrev  0x00000244       0x5d .\ARM_GCC_541\Debug\cymetadata.o
 .debug_abbrev  0x000002a1      0x1d6 .\ARM_GCC_541\Debug\Cm3Start.o
 .debug_abbrev  0x00000477      0x149 .\ARM_GCC_541\Debug\UART_Tx010.a(UART_1.o)
 .debug_abbrev  0x000005c0      0x120 .\ARM_GCC_541\Debug\UART_Tx010.a(LCD_Char_1.o)
 .debug_abbrev  0x000006e0      0x172 .\ARM_GCC_541\Debug\UART_Tx010.a(isr_1.o)
 .debug_abbrev  0x00000852      0x217 .\ARM_GCC_541\Debug\UART_Tx010.a(CyLib.o)
 .debug_abbrev  0x00000a69      0x161 .\ARM_GCC_541\Debug\UART_Tx010.a(cyPm.o)
 .debug_abbrev  0x00000bca       0x14 .\ARM_GCC_541\Debug\UART_Tx010.a(CyBootAsmGnu.o)
 .debug_abbrev  0x00000bde      0x14b .\ARM_GCC_541\Debug\UART_Tx010.a(CyFlash.o)
 .debug_abbrev  0x00000d29      0x16c .\ARM_GCC_541\Debug\UART_Tx010.a(CySpc.o)

.debug_line     0x00000000     0x1cec
 *(.debug_line)
 .debug_line    0x00000000      0x19f .\ARM_GCC_541\Debug\main.o
 .debug_line    0x0000019f      0x1f1 .\ARM_GCC_541\Debug\cyfitter_cfg.o
 .debug_line    0x00000390      0x141 .\ARM_GCC_541\Debug\cymetadata.o
 .debug_line    0x000004d1      0x1dc .\ARM_GCC_541\Debug\Cm3Start.o
 .debug_line    0x000006ad      0x1f6 .\ARM_GCC_541\Debug\UART_Tx010.a(UART_1.o)
 .debug_line    0x000008a3      0x1e8 .\ARM_GCC_541\Debug\UART_Tx010.a(LCD_Char_1.o)
 .debug_line    0x00000a8b      0x140 .\ARM_GCC_541\Debug\UART_Tx010.a(isr_1.o)
 .debug_line    0x00000bcb      0x883 .\ARM_GCC_541\Debug\UART_Tx010.a(CyLib.o)
 .debug_line    0x0000144e      0x38e .\ARM_GCC_541\Debug\UART_Tx010.a(cyPm.o)
 .debug_line    0x000017dc       0x7d .\ARM_GCC_541\Debug\UART_Tx010.a(CyBootAsmGnu.o)
 .debug_line    0x00001859      0x242 .\ARM_GCC_541\Debug\UART_Tx010.a(CyFlash.o)
 .debug_line    0x00001a9b      0x251 .\ARM_GCC_541\Debug\UART_Tx010.a(CySpc.o)

.debug_frame    0x00000000     0x1ce0
 *(.debug_frame)
 .debug_frame   0x00000000       0x30 .\ARM_GCC_541\Debug\main.o
 .debug_frame   0x00000030      0x16c .\ARM_GCC_541\Debug\cyfitter_cfg.o
 .debug_frame   0x0000019c       0xd8 .\ARM_GCC_541\Debug\Cm3Start.o
 .debug_frame   0x00000274      0x2a0 .\ARM_GCC_541\Debug\UART_Tx010.a(UART_1.o)
 .debug_frame   0x00000514      0x260 .\ARM_GCC_541\Debug\UART_Tx010.a(LCD_Char_1.o)
 .debug_frame   0x00000774      0x1e8 .\ARM_GCC_541\Debug\UART_Tx010.a(isr_1.o)
 .debug_frame   0x0000095c      0xc0c .\ARM_GCC_541\Debug\UART_Tx010.a(CyLib.o)
 .debug_frame   0x00001568      0x234 .\ARM_GCC_541\Debug\UART_Tx010.a(cyPm.o)
 .debug_frame   0x0000179c      0x260 .\ARM_GCC_541\Debug\UART_Tx010.a(CyFlash.o)
 .debug_frame   0x000019fc      0x228 .\ARM_GCC_541\Debug\UART_Tx010.a(CySpc.o)
 .debug_frame   0x00001c24       0x20 c:/program files (x86)/cypress/psoc creator/4.2/psoc creator/import/gnu/arm/5.4.1/bin/../lib/gcc/arm-none-eabi/5.4.1/../../../../arm-none-eabi/lib/armv7-m\libg_nano.a(lib_a-errno.o)
 .debug_frame   0x00001c44       0x28 c:/program files (x86)/cypress/psoc creator/4.2/psoc creator/import/gnu/arm/5.4.1/bin/../lib/gcc/arm-none-eabi/5.4.1/../../../../arm-none-eabi/lib/armv7-m\libg_nano.a(lib_a-exit.o)
 .debug_frame   0x00001c6c       0x2c c:/program files (x86)/cypress/psoc creator/4.2/psoc creator/import/gnu/arm/5.4.1/bin/../lib/gcc/arm-none-eabi/5.4.1/../../../../arm-none-eabi/lib/armv7-m\libg_nano.a(lib_a-init.o)
 .debug_frame   0x00001c98       0x28 c:/program files (x86)/cypress/psoc creator/4.2/psoc creator/import/gnu/arm/5.4.1/bin/../lib/gcc/arm-none-eabi/5.4.1/../../../../arm-none-eabi/lib/armv7-m\libg_nano.a(lib_a-memcpy-stub.o)
 .debug_frame   0x00001cc0       0x20 c:/program files (x86)/cypress/psoc creator/4.2/psoc creator/import/gnu/arm/5.4.1/bin/../lib/gcc/arm-none-eabi/5.4.1/../../../../arm-none-eabi/lib/armv7-m\libg_nano.a(lib_a-memset.o)

.debug_str      0x00000000     0x179f
 *(.debug_str)
 .debug_str     0x00000000      0x18a .\ARM_GCC_541\Debug\main.o
                                0x1d2 (size before relaxing)
 .debug_str     0x0000018a      0x1b0 .\ARM_GCC_541\Debug\cyfitter_cfg.o
                                0x372 (size before relaxing)
 .debug_str     0x0000033a       0x7f .\ARM_GCC_541\Debug\cymetadata.o
                                0x1fc (size before relaxing)
 .debug_str     0x000003b9      0x123 .\ARM_GCC_541\Debug\Cm3Start.o
                                0x2ef (size before relaxing)
 .debug_str     0x000004dc      0x1de .\ARM_GCC_541\Debug\UART_Tx010.a(UART_1.o)
                                0x388 (size before relaxing)
 .debug_str     0x000006ba      0x1f6 .\ARM_GCC_541\Debug\UART_Tx010.a(LCD_Char_1.o)
                                0x3bd (size before relaxing)
 .debug_str     0x000008b0       0xfe .\ARM_GCC_541\Debug\UART_Tx010.a(isr_1.o)
                                0x2be (size before relaxing)
 .debug_str     0x000009ae      0x7e5 .\ARM_GCC_541\Debug\UART_Tx010.a(CyLib.o)
                                0xa02 (size before relaxing)
 .debug_str     0x00001193      0x371 .\ARM_GCC_541\Debug\UART_Tx010.a(cyPm.o)
                                0x55b (size before relaxing)
 .debug_str     0x00001504      0x16e .\ARM_GCC_541\Debug\UART_Tx010.a(CyFlash.o)
                                0x337 (size before relaxing)
 .debug_str     0x00001672      0x12d .\ARM_GCC_541\Debug\UART_Tx010.a(CySpc.o)
                                0x319 (size before relaxing)

.debug_loc
 *(.debug_loc)

.debug_macinfo
 *(.debug_macinfo)

.debug_ranges   0x00000000      0x628
 *(.debug_ranges)
 .debug_ranges  0x00000000       0x10 .\ARM_GCC_541\Debug\main.o
 .debug_ranges  0x00000010       0x50 .\ARM_GCC_541\Debug\cyfitter_cfg.o
 .debug_ranges  0x00000060       0x38 .\ARM_GCC_541\Debug\Cm3Start.o
 .debug_ranges  0x00000098       0x90 .\ARM_GCC_541\Debug\UART_Tx010.a(UART_1.o)
 .debug_ranges  0x00000128       0x88 .\ARM_GCC_541\Debug\UART_Tx010.a(LCD_Char_1.o)
 .debug_ranges  0x000001b0       0x70 .\ARM_GCC_541\Debug\UART_Tx010.a(isr_1.o)
 .debug_ranges  0x00000220      0x290 .\ARM_GCC_541\Debug\UART_Tx010.a(CyLib.o)
 .debug_ranges  0x000004b0       0x88 .\ARM_GCC_541\Debug\UART_Tx010.a(cyPm.o)
 .debug_ranges  0x00000538       0x80 .\ARM_GCC_541\Debug\UART_Tx010.a(CyFlash.o)
 .debug_ranges  0x000005b8       0x70 .\ARM_GCC_541\Debug\UART_Tx010.a(CySpc.o)

.comment        0x00000000       0x6e
 .comment       0x00000000       0x6e .\ARM_GCC_541\Debug\main.o
                                 0x6f (size before relaxing)
 .comment       0x0000006e       0x6f .\ARM_GCC_541\Debug\cyfitter_cfg.o
 .comment       0x0000006e       0x6f .\ARM_GCC_541\Debug\cymetadata.o
 .comment       0x0000006e       0x6f .\ARM_GCC_541\Debug\Cm3Start.o
 .comment       0x0000006e       0x6f .\ARM_GCC_541\Debug\UART_Tx010.a(UART_1.o)
 .comment       0x0000006e       0x6f .\ARM_GCC_541\Debug\UART_Tx010.a(LCD_Char_1.o)
 .comment       0x0000006e       0x6f .\ARM_GCC_541\Debug\UART_Tx010.a(isr_1.o)
 .comment       0x0000006e       0x6f .\ARM_GCC_541\Debug\UART_Tx010.a(CyLib.o)
 .comment       0x0000006e       0x6f .\ARM_GCC_541\Debug\UART_Tx010.a(cyPm.o)
 .comment       0x0000006e       0x6f .\ARM_GCC_541\Debug\UART_Tx010.a(CyFlash.o)
 .comment       0x0000006e       0x6f .\ARM_GCC_541\Debug\UART_Tx010.a(CySpc.o)

.debug_weaknames
 *(.debug_weaknames)

.debug_funcnames
 *(.debug_funcnames)

.debug_typenames
 *(.debug_typenames)

.debug_varnames
 *(.debug_varnames)

.note.gnu.arm.ident
 *(.note.gnu.arm.ident)

.ARM.attributes
                0x00000000       0x29
 *(.ARM.attributes)
 .ARM.attributes
                0x00000000       0x1d c:/program files (x86)/cypress/psoc creator/4.2/psoc creator/import/gnu/arm/5.4.1/bin/../lib/gcc/arm-none-eabi/5.4.1/armv7-m/crti.o
 .ARM.attributes
                0x0000001d       0x2d c:/program files (x86)/cypress/psoc creator/4.2/psoc creator/import/gnu/arm/5.4.1/bin/../lib/gcc/arm-none-eabi/5.4.1/armv7-m/crtbegin.o
 .ARM.attributes
                0x0000004a       0x1b c:/program files (x86)/cypress/psoc creator/4.2/psoc creator/import/gnu/arm/5.4.1/bin/../lib/gcc/arm-none-eabi/5.4.1/../../../../arm-none-eabi/lib/armv7-m/crt0.o
 .ARM.attributes
                0x00000065       0x33 .\ARM_GCC_541\Debug\main.o
 .ARM.attributes
                0x00000098       0x33 .\ARM_GCC_541\Debug\cyfitter_cfg.o
 .ARM.attributes
                0x000000cb       0x33 .\ARM_GCC_541\Debug\cymetadata.o
 .ARM.attributes
                0x000000fe       0x33 .\ARM_GCC_541\Debug\Cm3Start.o
 .ARM.attributes
                0x00000131       0x33 .\ARM_GCC_541\Debug\UART_Tx010.a(UART_1.o)
 .ARM.attributes
                0x00000164       0x33 .\ARM_GCC_541\Debug\UART_Tx010.a(LCD_Char_1.o)
 .ARM.attributes
                0x00000197       0x33 .\ARM_GCC_541\Debug\UART_Tx010.a(isr_1.o)
 .ARM.attributes
                0x000001ca       0x33 .\ARM_GCC_541\Debug\UART_Tx010.a(CyLib.o)
 .ARM.attributes
                0x000001fd       0x33 .\ARM_GCC_541\Debug\UART_Tx010.a(cyPm.o)
 .ARM.attributes
                0x00000230       0x21 .\ARM_GCC_541\Debug\UART_Tx010.a(CyBootAsmGnu.o)
 .ARM.attributes
                0x00000251       0x33 .\ARM_GCC_541\Debug\UART_Tx010.a(CyFlash.o)
 .ARM.attributes
                0x00000284       0x33 .\ARM_GCC_541\Debug\UART_Tx010.a(CySpc.o)
 .ARM.attributes
                0x000002b7       0x2d c:/program files (x86)/cypress/psoc creator/4.2/psoc creator/import/gnu/arm/5.4.1/bin/../lib/gcc/arm-none-eabi/5.4.1/../../../../arm-none-eabi/lib/armv7-m\libg_nano.a(lib_a-errno.o)
 .ARM.attributes
                0x000002e4       0x2d c:/program files (x86)/cypress/psoc creator/4.2/psoc creator/import/gnu/arm/5.4.1/bin/../lib/gcc/arm-none-eabi/5.4.1/../../../../arm-none-eabi/lib/armv7-m\libg_nano.a(lib_a-exit.o)
 .ARM.attributes
                0x00000311       0x2d c:/program files (x86)/cypress/psoc creator/4.2/psoc creator/import/gnu/arm/5.4.1/bin/../lib/gcc/arm-none-eabi/5.4.1/../../../../arm-none-eabi/lib/armv7-m\libg_nano.a(lib_a-impure.o)
 .ARM.attributes
                0x0000033e       0x2d c:/program files (x86)/cypress/psoc creator/4.2/psoc creator/import/gnu/arm/5.4.1/bin/../lib/gcc/arm-none-eabi/5.4.1/../../../../arm-none-eabi/lib/armv7-m\libg_nano.a(lib_a-init.o)
 .ARM.attributes
                0x0000036b       0x2d c:/program files (x86)/cypress/psoc creator/4.2/psoc creator/import/gnu/arm/5.4.1/bin/../lib/gcc/arm-none-eabi/5.4.1/../../../../arm-none-eabi/lib/armv7-m\libg_nano.a(lib_a-memcpy-stub.o)
 .ARM.attributes
                0x00000398       0x2d c:/program files (x86)/cypress/psoc creator/4.2/psoc creator/import/gnu/arm/5.4.1/bin/../lib/gcc/arm-none-eabi/5.4.1/../../../../arm-none-eabi/lib/armv7-m\libg_nano.a(lib_a-memset.o)
 .ARM.attributes
                0x000003c5       0x2d c:/program files (x86)/cypress/psoc creator/4.2/psoc creator/import/gnu/arm/5.4.1/bin/../lib/gcc/arm-none-eabi/5.4.1/armv7-m/crtend.o
 .ARM.attributes
                0x000003f2       0x1d c:/program files (x86)/cypress/psoc creator/4.2/psoc creator/import/gnu/arm/5.4.1/bin/../lib/gcc/arm-none-eabi/5.4.1/armv7-m/crtn.o

/DISCARD/
 *(.note.GNU-stack)
OUTPUT(C:\Users\diego\OneDrive\Documents\PSoC Creator\Workspace01\Empiric_Model\UART_Tx010.cydsn\ARM_GCC_541\Debug\UART_Tx010.elf elf32-littlearm)
