Archive member included to satisfy reference by file (symbol)

.\CortexM0\ARM_GCC_541\Debug\PWMExample01.a(PWM.o)
                              .\CortexM0\ARM_GCC_541\Debug\main.o (PWM_WritePeriod)
.\CortexM0\ARM_GCC_541\Debug\PWMExample01.a(TC_ISR.o)
                              .\CortexM0\ARM_GCC_541\Debug\main.o (TC_ISR_StartEx)
.\CortexM0\ARM_GCC_541\Debug\PWMExample01.a(CyLib.o)
                              .\CortexM0\ARM_GCC_541\Debug\cyfitter_cfg.o (CySysClkWriteImoFreq)
.\CortexM0\ARM_GCC_541\Debug\PWMExample01.a(CyBootAsmGnu.o)
                              .\CortexM0\ARM_GCC_541\Debug\PWMExample01.a(CyLib.o) (CyDelayCycles)
c:/program files (x86)/cypress/psoc creator/4.2/psoc creator/import/gnu/arm/5.4.1/bin/../lib/gcc/arm-none-eabi/5.4.1/armv6-m\libgcc.a(_udivsi3.o)
                              .\CortexM0\ARM_GCC_541\Debug\PWMExample01.a(CyLib.o) (__aeabi_uidiv)
c:/program files (x86)/cypress/psoc creator/4.2/psoc creator/import/gnu/arm/5.4.1/bin/../lib/gcc/arm-none-eabi/5.4.1/armv6-m\libgcc.a(_dvmd_tls.o)
                              c:/program files (x86)/cypress/psoc creator/4.2/psoc creator/import/gnu/arm/5.4.1/bin/../lib/gcc/arm-none-eabi/5.4.1/armv6-m\libgcc.a(_udivsi3.o) (__aeabi_idiv0)
c:/program files (x86)/cypress/psoc creator/4.2/psoc creator/import/gnu/arm/5.4.1/bin/../lib/gcc/arm-none-eabi/5.4.1/../../../../arm-none-eabi/lib/armv6-m\libg_nano.a(lib_a-errno.o)
                              .\CortexM0\ARM_GCC_541\Debug\Cm0Start.o (__errno)
c:/program files (x86)/cypress/psoc creator/4.2/psoc creator/import/gnu/arm/5.4.1/bin/../lib/gcc/arm-none-eabi/5.4.1/../../../../arm-none-eabi/lib/armv6-m\libg_nano.a(lib_a-exit.o)
                              c:/program files (x86)/cypress/psoc creator/4.2/psoc creator/import/gnu/arm/5.4.1/bin/../lib/gcc/arm-none-eabi/5.4.1/../../../../arm-none-eabi/lib/armv6-m/crt0.o (exit)
c:/program files (x86)/cypress/psoc creator/4.2/psoc creator/import/gnu/arm/5.4.1/bin/../lib/gcc/arm-none-eabi/5.4.1/../../../../arm-none-eabi/lib/armv6-m\libg_nano.a(lib_a-impure.o)
                              c:/program files (x86)/cypress/psoc creator/4.2/psoc creator/import/gnu/arm/5.4.1/bin/../lib/gcc/arm-none-eabi/5.4.1/../../../../arm-none-eabi/lib/armv6-m\libg_nano.a(lib_a-exit.o) (_global_impure_ptr)
c:/program files (x86)/cypress/psoc creator/4.2/psoc creator/import/gnu/arm/5.4.1/bin/../lib/gcc/arm-none-eabi/5.4.1/../../../../arm-none-eabi/lib/armv6-m\libg_nano.a(lib_a-init.o)
                              c:/program files (x86)/cypress/psoc creator/4.2/psoc creator/import/gnu/arm/5.4.1/bin/../lib/gcc/arm-none-eabi/5.4.1/../../../../arm-none-eabi/lib/armv6-m/crt0.o (__libc_init_array)
c:/program files (x86)/cypress/psoc creator/4.2/psoc creator/import/gnu/arm/5.4.1/bin/../lib/gcc/arm-none-eabi/5.4.1/../../../../arm-none-eabi/lib/armv6-m\libg_nano.a(lib_a-memcpy-stub.o)
                              .\CortexM0\ARM_GCC_541\Debug\cyfitter_cfg.o (memcpy)
c:/program files (x86)/cypress/psoc creator/4.2/psoc creator/import/gnu/arm/5.4.1/bin/../lib/gcc/arm-none-eabi/5.4.1/../../../../arm-none-eabi/lib/armv6-m\libg_nano.a(lib_a-memset.o)
                              c:/program files (x86)/cypress/psoc creator/4.2/psoc creator/import/gnu/arm/5.4.1/bin/../lib/gcc/arm-none-eabi/5.4.1/../../../../arm-none-eabi/lib/armv6-m/crt0.o (memset)

Allocating common symbols
Common symbol       size              file

curPos              0x2               .\CortexM0\ARM_GCC_541\Debug\main.o

Discarded input sections

 .text          0x00000000        0x0 c:/program files (x86)/cypress/psoc creator/4.2/psoc creator/import/gnu/arm/5.4.1/bin/../lib/gcc/arm-none-eabi/5.4.1/armv6-m/crti.o
 .data          0x00000000        0x0 c:/program files (x86)/cypress/psoc creator/4.2/psoc creator/import/gnu/arm/5.4.1/bin/../lib/gcc/arm-none-eabi/5.4.1/armv6-m/crti.o
 .bss           0x00000000        0x0 c:/program files (x86)/cypress/psoc creator/4.2/psoc creator/import/gnu/arm/5.4.1/bin/../lib/gcc/arm-none-eabi/5.4.1/armv6-m/crti.o
 .data          0x00000000        0x4 c:/program files (x86)/cypress/psoc creator/4.2/psoc creator/import/gnu/arm/5.4.1/bin/../lib/gcc/arm-none-eabi/5.4.1/armv6-m/crtbegin.o
 .text          0x00000000       0x78 c:/program files (x86)/cypress/psoc creator/4.2/psoc creator/import/gnu/arm/5.4.1/bin/../lib/gcc/arm-none-eabi/5.4.1/../../../../arm-none-eabi/lib/armv6-m/crt0.o
 .data          0x00000000        0x0 c:/program files (x86)/cypress/psoc creator/4.2/psoc creator/import/gnu/arm/5.4.1/bin/../lib/gcc/arm-none-eabi/5.4.1/../../../../arm-none-eabi/lib/armv6-m/crt0.o
 .bss           0x00000000        0x0 c:/program files (x86)/cypress/psoc creator/4.2/psoc creator/import/gnu/arm/5.4.1/bin/../lib/gcc/arm-none-eabi/5.4.1/../../../../arm-none-eabi/lib/armv6-m/crt0.o
 .ARM.extab     0x00000000        0x0 c:/program files (x86)/cypress/psoc creator/4.2/psoc creator/import/gnu/arm/5.4.1/bin/../lib/gcc/arm-none-eabi/5.4.1/../../../../arm-none-eabi/lib/armv6-m/crt0.o
 .ARM.exidx     0x00000000        0x8 c:/program files (x86)/cypress/psoc creator/4.2/psoc creator/import/gnu/arm/5.4.1/bin/../lib/gcc/arm-none-eabi/5.4.1/../../../../arm-none-eabi/lib/armv6-m/crt0.o
 .text          0x00000000        0x0 .\CortexM0\ARM_GCC_541\Debug\main.o
 .data          0x00000000        0x0 .\CortexM0\ARM_GCC_541\Debug\main.o
 .bss           0x00000000        0x0 .\CortexM0\ARM_GCC_541\Debug\main.o
 COMMON         0x00000000        0x2 .\CortexM0\ARM_GCC_541\Debug\main.o
 .text          0x00000000        0x0 .\CortexM0\ARM_GCC_541\Debug\cyfitter_cfg.o
 .data          0x00000000        0x0 .\CortexM0\ARM_GCC_541\Debug\cyfitter_cfg.o
 .bss           0x00000000        0x0 .\CortexM0\ARM_GCC_541\Debug\cyfitter_cfg.o
 .text.CYCONFIGCPY
                0x00000000       0x20 .\CortexM0\ARM_GCC_541\Debug\cyfitter_cfg.o
 .text.CYCONFIGCPYCODE
                0x00000000       0x20 .\CortexM0\ARM_GCC_541\Debug\cyfitter_cfg.o
 .text          0x00000000        0x0 .\CortexM0\ARM_GCC_541\Debug\cymetadata.o
 .data          0x00000000        0x0 .\CortexM0\ARM_GCC_541\Debug\cymetadata.o
 .bss           0x00000000        0x0 .\CortexM0\ARM_GCC_541\Debug\cymetadata.o
 .text          0x00000000        0x0 .\CortexM0\ARM_GCC_541\Debug\Cm0Start.o
 .data          0x00000000        0x4 .\CortexM0\ARM_GCC_541\Debug\Cm0Start.o
 .bss           0x00000000        0x0 .\CortexM0\ARM_GCC_541\Debug\Cm0Start.o
 .text._exit    0x00000000       0x14 .\CortexM0\ARM_GCC_541\Debug\Cm0Start.o
 .text._sbrk    0x00000000       0x54 .\CortexM0\ARM_GCC_541\Debug\Cm0Start.o
 .text          0x00000000        0x0 .\CortexM0\ARM_GCC_541\Debug\PWMExample01.a(PWM.o)
 .data          0x00000000        0x0 .\CortexM0\ARM_GCC_541\Debug\PWMExample01.a(PWM.o)
 .text.PWM_Stop
                0x00000000       0x34 .\CortexM0\ARM_GCC_541\Debug\PWMExample01.a(PWM.o)
 .text.PWM_SetMode
                0x00000000       0x48 .\CortexM0\ARM_GCC_541\Debug\PWMExample01.a(PWM.o)
 .text.PWM_SetQDMode
                0x00000000       0x48 .\CortexM0\ARM_GCC_541\Debug\PWMExample01.a(PWM.o)
 .text.PWM_SetPrescaler
                0x00000000       0x48 .\CortexM0\ARM_GCC_541\Debug\PWMExample01.a(PWM.o)
 .text.PWM_SetOneShot
                0x00000000       0x50 .\CortexM0\ARM_GCC_541\Debug\PWMExample01.a(PWM.o)
 .text.PWM_SetPWMMode
                0x00000000       0x20 .\CortexM0\ARM_GCC_541\Debug\PWMExample01.a(PWM.o)
 .text.PWM_SetPWMSyncKill
                0x00000000       0x4c .\CortexM0\ARM_GCC_541\Debug\PWMExample01.a(PWM.o)
 .text.PWM_SetPWMStopOnKill
                0x00000000       0x4c .\CortexM0\ARM_GCC_541\Debug\PWMExample01.a(PWM.o)
 .text.PWM_SetPWMDeadTime
                0x00000000       0x50 .\CortexM0\ARM_GCC_541\Debug\PWMExample01.a(PWM.o)
 .text.PWM_SetPWMInvert
                0x00000000       0x48 .\CortexM0\ARM_GCC_541\Debug\PWMExample01.a(PWM.o)
 .text.PWM_ReadCounter
                0x00000000       0x18 .\CortexM0\ARM_GCC_541\Debug\PWMExample01.a(PWM.o)
 .text.PWM_SetCounterMode
                0x00000000       0x48 .\CortexM0\ARM_GCC_541\Debug\PWMExample01.a(PWM.o)
 .text.PWM_ReadPeriod
                0x00000000       0x18 .\CortexM0\ARM_GCC_541\Debug\PWMExample01.a(PWM.o)
 .text.PWM_SetCompareSwap
                0x00000000       0x48 .\CortexM0\ARM_GCC_541\Debug\PWMExample01.a(PWM.o)
 .text.PWM_WritePeriodBuf
                0x00000000       0x20 .\CortexM0\ARM_GCC_541\Debug\PWMExample01.a(PWM.o)
 .text.PWM_ReadPeriodBuf
                0x00000000       0x18 .\CortexM0\ARM_GCC_541\Debug\PWMExample01.a(PWM.o)
 .text.PWM_SetPeriodSwap
                0x00000000       0x4c .\CortexM0\ARM_GCC_541\Debug\PWMExample01.a(PWM.o)
 .text.PWM_WriteCompareBuf
                0x00000000       0x20 .\CortexM0\ARM_GCC_541\Debug\PWMExample01.a(PWM.o)
 .text.PWM_ReadCompareBuf
                0x00000000       0x18 .\CortexM0\ARM_GCC_541\Debug\PWMExample01.a(PWM.o)
 .text.PWM_ReadCapture
                0x00000000       0x18 .\CortexM0\ARM_GCC_541\Debug\PWMExample01.a(PWM.o)
 .text.PWM_ReadCaptureBuf
                0x00000000       0x18 .\CortexM0\ARM_GCC_541\Debug\PWMExample01.a(PWM.o)
 .text.PWM_SetCaptureMode
                0x00000000       0x44 .\CortexM0\ARM_GCC_541\Debug\PWMExample01.a(PWM.o)
 .text.PWM_SetReloadMode
                0x00000000       0x48 .\CortexM0\ARM_GCC_541\Debug\PWMExample01.a(PWM.o)
 .text.PWM_SetStartMode
                0x00000000       0x4c .\CortexM0\ARM_GCC_541\Debug\PWMExample01.a(PWM.o)
 .text.PWM_SetStopMode
                0x00000000       0x48 .\CortexM0\ARM_GCC_541\Debug\PWMExample01.a(PWM.o)
 .text.PWM_SetCountMode
                0x00000000       0x48 .\CortexM0\ARM_GCC_541\Debug\PWMExample01.a(PWM.o)
 .text.PWM_ReadStatus
                0x00000000       0x20 .\CortexM0\ARM_GCC_541\Debug\PWMExample01.a(PWM.o)
 .text.PWM_GetInterruptSourceMasked
                0x00000000       0x14 .\CortexM0\ARM_GCC_541\Debug\PWMExample01.a(PWM.o)
 .text.PWM_GetInterruptSource
                0x00000000       0x14 .\CortexM0\ARM_GCC_541\Debug\PWMExample01.a(PWM.o)
 .text.PWM_SetInterrupt
                0x00000000       0x1c .\CortexM0\ARM_GCC_541\Debug\PWMExample01.a(PWM.o)
 .text          0x00000000        0x0 .\CortexM0\ARM_GCC_541\Debug\PWMExample01.a(TC_ISR.o)
 .data          0x00000000        0x0 .\CortexM0\ARM_GCC_541\Debug\PWMExample01.a(TC_ISR.o)
 .bss           0x00000000        0x0 .\CortexM0\ARM_GCC_541\Debug\PWMExample01.a(TC_ISR.o)
 .text.TC_ISR_Start
                0x00000000       0x24 .\CortexM0\ARM_GCC_541\Debug\PWMExample01.a(TC_ISR.o)
 .text.TC_ISR_Stop
                0x00000000       0x1c .\CortexM0\ARM_GCC_541\Debug\PWMExample01.a(TC_ISR.o)
 .text.TC_ISR_Interrupt
                0x00000000        0xc .\CortexM0\ARM_GCC_541\Debug\PWMExample01.a(TC_ISR.o)
 .text.TC_ISR_GetVector
                0x00000000       0x14 .\CortexM0\ARM_GCC_541\Debug\PWMExample01.a(TC_ISR.o)
 .text.TC_ISR_GetPriority
                0x00000000       0x2c .\CortexM0\ARM_GCC_541\Debug\PWMExample01.a(TC_ISR.o)
 .text.TC_ISR_GetState
                0x00000000       0x20 .\CortexM0\ARM_GCC_541\Debug\PWMExample01.a(TC_ISR.o)
 .text.TC_ISR_SetPending
                0x00000000       0x18 .\CortexM0\ARM_GCC_541\Debug\PWMExample01.a(TC_ISR.o)
 .text.TC_ISR_ClearPending
                0x00000000       0x18 .\CortexM0\ARM_GCC_541\Debug\PWMExample01.a(TC_ISR.o)
 .text          0x00000000        0x0 .\CortexM0\ARM_GCC_541\Debug\PWMExample01.a(CyLib.o)
 .bss           0x00000000       0x18 .\CortexM0\ARM_GCC_541\Debug\PWMExample01.a(CyLib.o)
 .text.CySysClkImoStart
                0x00000000       0x1c .\CortexM0\ARM_GCC_541\Debug\PWMExample01.a(CyLib.o)
 .text.CySysClkImoStop
                0x00000000       0x1c .\CortexM0\ARM_GCC_541\Debug\PWMExample01.a(CyLib.o)
 .text.CySysClkWriteHfclkDirect
                0x00000000       0x48 .\CortexM0\ARM_GCC_541\Debug\PWMExample01.a(CyLib.o)
 .text.CySysEnablePumpClock
                0x00000000       0x50 .\CortexM0\ARM_GCC_541\Debug\PWMExample01.a(CyLib.o)
 .text.CySysClkGetSysclkSource
                0x00000000       0x34 .\CortexM0\ARM_GCC_541\Debug\PWMExample01.a(CyLib.o)
 .text.CySysClkWriteSysclkDiv
                0x00000000       0x48 .\CortexM0\ARM_GCC_541\Debug\PWMExample01.a(CyLib.o)
 .text.CySysLvdEnable
                0x00000000       0x64 .\CortexM0\ARM_GCC_541\Debug\PWMExample01.a(CyLib.o)
 .text.CySysLvdDisable
                0x00000000       0x2c .\CortexM0\ARM_GCC_541\Debug\PWMExample01.a(CyLib.o)
 .text.CySysLvdGetInterruptSource
                0x00000000       0x18 .\CortexM0\ARM_GCC_541\Debug\PWMExample01.a(CyLib.o)
 .text.CySysLvdClearInterrupt
                0x00000000       0x14 .\CortexM0\ARM_GCC_541\Debug\PWMExample01.a(CyLib.o)
 .text.CySysGetResetReason
                0x00000000       0x30 .\CortexM0\ARM_GCC_541\Debug\PWMExample01.a(CyLib.o)
 .text.CyDisableInts
                0x00000000       0x24 .\CortexM0\ARM_GCC_541\Debug\PWMExample01.a(CyLib.o)
 .text.CyEnableInts
                0x00000000       0x1c .\CortexM0\ARM_GCC_541\Debug\PWMExample01.a(CyLib.o)
 .text.CyIntSetSysVector
                0x00000000       0x48 .\CortexM0\ARM_GCC_541\Debug\PWMExample01.a(CyLib.o)
 .text.CyIntGetSysVector
                0x00000000       0x34 .\CortexM0\ARM_GCC_541\Debug\PWMExample01.a(CyLib.o)
 .text.CyIntSetVector
                0x00000000       0x4c .\CortexM0\ARM_GCC_541\Debug\PWMExample01.a(CyLib.o)
 .text.CyIntGetVector
                0x00000000       0x38 .\CortexM0\ARM_GCC_541\Debug\PWMExample01.a(CyLib.o)
 .text.CyIntSetPriority
                0x00000000       0xa8 .\CortexM0\ARM_GCC_541\Debug\PWMExample01.a(CyLib.o)
 .text.CyIntGetPriority
                0x00000000       0x58 .\CortexM0\ARM_GCC_541\Debug\PWMExample01.a(CyLib.o)
 .text.CyIntEnable
                0x00000000       0x2c .\CortexM0\ARM_GCC_541\Debug\PWMExample01.a(CyLib.o)
 .text.CyIntGetState
                0x00000000       0x30 .\CortexM0\ARM_GCC_541\Debug\PWMExample01.a(CyLib.o)
 .text.CyIntDisable
                0x00000000       0x2c .\CortexM0\ARM_GCC_541\Debug\PWMExample01.a(CyLib.o)
 .text.CyIntSetPending
                0x00000000       0x2c .\CortexM0\ARM_GCC_541\Debug\PWMExample01.a(CyLib.o)
 .text.CyIntClearPending
                0x00000000       0x2c .\CortexM0\ARM_GCC_541\Debug\PWMExample01.a(CyLib.o)
 .text.CySoftwareReset
                0x00000000       0x24 .\CortexM0\ARM_GCC_541\Debug\PWMExample01.a(CyLib.o)
 .text.CyDelayFreq
                0x00000000       0x84 .\CortexM0\ARM_GCC_541\Debug\PWMExample01.a(CyLib.o)
 .text.CySysTickStart
                0x00000000       0x24 .\CortexM0\ARM_GCC_541\Debug\PWMExample01.a(CyLib.o)
 .text.CySysTickInit
                0x00000000       0x5c .\CortexM0\ARM_GCC_541\Debug\PWMExample01.a(CyLib.o)
 .text.CySysTickEnable
                0x00000000       0x20 .\CortexM0\ARM_GCC_541\Debug\PWMExample01.a(CyLib.o)
 .text.CySysTickStop
                0x00000000       0x1c .\CortexM0\ARM_GCC_541\Debug\PWMExample01.a(CyLib.o)
 .text.CySysTickEnableInterrupt
                0x00000000       0x1c .\CortexM0\ARM_GCC_541\Debug\PWMExample01.a(CyLib.o)
 .text.CySysTickDisableInterrupt
                0x00000000       0x1c .\CortexM0\ARM_GCC_541\Debug\PWMExample01.a(CyLib.o)
 .text.CySysTickSetReload
                0x00000000       0x20 .\CortexM0\ARM_GCC_541\Debug\PWMExample01.a(CyLib.o)
 .text.CySysTickGetReload
                0x00000000       0x18 .\CortexM0\ARM_GCC_541\Debug\PWMExample01.a(CyLib.o)
 .text.CySysTickGetValue
                0x00000000       0x18 .\CortexM0\ARM_GCC_541\Debug\PWMExample01.a(CyLib.o)
 .text.CySysTickGetCountFlag
                0x00000000       0x18 .\CortexM0\ARM_GCC_541\Debug\PWMExample01.a(CyLib.o)
 .text.CySysTickClear
                0x00000000       0x14 .\CortexM0\ARM_GCC_541\Debug\PWMExample01.a(CyLib.o)
 .text.CySysTickSetCallback
                0x00000000       0x2c .\CortexM0\ARM_GCC_541\Debug\PWMExample01.a(CyLib.o)
 .text.CySysTickGetCallback
                0x00000000       0x1c .\CortexM0\ARM_GCC_541\Debug\PWMExample01.a(CyLib.o)
 .text.CySysTickServiceCallbacks
                0x00000000       0x44 .\CortexM0\ARM_GCC_541\Debug\PWMExample01.a(CyLib.o)
 .text.CyGetUniqueId
                0x00000000       0xc0 .\CortexM0\ARM_GCC_541\Debug\PWMExample01.a(CyLib.o)
 .data          0x00000000        0x0 .\CortexM0\ARM_GCC_541\Debug\PWMExample01.a(CyBootAsmGnu.o)
 .bss           0x00000000        0x0 .\CortexM0\ARM_GCC_541\Debug\PWMExample01.a(CyBootAsmGnu.o)
 .text          0x00000000      0x114 c:/program files (x86)/cypress/psoc creator/4.2/psoc creator/import/gnu/arm/5.4.1/bin/../lib/gcc/arm-none-eabi/5.4.1/armv6-m\libgcc.a(_udivsi3.o)
 .data          0x00000000        0x0 c:/program files (x86)/cypress/psoc creator/4.2/psoc creator/import/gnu/arm/5.4.1/bin/../lib/gcc/arm-none-eabi/5.4.1/armv6-m\libgcc.a(_udivsi3.o)
 .bss           0x00000000        0x0 c:/program files (x86)/cypress/psoc creator/4.2/psoc creator/import/gnu/arm/5.4.1/bin/../lib/gcc/arm-none-eabi/5.4.1/armv6-m\libgcc.a(_udivsi3.o)
 .text          0x00000000        0x4 c:/program files (x86)/cypress/psoc creator/4.2/psoc creator/import/gnu/arm/5.4.1/bin/../lib/gcc/arm-none-eabi/5.4.1/armv6-m\libgcc.a(_dvmd_tls.o)
 .data          0x00000000        0x0 c:/program files (x86)/cypress/psoc creator/4.2/psoc creator/import/gnu/arm/5.4.1/bin/../lib/gcc/arm-none-eabi/5.4.1/armv6-m\libgcc.a(_dvmd_tls.o)
 .bss           0x00000000        0x0 c:/program files (x86)/cypress/psoc creator/4.2/psoc creator/import/gnu/arm/5.4.1/bin/../lib/gcc/arm-none-eabi/5.4.1/armv6-m\libgcc.a(_dvmd_tls.o)
 .text          0x00000000        0x0 c:/program files (x86)/cypress/psoc creator/4.2/psoc creator/import/gnu/arm/5.4.1/bin/../lib/gcc/arm-none-eabi/5.4.1/../../../../arm-none-eabi/lib/armv6-m\libg_nano.a(lib_a-errno.o)
 .data          0x00000000        0x0 c:/program files (x86)/cypress/psoc creator/4.2/psoc creator/import/gnu/arm/5.4.1/bin/../lib/gcc/arm-none-eabi/5.4.1/../../../../arm-none-eabi/lib/armv6-m\libg_nano.a(lib_a-errno.o)
 .bss           0x00000000        0x0 c:/program files (x86)/cypress/psoc creator/4.2/psoc creator/import/gnu/arm/5.4.1/bin/../lib/gcc/arm-none-eabi/5.4.1/../../../../arm-none-eabi/lib/armv6-m\libg_nano.a(lib_a-errno.o)
 .text          0x00000000        0x0 c:/program files (x86)/cypress/psoc creator/4.2/psoc creator/import/gnu/arm/5.4.1/bin/../lib/gcc/arm-none-eabi/5.4.1/../../../../arm-none-eabi/lib/armv6-m\libg_nano.a(lib_a-exit.o)
 .data          0x00000000        0x0 c:/program files (x86)/cypress/psoc creator/4.2/psoc creator/import/gnu/arm/5.4.1/bin/../lib/gcc/arm-none-eabi/5.4.1/../../../../arm-none-eabi/lib/armv6-m\libg_nano.a(lib_a-exit.o)
 .bss           0x00000000        0x0 c:/program files (x86)/cypress/psoc creator/4.2/psoc creator/import/gnu/arm/5.4.1/bin/../lib/gcc/arm-none-eabi/5.4.1/../../../../arm-none-eabi/lib/armv6-m\libg_nano.a(lib_a-exit.o)
 .text.exit     0x00000000       0x2c c:/program files (x86)/cypress/psoc creator/4.2/psoc creator/import/gnu/arm/5.4.1/bin/../lib/gcc/arm-none-eabi/5.4.1/../../../../arm-none-eabi/lib/armv6-m\libg_nano.a(lib_a-exit.o)
 .text          0x00000000        0x0 c:/program files (x86)/cypress/psoc creator/4.2/psoc creator/import/gnu/arm/5.4.1/bin/../lib/gcc/arm-none-eabi/5.4.1/../../../../arm-none-eabi/lib/armv6-m\libg_nano.a(lib_a-impure.o)
 .data          0x00000000        0x0 c:/program files (x86)/cypress/psoc creator/4.2/psoc creator/import/gnu/arm/5.4.1/bin/../lib/gcc/arm-none-eabi/5.4.1/../../../../arm-none-eabi/lib/armv6-m\libg_nano.a(lib_a-impure.o)
 .bss           0x00000000        0x0 c:/program files (x86)/cypress/psoc creator/4.2/psoc creator/import/gnu/arm/5.4.1/bin/../lib/gcc/arm-none-eabi/5.4.1/../../../../arm-none-eabi/lib/armv6-m\libg_nano.a(lib_a-impure.o)
 .rodata._global_impure_ptr
                0x00000000        0x4 c:/program files (x86)/cypress/psoc creator/4.2/psoc creator/import/gnu/arm/5.4.1/bin/../lib/gcc/arm-none-eabi/5.4.1/../../../../arm-none-eabi/lib/armv6-m\libg_nano.a(lib_a-impure.o)
 .text          0x00000000        0x0 c:/program files (x86)/cypress/psoc creator/4.2/psoc creator/import/gnu/arm/5.4.1/bin/../lib/gcc/arm-none-eabi/5.4.1/../../../../arm-none-eabi/lib/armv6-m\libg_nano.a(lib_a-init.o)
 .data          0x00000000        0x0 c:/program files (x86)/cypress/psoc creator/4.2/psoc creator/import/gnu/arm/5.4.1/bin/../lib/gcc/arm-none-eabi/5.4.1/../../../../arm-none-eabi/lib/armv6-m\libg_nano.a(lib_a-init.o)
 .bss           0x00000000        0x0 c:/program files (x86)/cypress/psoc creator/4.2/psoc creator/import/gnu/arm/5.4.1/bin/../lib/gcc/arm-none-eabi/5.4.1/../../../../arm-none-eabi/lib/armv6-m\libg_nano.a(lib_a-init.o)
 .text          0x00000000        0x0 c:/program files (x86)/cypress/psoc creator/4.2/psoc creator/import/gnu/arm/5.4.1/bin/../lib/gcc/arm-none-eabi/5.4.1/../../../../arm-none-eabi/lib/armv6-m\libg_nano.a(lib_a-memcpy-stub.o)
 .data          0x00000000        0x0 c:/program files (x86)/cypress/psoc creator/4.2/psoc creator/import/gnu/arm/5.4.1/bin/../lib/gcc/arm-none-eabi/5.4.1/../../../../arm-none-eabi/lib/armv6-m\libg_nano.a(lib_a-memcpy-stub.o)
 .bss           0x00000000        0x0 c:/program files (x86)/cypress/psoc creator/4.2/psoc creator/import/gnu/arm/5.4.1/bin/../lib/gcc/arm-none-eabi/5.4.1/../../../../arm-none-eabi/lib/armv6-m\libg_nano.a(lib_a-memcpy-stub.o)
 .text.memcpy   0x00000000       0x12 c:/program files (x86)/cypress/psoc creator/4.2/psoc creator/import/gnu/arm/5.4.1/bin/../lib/gcc/arm-none-eabi/5.4.1/../../../../arm-none-eabi/lib/armv6-m\libg_nano.a(lib_a-memcpy-stub.o)
 .text          0x00000000        0x0 c:/program files (x86)/cypress/psoc creator/4.2/psoc creator/import/gnu/arm/5.4.1/bin/../lib/gcc/arm-none-eabi/5.4.1/../../../../arm-none-eabi/lib/armv6-m\libg_nano.a(lib_a-memset.o)
 .data          0x00000000        0x0 c:/program files (x86)/cypress/psoc creator/4.2/psoc creator/import/gnu/arm/5.4.1/bin/../lib/gcc/arm-none-eabi/5.4.1/../../../../arm-none-eabi/lib/armv6-m\libg_nano.a(lib_a-memset.o)
 .bss           0x00000000        0x0 c:/program files (x86)/cypress/psoc creator/4.2/psoc creator/import/gnu/arm/5.4.1/bin/../lib/gcc/arm-none-eabi/5.4.1/../../../../arm-none-eabi/lib/armv6-m\libg_nano.a(lib_a-memset.o)
 .text          0x00000000        0x0 c:/program files (x86)/cypress/psoc creator/4.2/psoc creator/import/gnu/arm/5.4.1/bin/../lib/gcc/arm-none-eabi/5.4.1/armv6-m/crtend.o
 .data          0x00000000        0x0 c:/program files (x86)/cypress/psoc creator/4.2/psoc creator/import/gnu/arm/5.4.1/bin/../lib/gcc/arm-none-eabi/5.4.1/armv6-m/crtend.o
 .bss           0x00000000        0x0 c:/program files (x86)/cypress/psoc creator/4.2/psoc creator/import/gnu/arm/5.4.1/bin/../lib/gcc/arm-none-eabi/5.4.1/armv6-m/crtend.o
 .text          0x00000000        0x0 c:/program files (x86)/cypress/psoc creator/4.2/psoc creator/import/gnu/arm/5.4.1/bin/../lib/gcc/arm-none-eabi/5.4.1/armv6-m/crtn.o
 .data          0x00000000        0x0 c:/program files (x86)/cypress/psoc creator/4.2/psoc creator/import/gnu/arm/5.4.1/bin/../lib/gcc/arm-none-eabi/5.4.1/armv6-m/crtn.o
 .bss           0x00000000        0x0 c:/program files (x86)/cypress/psoc creator/4.2/psoc creator/import/gnu/arm/5.4.1/bin/../lib/gcc/arm-none-eabi/5.4.1/armv6-m/crtn.o

Memory Configuration

Name             Origin             Length             Attributes
rom              0x00000000         0x00008000         xr
ram              0x20000000         0x00001000         xrw
*default*        0x00000000         0xffffffff

Linker script and memory map

LOAD c:/program files (x86)/cypress/psoc creator/4.2/psoc creator/import/gnu/arm/5.4.1/bin/../lib/gcc/arm-none-eabi/5.4.1/armv6-m/crti.o
LOAD c:/program files (x86)/cypress/psoc creator/4.2/psoc creator/import/gnu/arm/5.4.1/bin/../lib/gcc/arm-none-eabi/5.4.1/armv6-m/crtbegin.o
LOAD c:/program files (x86)/cypress/psoc creator/4.2/psoc creator/import/gnu/arm/5.4.1/bin/../lib/gcc/arm-none-eabi/5.4.1/../../../../arm-none-eabi/lib/armv6-m/crt0.o
START GROUP
LOAD .\CortexM0\ARM_GCC_541\Debug\main.o
LOAD .\CortexM0\ARM_GCC_541\Debug\cyfitter_cfg.o
LOAD .\CortexM0\ARM_GCC_541\Debug\cymetadata.o
LOAD .\CortexM0\ARM_GCC_541\Debug\Cm0Start.o
LOAD .\CortexM0\ARM_GCC_541\Debug\PWMExample01.a
END GROUP
START GROUP
LOAD c:/program files (x86)/cypress/psoc creator/4.2/psoc creator/import/gnu/arm/5.4.1/bin/../lib/gcc/arm-none-eabi/5.4.1/armv6-m\libgcc.a
LOAD c:/program files (x86)/cypress/psoc creator/4.2/psoc creator/import/gnu/arm/5.4.1/bin/../lib/gcc/arm-none-eabi/5.4.1/../../../../arm-none-eabi/lib/armv6-m\libg_nano.a
LOAD c:/program files (x86)/cypress/psoc creator/4.2/psoc creator/import/gnu/arm/5.4.1/bin/../lib/gcc/arm-none-eabi/5.4.1/../../../../arm-none-eabi/lib/armv6-m\libc_nano.a
END GROUP
START GROUP
LOAD c:/program files (x86)/cypress/psoc creator/4.2/psoc creator/import/gnu/arm/5.4.1/bin/../lib/gcc/arm-none-eabi/5.4.1/armv6-m\libgcc.a
LOAD c:/program files (x86)/cypress/psoc creator/4.2/psoc creator/import/gnu/arm/5.4.1/bin/../lib/gcc/arm-none-eabi/5.4.1/../../../../arm-none-eabi/lib/armv6-m\libc_nano.a
END GROUP
LOAD c:/program files (x86)/cypress/psoc creator/4.2/psoc creator/import/gnu/arm/5.4.1/bin/../lib/gcc/arm-none-eabi/5.4.1/armv6-m/crtend.o
LOAD c:/program files (x86)/cypress/psoc creator/4.2/psoc creator/import/gnu/arm/5.4.1/bin/../lib/gcc/arm-none-eabi/5.4.1/armv6-m/crtn.o
START GROUP
LOAD c:/program files (x86)/cypress/psoc creator/4.2/psoc creator/import/gnu/arm/5.4.1/bin/../lib/gcc/arm-none-eabi/5.4.1/armv6-m\libgcc.a
LOAD c:/program files (x86)/cypress/psoc creator/4.2/psoc creator/import/gnu/arm/5.4.1/bin/../lib/gcc/arm-none-eabi/5.4.1/../../../../arm-none-eabi/lib/armv6-m\libc.a
LOAD c:/program files (x86)/cypress/psoc creator/4.2/psoc creator/import/gnu/arm/5.4.1/bin/../lib/gcc/arm-none-eabi/5.4.1/../../../../arm-none-eabi/lib/armv6-m\libnosys.a
END GROUP
                0x00000000                CY_APPL_ORIGIN = 0x0
                0x00000080                CY_FLASH_ROW_SIZE = 0x80
                0x00000001                CY_APPL_NUM = 0x1
                0x00000001                CY_APPL_MAX = 0x1
                0x00000040                CY_METADATA_SIZE = 0x40
                0x00000000                CY_APPL_LOADABLE = 0x0
                0x00000000                CY_CHECKSUM_EXCLUDE_SIZE = ALIGN (0x0, CY_FLASH_ROW_SIZE)
                0x00000000                CY_APP_FOR_STACK_AND_COPIER = 0x0
                [!provide]                PROVIDE (__cy_heap_start, _end)
                0x00000001                PROVIDE (__cy_region_num, ((__cy_regions_end - __cy_regions) / 0x10))
                0x20001000                PROVIDE (__cy_stack, (ORIGIN (ram) + LENGTH (ram)))
                [!provide]                PROVIDE (__cy_heap_end, (__cy_stack - 0x400))

.cybootloader   0x00000000        0x0
 *(.cybootloader)
                0x00000000                appl1_start = CY_APPL_ORIGIN?CY_APPL_ORIGIN:ALIGN (CY_FLASH_ROW_SIZE)
                0x00003f80                appl2_start = (appl1_start + ALIGN ((((LENGTH (rom) - appl1_start) - (0x2 * CY_FLASH_ROW_SIZE)) / 0x2), CY_FLASH_ROW_SIZE))
                0x00000000                appl_start = (CY_APPL_NUM == 0x1)?appl1_start:appl2_start
                0x00000001                cy_project_type_bootloader = (appl_start == 0x0)?0x1:0x0
                0x00000000                cy_project_type_app_for_stack_and_copier = (CY_APP_FOR_STACK_AND_COPIER == 0x1)?0x1:0x0

.text           0x00000000      0x954
 CREATE_OBJECT_SYMBOLS
                0x00000000                PROVIDE (__cy_interrupt_vector, RomVectors)
 *(.romvectors)
 .romvectors    0x00000000       0x10 .\CortexM0\ARM_GCC_541\Debug\Cm0Start.o
                0x00000000                RomVectors
                0x00000001                ASSERT ((. != __cy_interrupt_vector), No interrupt vector)
                0x00000001                ASSERT (CY_APPL_ORIGIN?(SIZEOF (.cybootloader) <= CY_APPL_ORIGIN):0x1, Wrong image location)
                0x00000010                PROVIDE (__cy_reset, Reset)
 *(.text.Reset)
 .text.Reset    0x00000010        0x8 .\CortexM0\ARM_GCC_541\Debug\Cm0Start.o
                0x00000010                Reset
                0x00000001                ASSERT ((. != __cy_reset), No reset code)
 *(.psocinit)
 .psocinit      0x00000018      0x16c .\CortexM0\ARM_GCC_541\Debug\cyfitter_cfg.o
                0x0000008c                cyfitter_cfg
                0x00000184                . = MAX (., 0x100)
 *(.text .text.* .gnu.linkonce.t.*)
 .text          0x00000184       0x60 c:/program files (x86)/cypress/psoc creator/4.2/psoc creator/import/gnu/arm/5.4.1/bin/../lib/gcc/arm-none-eabi/5.4.1/armv6-m/crtbegin.o
 .text.InterruptHandler
                0x000001e4       0x20 .\CortexM0\ARM_GCC_541\Debug\main.o
                0x000001e4                InterruptHandler
 .text.main     0x00000204       0x2c .\CortexM0\ARM_GCC_541\Debug\main.o
                0x00000204                main
 .text.CYMEMZERO
                0x00000230       0x20 .\CortexM0\ARM_GCC_541\Debug\cyfitter_cfg.o
 .text.cfg_write_bytes32
                0x00000250       0x84 .\CortexM0\ARM_GCC_541\Debug\cyfitter_cfg.o
 .text.AnalogSetDefault
                0x000002d4        0xc .\CortexM0\ARM_GCC_541\Debug\cyfitter_cfg.o
 .text.IntDefaultHandler
                0x000002e0       0x14 .\CortexM0\ARM_GCC_541\Debug\Cm0Start.o
                0x000002e0                IntDefaultHandler
 .text.Start_c  0x000002f4       0x98 .\CortexM0\ARM_GCC_541\Debug\Cm0Start.o
                0x000002f4                Start_c
 .text.initialize_psoc
                0x0000038c       0x64 .\CortexM0\ARM_GCC_541\Debug\Cm0Start.o
                0x0000038c                initialize_psoc
 .text.PWM_Init
                0x000003f0       0x58 .\CortexM0\ARM_GCC_541\Debug\PWMExample01.a(PWM.o)
                0x000003f0                PWM_Init
 .text.PWM_Enable
                0x00000448       0x3c .\CortexM0\ARM_GCC_541\Debug\PWMExample01.a(PWM.o)
                0x00000448                PWM_Enable
 .text.PWM_Start
                0x00000484       0x24 .\CortexM0\ARM_GCC_541\Debug\PWMExample01.a(PWM.o)
                0x00000484                PWM_Start
 .text.PWM_WriteCounter
                0x000004a8       0x20 .\CortexM0\ARM_GCC_541\Debug\PWMExample01.a(PWM.o)
                0x000004a8                PWM_WriteCounter
 .text.PWM_WritePeriod
                0x000004c8       0x20 .\CortexM0\ARM_GCC_541\Debug\PWMExample01.a(PWM.o)
                0x000004c8                PWM_WritePeriod
 .text.PWM_WriteCompare
                0x000004e8       0x20 .\CortexM0\ARM_GCC_541\Debug\PWMExample01.a(PWM.o)
                0x000004e8                PWM_WriteCompare
 .text.PWM_ReadCompare
                0x00000508       0x18 .\CortexM0\ARM_GCC_541\Debug\PWMExample01.a(PWM.o)
                0x00000508                PWM_ReadCompare
 .text.PWM_TriggerCommand
                0x00000520       0x3c .\CortexM0\ARM_GCC_541\Debug\PWMExample01.a(PWM.o)
                0x00000520                PWM_TriggerCommand
 .text.PWM_SetInterruptMode
                0x0000055c       0x1c .\CortexM0\ARM_GCC_541\Debug\PWMExample01.a(PWM.o)
                0x0000055c                PWM_SetInterruptMode
 .text.PWM_ClearInterrupt
                0x00000578       0x1c .\CortexM0\ARM_GCC_541\Debug\PWMExample01.a(PWM.o)
                0x00000578                PWM_ClearInterrupt
 .text.TC_ISR_StartEx
                0x00000594       0x28 .\CortexM0\ARM_GCC_541\Debug\PWMExample01.a(TC_ISR.o)
                0x00000594                TC_ISR_StartEx
 .text.TC_ISR_SetVector
                0x000005bc       0x1c .\CortexM0\ARM_GCC_541\Debug\PWMExample01.a(TC_ISR.o)
                0x000005bc                TC_ISR_SetVector
 .text.TC_ISR_SetPriority
                0x000005d8       0x50 .\CortexM0\ARM_GCC_541\Debug\PWMExample01.a(TC_ISR.o)
                0x000005d8                TC_ISR_SetPriority
 .text.TC_ISR_Enable
                0x00000628       0x18 .\CortexM0\ARM_GCC_541\Debug\PWMExample01.a(TC_ISR.o)
                0x00000628                TC_ISR_Enable
 .text.TC_ISR_Disable
                0x00000640       0x18 .\CortexM0\ARM_GCC_541\Debug\PWMExample01.a(TC_ISR.o)
                0x00000640                TC_ISR_Disable
 .text.CySysClkWriteImoFreq
                0x00000658      0x1e4 .\CortexM0\ARM_GCC_541\Debug\PWMExample01.a(CyLib.o)
                0x00000658                CySysClkWriteImoFreq
 .text.CyHalt   0x0000083c       0x18 .\CortexM0\ARM_GCC_541\Debug\PWMExample01.a(CyLib.o)
                0x0000083c                CyHalt
 .text.CyDelay  0x00000854       0x4c .\CortexM0\ARM_GCC_541\Debug\PWMExample01.a(CyLib.o)
                0x00000854                CyDelay
 .text.CyDelayUs
                0x000008a0       0x28 .\CortexM0\ARM_GCC_541\Debug\PWMExample01.a(CyLib.o)
                0x000008a0                CyDelayUs
 .text          0x000008c8       0x24 .\CortexM0\ARM_GCC_541\Debug\PWMExample01.a(CyBootAsmGnu.o)
                0x000008c8                CyDelayCycles
                0x000008dc                CyEnterCriticalSection
                0x000008e4                CyExitCriticalSection
 .text.__errno  0x000008ec        0xc c:/program files (x86)/cypress/psoc creator/4.2/psoc creator/import/gnu/arm/5.4.1/bin/../lib/gcc/arm-none-eabi/5.4.1/../../../../arm-none-eabi/lib/armv6-m\libg_nano.a(lib_a-errno.o)
                0x000008ec                __errno
 .text.__libc_init_array
                0x000008f8       0x4c c:/program files (x86)/cypress/psoc creator/4.2/psoc creator/import/gnu/arm/5.4.1/bin/../lib/gcc/arm-none-eabi/5.4.1/../../../../arm-none-eabi/lib/armv6-m\libg_nano.a(lib_a-init.o)
                0x000008f8                __libc_init_array
 .text.memset   0x00000944       0x10 c:/program files (x86)/cypress/psoc creator/4.2/psoc creator/import/gnu/arm/5.4.1/bin/../lib/gcc/arm-none-eabi/5.4.1/../../../../arm-none-eabi/lib/armv6-m\libg_nano.a(lib_a-memset.o)
                0x00000944                memset
 *(.plt)
 *(.gnu.warning)
 *(.glue_7t)
 .glue_7t       0x00000954        0x0 linker stubs
 *(.glue_7)
 .glue_7        0x00000954        0x0 linker stubs
 *(.vfp11_veneer)
 .vfp11_veneer  0x00000954        0x0 linker stubs
 *(.bootloader)
 *(.ARM.extab* .gnu.linkonce.armextab.*)
 *(.gcc_except_table)

.v4_bx          0x00000954        0x0
 .v4_bx         0x00000954        0x0 linker stubs

.iplt           0x00000954        0x0
 .iplt          0x00000954        0x0 c:/program files (x86)/cypress/psoc creator/4.2/psoc creator/import/gnu/arm/5.4.1/bin/../lib/gcc/arm-none-eabi/5.4.1/armv6-m/crtbegin.o

.eh_frame_hdr
 *(.eh_frame_hdr)

.eh_frame       0x00000954        0x4
 *(.eh_frame)
 .eh_frame      0x00000954        0x0 c:/program files (x86)/cypress/psoc creator/4.2/psoc creator/import/gnu/arm/5.4.1/bin/../lib/gcc/arm-none-eabi/5.4.1/armv6-m/crtbegin.o
 .eh_frame      0x00000954        0x4 c:/program files (x86)/cypress/psoc creator/4.2/psoc creator/import/gnu/arm/5.4.1/bin/../lib/gcc/arm-none-eabi/5.4.1/armv6-m/crtend.o
                [!provide]                PROVIDE (__exidx_start, .)

.ARM.exidx
 *(.ARM.exidx* .gnu.linkonce.armexidx.*)
                0x00000958                __exidx_end = .

.rodata         0x00000958       0x98
 *(.rodata .rodata.* .gnu.linkonce.r.*)
 .rodata        0x00000958       0x2e .\CortexM0\ARM_GCC_541\Debug\cyfitter_cfg.o
 *fill*         0x00000986        0x2 
 .rodata        0x00000988       0x2e .\CortexM0\ARM_GCC_541\Debug\PWMExample01.a(CyLib.o)
                0x00000988                cyImoFreqMhz2Reg
 .rodata.str1.1
                0x000009b6        0x2 c:/program files (x86)/cypress/psoc creator/4.2/psoc creator/import/gnu/arm/5.4.1/bin/../lib/gcc/arm-none-eabi/5.4.1/../../../../arm-none-eabi/lib/armv6-m\libg_nano.a(lib_a-impure.o)
                0x000009b8                . = ALIGN (0x4)
 *(.init)
 .init          0x000009b8        0x4 c:/program files (x86)/cypress/psoc creator/4.2/psoc creator/import/gnu/arm/5.4.1/bin/../lib/gcc/arm-none-eabi/5.4.1/armv6-m/crti.o
                0x000009b8                _init
 .init          0x000009bc        0x8 c:/program files (x86)/cypress/psoc creator/4.2/psoc creator/import/gnu/arm/5.4.1/bin/../lib/gcc/arm-none-eabi/5.4.1/armv6-m/crtn.o
                0x000009c4                . = ALIGN (0x4)
                0x000009c4                __preinit_array_start = .
 *(.preinit_array)
                0x000009c4                __preinit_array_end = .
                0x000009c4                . = ALIGN (0x4)
                0x000009c4                __init_array_start = .
 *(SORT(.init_array.*))
 *(.init_array)
 .init_array    0x000009c4        0x4 c:/program files (x86)/cypress/psoc creator/4.2/psoc creator/import/gnu/arm/5.4.1/bin/../lib/gcc/arm-none-eabi/5.4.1/armv6-m/crtbegin.o
 .init_array    0x000009c8        0x4 .\CortexM0\ARM_GCC_541\Debug\Cm0Start.o
                0x000009cc                __init_array_end = .
                0x000009cc                . = ALIGN (0x4)
 *(.fini)
 .fini          0x000009cc        0x4 c:/program files (x86)/cypress/psoc creator/4.2/psoc creator/import/gnu/arm/5.4.1/bin/../lib/gcc/arm-none-eabi/5.4.1/armv6-m/crti.o
                0x000009cc                _fini
 .fini          0x000009d0        0x8 c:/program files (x86)/cypress/psoc creator/4.2/psoc creator/import/gnu/arm/5.4.1/bin/../lib/gcc/arm-none-eabi/5.4.1/armv6-m/crtn.o
                0x000009d8                . = ALIGN (0x4)
                0x000009d8                __fini_array_start = .
 *(.fini_array)
 .fini_array    0x000009d8        0x4 c:/program files (x86)/cypress/psoc creator/4.2/psoc creator/import/gnu/arm/5.4.1/bin/../lib/gcc/arm-none-eabi/5.4.1/armv6-m/crtbegin.o
 *(SORT(.fini_array.*))
                0x000009dc                __fini_array_end = .
                0x000009dc                . = ALIGN (0x4)
 *crtbegin.o(.ctors)
 *(EXCLUDE_FILE(*crtend.o) .ctors)
 *(SORT(.ctors.*))
 *crtend.o(.ctors)
                0x000009dc                . = ALIGN (0x4)
 *crtbegin.o(.dtors)
 *(EXCLUDE_FILE(*crtend.o) .dtors)
 *(SORT(.dtors.*))
 *crtend.o(.dtors)
                0x000009dc                . = ALIGN (0x4)
                0x000009dc                __cy_regions = .
                0x000009dc        0x4 LONG 0x9f0 __cy_region_init_ram
                0x000009e0        0x4 LONG 0x200000c8 __cy_region_start_data
                0x000009e4        0x4 LONG 0x80 __cy_region_init_size_ram
                0x000009e8        0x4 LONG 0x20 __cy_region_zero_size_ram
                0x000009ec                __cy_regions_end = .
                0x000009f0                . = ALIGN (0x8)
 *fill*         0x000009ec        0x4 
                0x000009f0                _etext = .

.cy_checksum_exclude
                0x000009f0        0x0
 *(.cy_checksum_exclude)

.ramvectors     0x20000000       0xc0
                0x20000000                __cy_region_start_ram = .
 *(.ramvectors)
 .ramvectors    0x20000000       0xc0 .\CortexM0\ARM_GCC_541\Debug\Cm0Start.o
                0x20000000                CyRamVectors

.noinit         0x200000c0        0x4
 *(.noinit)
 .noinit        0x200000c0        0x4 .\CortexM0\ARM_GCC_541\Debug\Cm0Start.o

.data           0x200000c8       0x80 load address 0x000009f0
                0x200000c8                __cy_region_start_data = .
 *(.jcr)
 .jcr           0x200000c8        0x0 c:/program files (x86)/cypress/psoc creator/4.2/psoc creator/import/gnu/arm/5.4.1/bin/../lib/gcc/arm-none-eabi/5.4.1/armv6-m/crtbegin.o
 .jcr           0x200000c8        0x4 c:/program files (x86)/cypress/psoc creator/4.2/psoc creator/import/gnu/arm/5.4.1/bin/../lib/gcc/arm-none-eabi/5.4.1/armv6-m/crtend.o
 *(.got.plt)
 *(.got)
 *(.shdata)
 *(.data .data.* .gnu.linkonce.d.*)
 .data          0x200000cc       0x14 .\CortexM0\ARM_GCC_541\Debug\PWMExample01.a(CyLib.o)
                0x200000cc                cydelayFreqHz
                0x200000d0                cydelayFreqKhz
                0x200000d4                cydelayFreqMhz
                0x200000d8                cydelay32kMs
                0x200000dc                CySysClkPumpConfig
 .data.impure_data
                0x200000e0       0x60 c:/program files (x86)/cypress/psoc creator/4.2/psoc creator/import/gnu/arm/5.4.1/bin/../lib/gcc/arm-none-eabi/5.4.1/../../../../arm-none-eabi/lib/armv6-m\libg_nano.a(lib_a-impure.o)
 .data._impure_ptr
                0x20000140        0x4 c:/program files (x86)/cypress/psoc creator/4.2/psoc creator/import/gnu/arm/5.4.1/bin/../lib/gcc/arm-none-eabi/5.4.1/../../../../arm-none-eabi/lib/armv6-m\libg_nano.a(lib_a-impure.o)
                0x20000140                _impure_ptr
                0x20000148                . = ALIGN (0x8)
 *fill*         0x20000144        0x4 
 *(.ram)
                0x20000148                _edata = .

.igot.plt       0x20000148        0x0 load address 0x00000a70
 .igot.plt      0x20000148        0x0 c:/program files (x86)/cypress/psoc creator/4.2/psoc creator/import/gnu/arm/5.4.1/bin/../lib/gcc/arm-none-eabi/5.4.1/armv6-m/crtbegin.o

.bss            0x20000148       0x20 load address 0x00000a70
                0x20000148                PROVIDE (__bss_start__, .)
 *(.shbss)
 *(.bss .bss.* .gnu.linkonce.b.*)
 .bss           0x20000148       0x1c c:/program files (x86)/cypress/psoc creator/4.2/psoc creator/import/gnu/arm/5.4.1/bin/../lib/gcc/arm-none-eabi/5.4.1/armv6-m/crtbegin.o
 .bss           0x20000164        0x1 .\CortexM0\ARM_GCC_541\Debug\PWMExample01.a(PWM.o)
                0x20000164                PWM_initVar
 *(COMMON)
                0x20000168                . = ALIGN (0x8)
 *fill*         0x20000165        0x3 
 *(.ram.b)
                0x20000168                _end = .
                0x20000168                __end = .
                0x20000168                PROVIDE (end, .)
                0x20000168                PROVIDE (__bss_end__, .)
                0x000009f0                __cy_region_init_ram = LOADADDR (.data)
                0x00000080                __cy_region_init_size_ram = (_edata - ADDR (.data))
                0x00000020                __cy_region_zero_size_ram = (_end - _edata)

.heap           0x20000168      0x100 load address 0x00000a70
                0x20000168                . = _end
                0x20000268                . = (. + 0x100)
 *fill*         0x20000168      0x100 
                0x20000268                __cy_heap_limit = .

.stack          0x20000c00      0x400
                0x20000c00                __cy_stack_limit = .
                0x20001000                . = (. + 0x400)
 *fill*         0x20000c00      0x400 
                0x00000001                ASSERT ((__cy_stack_limit >= __cy_heap_limit), region RAM overflowed with stack)
                0x00000000                cy_checksum_exclude_size = (CY_APPL_LOADABLE == 0x1)?SIZEOF (.cy_checksum_exclude):0x0
                0x00000001                ASSERT ((cy_checksum_exclude_size <= CY_CHECKSUM_EXCLUDE_SIZE), CY_BOOT: Section .cy_checksum_exclude size exceedes specified limit.)
                0x00007fc0                cyloadermeta_start = (cy_project_type_bootloader || cy_project_type_app_for_stack_and_copier)?(LENGTH (rom) - CY_METADATA_SIZE):0xf0000000

.cyloadermeta
 *(.cyloadermeta)
                0x00007fc0                cyloadablemeta_start = cy_project_type_app_for_stack_and_copier?((LENGTH (rom) - CY_FLASH_ROW_SIZE) - CY_METADATA_SIZE):((LENGTH (rom) - (CY_FLASH_ROW_SIZE * (CY_APPL_NUM - 0x1))) - CY_METADATA_SIZE)

.cyloadablemeta
 *(.cyloadablemeta)

.cyflashprotect
                0x90400000       0x20
 *(.cyflashprotect)
 .cyflashprotect
                0x90400000       0x20 .\CortexM0\ARM_GCC_541\Debug\cymetadata.o
                0x90400000                cy_meta_flashprotect

.cymeta         0x90500000        0xc
 *(.cymeta)
 .cymeta        0x90500000        0xc .\CortexM0\ARM_GCC_541\Debug\cymetadata.o
                0x90500000                cy_metadata

.cychipprotect  0x90600000        0x1
 *(.cychipprotect)
 .cychipprotect
                0x90600000        0x1 .\CortexM0\ARM_GCC_541\Debug\cymetadata.o
                0x90600000                cy_meta_chipprotect

.rel.dyn        0x00000a70        0x0 load address 0x90600004
 .rel.iplt      0x00000a70        0x0 c:/program files (x86)/cypress/psoc creator/4.2/psoc creator/import/gnu/arm/5.4.1/bin/../lib/gcc/arm-none-eabi/5.4.1/armv6-m/crtbegin.o

.stab
 *(.stab)

.stabstr
 *(.stabstr)

.debug
 *(.debug)

.line
 *(.line)

.debug_srcinfo
 *(.debug_srcinfo)

.debug_sfnames
 *(.debug_sfnames)

.debug_aranges  0x00000000      0x450
 *(.debug_aranges)
 .debug_aranges
                0x00000000       0x28 .\CortexM0\ARM_GCC_541\Debug\main.o
 .debug_aranges
                0x00000028       0x50 .\CortexM0\ARM_GCC_541\Debug\cyfitter_cfg.o
 .debug_aranges
                0x00000078       0x18 .\CortexM0\ARM_GCC_541\Debug\cymetadata.o
 .debug_aranges
                0x00000090       0x48 .\CortexM0\ARM_GCC_541\Debug\Cm0Start.o
 .debug_aranges
                0x000000d8      0x158 .\CortexM0\ARM_GCC_541\Debug\PWMExample01.a(PWM.o)
 .debug_aranges
                0x00000230       0x80 .\CortexM0\ARM_GCC_541\Debug\PWMExample01.a(TC_ISR.o)
 .debug_aranges
                0x000002b0      0x180 .\CortexM0\ARM_GCC_541\Debug\PWMExample01.a(CyLib.o)
 .debug_aranges
                0x00000430       0x20 .\CortexM0\ARM_GCC_541\Debug\PWMExample01.a(CyBootAsmGnu.o)

.debug_pubnames
 *(.debug_pubnames)

.debug_info     0x00000000     0x1b2b
 *(.debug_info .gnu.linkonce.wi.*)
 .debug_info    0x00000000       0xde .\CortexM0\ARM_GCC_541\Debug\main.o
 .debug_info    0x000000de      0x35e .\CortexM0\ARM_GCC_541\Debug\cyfitter_cfg.o
 .debug_info    0x0000043c       0xf8 .\CortexM0\ARM_GCC_541\Debug\cymetadata.o
 .debug_info    0x00000534      0x312 .\CortexM0\ARM_GCC_541\Debug\Cm0Start.o
 .debug_info    0x00000846      0x6fb .\CortexM0\ARM_GCC_541\Debug\PWMExample01.a(PWM.o)
 .debug_info    0x00000f41      0x24d .\CortexM0\ARM_GCC_541\Debug\PWMExample01.a(TC_ISR.o)
 .debug_info    0x0000118e      0x8e0 .\CortexM0\ARM_GCC_541\Debug\PWMExample01.a(CyLib.o)
 .debug_info    0x00001a6e       0xbd .\CortexM0\ARM_GCC_541\Debug\PWMExample01.a(CyBootAsmGnu.o)

.debug_abbrev   0x00000000      0x848
 *(.debug_abbrev)
 .debug_abbrev  0x00000000       0x78 .\CortexM0\ARM_GCC_541\Debug\main.o
 .debug_abbrev  0x00000078      0x18a .\CortexM0\ARM_GCC_541\Debug\cyfitter_cfg.o
 .debug_abbrev  0x00000202       0x5d .\CortexM0\ARM_GCC_541\Debug\cymetadata.o
 .debug_abbrev  0x0000025f      0x1c8 .\CortexM0\ARM_GCC_541\Debug\Cm0Start.o
 .debug_abbrev  0x00000427       0xfc .\CortexM0\ARM_GCC_541\Debug\PWMExample01.a(PWM.o)
 .debug_abbrev  0x00000523      0x16a .\CortexM0\ARM_GCC_541\Debug\PWMExample01.a(TC_ISR.o)
 .debug_abbrev  0x0000068d      0x1a7 .\CortexM0\ARM_GCC_541\Debug\PWMExample01.a(CyLib.o)
 .debug_abbrev  0x00000834       0x14 .\CortexM0\ARM_GCC_541\Debug\PWMExample01.a(CyBootAsmGnu.o)

.debug_line     0x00000000      0xebb
 *(.debug_line)
 .debug_line    0x00000000       0x76 .\CortexM0\ARM_GCC_541\Debug\main.o
 .debug_line    0x00000076      0x18b .\CortexM0\ARM_GCC_541\Debug\cyfitter_cfg.o
 .debug_line    0x00000201      0x141 .\CortexM0\ARM_GCC_541\Debug\cymetadata.o
 .debug_line    0x00000342      0x1cf .\CortexM0\ARM_GCC_541\Debug\Cm0Start.o
 .debug_line    0x00000511      0x371 .\CortexM0\ARM_GCC_541\Debug\PWMExample01.a(PWM.o)
 .debug_line    0x00000882      0x155 .\CortexM0\ARM_GCC_541\Debug\PWMExample01.a(TC_ISR.o)
 .debug_line    0x000009d7      0x47b .\CortexM0\ARM_GCC_541\Debug\PWMExample01.a(CyLib.o)
 .debug_line    0x00000e52       0x69 .\CortexM0\ARM_GCC_541\Debug\PWMExample01.a(CyBootAsmGnu.o)

.debug_frame    0x00000000      0xf18
 *(.debug_frame)
 .debug_frame   0x00000000       0x48 .\CortexM0\ARM_GCC_541\Debug\main.o
 .debug_frame   0x00000048       0xe8 .\CortexM0\ARM_GCC_541\Debug\cyfitter_cfg.o
 .debug_frame   0x00000130       0xc8 .\CortexM0\ARM_GCC_541\Debug\Cm0Start.o
 .debug_frame   0x000001f8      0x52c .\CortexM0\ARM_GCC_541\Debug\PWMExample01.a(PWM.o)
 .debug_frame   0x00000724      0x190 .\CortexM0\ARM_GCC_541\Debug\PWMExample01.a(TC_ISR.o)
 .debug_frame   0x000008b4      0x588 .\CortexM0\ARM_GCC_541\Debug\PWMExample01.a(CyLib.o)
 .debug_frame   0x00000e3c       0x20 c:/program files (x86)/cypress/psoc creator/4.2/psoc creator/import/gnu/arm/5.4.1/bin/../lib/gcc/arm-none-eabi/5.4.1/armv6-m\libgcc.a(_udivsi3.o)
 .debug_frame   0x00000e5c       0x20 c:/program files (x86)/cypress/psoc creator/4.2/psoc creator/import/gnu/arm/5.4.1/bin/../lib/gcc/arm-none-eabi/5.4.1/../../../../arm-none-eabi/lib/armv6-m\libg_nano.a(lib_a-errno.o)
 .debug_frame   0x00000e7c       0x28 c:/program files (x86)/cypress/psoc creator/4.2/psoc creator/import/gnu/arm/5.4.1/bin/../lib/gcc/arm-none-eabi/5.4.1/../../../../arm-none-eabi/lib/armv6-m\libg_nano.a(lib_a-exit.o)
 .debug_frame   0x00000ea4       0x2c c:/program files (x86)/cypress/psoc creator/4.2/psoc creator/import/gnu/arm/5.4.1/bin/../lib/gcc/arm-none-eabi/5.4.1/../../../../arm-none-eabi/lib/armv6-m\libg_nano.a(lib_a-init.o)
 .debug_frame   0x00000ed0       0x28 c:/program files (x86)/cypress/psoc creator/4.2/psoc creator/import/gnu/arm/5.4.1/bin/../lib/gcc/arm-none-eabi/5.4.1/../../../../arm-none-eabi/lib/armv6-m\libg_nano.a(lib_a-memcpy-stub.o)
 .debug_frame   0x00000ef8       0x20 c:/program files (x86)/cypress/psoc creator/4.2/psoc creator/import/gnu/arm/5.4.1/bin/../lib/gcc/arm-none-eabi/5.4.1/../../../../arm-none-eabi/lib/armv6-m\libg_nano.a(lib_a-memset.o)

.debug_str      0x00000000      0xd91
 *(.debug_str)
 .debug_str     0x00000000      0x19a .\CortexM0\ARM_GCC_541\Debug\main.o
                                0x1da (size before relaxing)
 .debug_str     0x0000019a      0x114 .\CortexM0\ARM_GCC_541\Debug\cyfitter_cfg.o
                                0x2ed (size before relaxing)
 .debug_str     0x000002ae       0x63 .\CortexM0\ARM_GCC_541\Debug\cymetadata.o
                                0x1f5 (size before relaxing)
 .debug_str     0x00000311      0x120 .\CortexM0\ARM_GCC_541\Debug\Cm0Start.o
                                0x2fb (size before relaxing)
 .debug_str     0x00000431      0x39c .\CortexM0\ARM_GCC_541\Debug\PWMExample01.a(PWM.o)
                                0x55d (size before relaxing)
 .debug_str     0x000007cd      0x11b .\CortexM0\ARM_GCC_541\Debug\PWMExample01.a(TC_ISR.o)
                                0x2f8 (size before relaxing)
 .debug_str     0x000008e8      0x4a9 .\CortexM0\ARM_GCC_541\Debug\PWMExample01.a(CyLib.o)
                                0x6a8 (size before relaxing)

.debug_loc
 *(.debug_loc)

.debug_macinfo
 *(.debug_macinfo)

.debug_ranges   0x00000000      0x3b8
 *(.debug_ranges)
 .debug_ranges  0x00000000       0x18 .\CortexM0\ARM_GCC_541\Debug\main.o
 .debug_ranges  0x00000018       0x40 .\CortexM0\ARM_GCC_541\Debug\cyfitter_cfg.o
 .debug_ranges  0x00000058       0x38 .\CortexM0\ARM_GCC_541\Debug\Cm0Start.o
 .debug_ranges  0x00000090      0x148 .\CortexM0\ARM_GCC_541\Debug\PWMExample01.a(PWM.o)
 .debug_ranges  0x000001d8       0x70 .\CortexM0\ARM_GCC_541\Debug\PWMExample01.a(TC_ISR.o)
 .debug_ranges  0x00000248      0x170 .\CortexM0\ARM_GCC_541\Debug\PWMExample01.a(CyLib.o)

.comment        0x00000000       0x6e
 .comment       0x00000000       0x6e .\CortexM0\ARM_GCC_541\Debug\main.o
                                 0x6f (size before relaxing)
 .comment       0x0000006e       0x6f .\CortexM0\ARM_GCC_541\Debug\cyfitter_cfg.o
 .comment       0x0000006e       0x6f .\CortexM0\ARM_GCC_541\Debug\cymetadata.o
 .comment       0x0000006e       0x6f .\CortexM0\ARM_GCC_541\Debug\Cm0Start.o
 .comment       0x0000006e       0x6f .\CortexM0\ARM_GCC_541\Debug\PWMExample01.a(PWM.o)
 .comment       0x0000006e       0x6f .\CortexM0\ARM_GCC_541\Debug\PWMExample01.a(TC_ISR.o)
 .comment       0x0000006e       0x6f .\CortexM0\ARM_GCC_541\Debug\PWMExample01.a(CyLib.o)

.debug_weaknames
 *(.debug_weaknames)

.debug_funcnames
 *(.debug_funcnames)

.debug_typenames
 *(.debug_typenames)

.debug_varnames
 *(.debug_varnames)

.note.gnu.arm.ident
 *(.note.gnu.arm.ident)

.ARM.attributes
                0x00000000       0x28
 *(.ARM.attributes)
 .ARM.attributes
                0x00000000       0x1e c:/program files (x86)/cypress/psoc creator/4.2/psoc creator/import/gnu/arm/5.4.1/bin/../lib/gcc/arm-none-eabi/5.4.1/armv6-m/crti.o
 .ARM.attributes
                0x0000001e       0x2c c:/program files (x86)/cypress/psoc creator/4.2/psoc creator/import/gnu/arm/5.4.1/bin/../lib/gcc/arm-none-eabi/5.4.1/armv6-m/crtbegin.o
 .ARM.attributes
                0x0000004a       0x1b c:/program files (x86)/cypress/psoc creator/4.2/psoc creator/import/gnu/arm/5.4.1/bin/../lib/gcc/arm-none-eabi/5.4.1/../../../../arm-none-eabi/lib/armv6-m/crt0.o
 .ARM.attributes
                0x00000065       0x31 .\CortexM0\ARM_GCC_541\Debug\main.o
 .ARM.attributes
                0x00000096       0x31 .\CortexM0\ARM_GCC_541\Debug\cyfitter_cfg.o
 .ARM.attributes
                0x000000c7       0x31 .\CortexM0\ARM_GCC_541\Debug\cymetadata.o
 .ARM.attributes
                0x000000f8       0x31 .\CortexM0\ARM_GCC_541\Debug\Cm0Start.o
 .ARM.attributes
                0x00000129       0x31 .\CortexM0\ARM_GCC_541\Debug\PWMExample01.a(PWM.o)
 .ARM.attributes
                0x0000015a       0x31 .\CortexM0\ARM_GCC_541\Debug\PWMExample01.a(TC_ISR.o)
 .ARM.attributes
                0x0000018b       0x31 .\CortexM0\ARM_GCC_541\Debug\PWMExample01.a(CyLib.o)
 .ARM.attributes
                0x000001bc       0x21 .\CortexM0\ARM_GCC_541\Debug\PWMExample01.a(CyBootAsmGnu.o)
 .ARM.attributes
                0x000001dd       0x1e c:/program files (x86)/cypress/psoc creator/4.2/psoc creator/import/gnu/arm/5.4.1/bin/../lib/gcc/arm-none-eabi/5.4.1/armv6-m\libgcc.a(_udivsi3.o)
 .ARM.attributes
                0x000001fb       0x1e c:/program files (x86)/cypress/psoc creator/4.2/psoc creator/import/gnu/arm/5.4.1/bin/../lib/gcc/arm-none-eabi/5.4.1/armv6-m\libgcc.a(_dvmd_tls.o)
 .ARM.attributes
                0x00000219       0x2c c:/program files (x86)/cypress/psoc creator/4.2/psoc creator/import/gnu/arm/5.4.1/bin/../lib/gcc/arm-none-eabi/5.4.1/../../../../arm-none-eabi/lib/armv6-m\libg_nano.a(lib_a-errno.o)
 .ARM.attributes
                0x00000245       0x2c c:/program files (x86)/cypress/psoc creator/4.2/psoc creator/import/gnu/arm/5.4.1/bin/../lib/gcc/arm-none-eabi/5.4.1/../../../../arm-none-eabi/lib/armv6-m\libg_nano.a(lib_a-exit.o)
 .ARM.attributes
                0x00000271       0x2c c:/program files (x86)/cypress/psoc creator/4.2/psoc creator/import/gnu/arm/5.4.1/bin/../lib/gcc/arm-none-eabi/5.4.1/../../../../arm-none-eabi/lib/armv6-m\libg_nano.a(lib_a-impure.o)
 .ARM.attributes
                0x0000029d       0x2c c:/program files (x86)/cypress/psoc creator/4.2/psoc creator/import/gnu/arm/5.4.1/bin/../lib/gcc/arm-none-eabi/5.4.1/../../../../arm-none-eabi/lib/armv6-m\libg_nano.a(lib_a-init.o)
 .ARM.attributes
                0x000002c9       0x2c c:/program files (x86)/cypress/psoc creator/4.2/psoc creator/import/gnu/arm/5.4.1/bin/../lib/gcc/arm-none-eabi/5.4.1/../../../../arm-none-eabi/lib/armv6-m\libg_nano.a(lib_a-memcpy-stub.o)
 .ARM.attributes
                0x000002f5       0x2c c:/program files (x86)/cypress/psoc creator/4.2/psoc creator/import/gnu/arm/5.4.1/bin/../lib/gcc/arm-none-eabi/5.4.1/../../../../arm-none-eabi/lib/armv6-m\libg_nano.a(lib_a-memset.o)
 .ARM.attributes
                0x00000321       0x2c c:/program files (x86)/cypress/psoc creator/4.2/psoc creator/import/gnu/arm/5.4.1/bin/../lib/gcc/arm-none-eabi/5.4.1/armv6-m/crtend.o
 .ARM.attributes
                0x0000034d       0x1e c:/program files (x86)/cypress/psoc creator/4.2/psoc creator/import/gnu/arm/5.4.1/bin/../lib/gcc/arm-none-eabi/5.4.1/armv6-m/crtn.o

/DISCARD/
 *(.note.GNU-stack)
OUTPUT(C:\Users\diego\OneDrive\Documents\TEC\2018\Lab Control Automatico\ControlPsoc\Empiric_Model\PWMExample01.cydsn\CortexM0\ARM_GCC_541\Debug\PWMExample01.elf elf32-littlearm)
