Archive member included to satisfy reference by file (symbol)

.\CortexM3\ARM_GCC_541\Debug\Data_Acquisition.a(UART_1.o)
                              .\CortexM3\ARM_GCC_541\Debug\main.o (UART_1_Start)
.\CortexM3\ARM_GCC_541\Debug\Data_Acquisition.a(UART_1_IntClock.o)
                              .\CortexM3\ARM_GCC_541\Debug\Data_Acquisition.a(UART_1.o) (UART_1_IntClock_Start)
.\CortexM3\ARM_GCC_541\Debug\Data_Acquisition.a(CyLib.o)
                              .\CortexM3\ARM_GCC_541\Debug\Cm3Start.o (CyHalt)
.\CortexM3\ARM_GCC_541\Debug\Data_Acquisition.a(cyPm.o)
                              .\CortexM3\ARM_GCC_541\Debug\Data_Acquisition.a(CyLib.o) (CyPmReadStatus)
.\CortexM3\ARM_GCC_541\Debug\Data_Acquisition.a(Pin_2.o)
                              .\CortexM3\ARM_GCC_541\Debug\main.o (Pin_2_Write)
.\CortexM3\ARM_GCC_541\Debug\Data_Acquisition.a(QuadDec_Sensor.o)
                              .\CortexM3\ARM_GCC_541\Debug\main.o (QuadDec_Sensor_GetCounter)
.\CortexM3\ARM_GCC_541\Debug\Data_Acquisition.a(QuadDec_Sensor_Cnt16.o)
                              .\CortexM3\ARM_GCC_541\Debug\Data_Acquisition.a(QuadDec_Sensor.o) (QuadDec_Sensor_Cnt16_Stop)
.\CortexM3\ARM_GCC_541\Debug\Data_Acquisition.a(ADC_DelSig_1.o)
                              .\CortexM3\ARM_GCC_541\Debug\main.o (ADC_DelSig_1_Start)
.\CortexM3\ARM_GCC_541\Debug\Data_Acquisition.a(ADC_DelSig_1_INT.o)
                              .\CortexM3\ARM_GCC_541\Debug\Data_Acquisition.a(ADC_DelSig_1.o) (ADC_DelSig_1_ISR1)
.\CortexM3\ARM_GCC_541\Debug\Data_Acquisition.a(ADC_DelSig_1_AMux.o)
                              .\CortexM3\ARM_GCC_541\Debug\Data_Acquisition.a(ADC_DelSig_1.o) (ADC_DelSig_1_AMux_Select)
.\CortexM3\ARM_GCC_541\Debug\Data_Acquisition.a(ADC_DelSig_1_Ext_CP_Clk.o)
                              .\CortexM3\ARM_GCC_541\Debug\Data_Acquisition.a(ADC_DelSig_1.o) (ADC_DelSig_1_Ext_CP_Clk_SetModeRegister)
.\CortexM3\ARM_GCC_541\Debug\Data_Acquisition.a(ADC_DelSig_1_theACLK.o)
                              .\CortexM3\ARM_GCC_541\Debug\Data_Acquisition.a(ADC_DelSig_1.o) (ADC_DelSig_1_theACLK_SetModeRegister)
.\CortexM3\ARM_GCC_541\Debug\Data_Acquisition.a(Timer.o)
                              .\CortexM3\ARM_GCC_541\Debug\main.o (Timer_Start)
.\CortexM3\ARM_GCC_541\Debug\Data_Acquisition.a(isr_Timer.o)
                              .\CortexM3\ARM_GCC_541\Debug\main.o (isr_Timer_StartEx)
.\CortexM3\ARM_GCC_541\Debug\Data_Acquisition.a(PWM.o)
                              .\CortexM3\ARM_GCC_541\Debug\main.o (PWM_WriteCompare)
.\CortexM3\ARM_GCC_541\Debug\Data_Acquisition.a(H_Dir2.o)
                              .\CortexM3\ARM_GCC_541\Debug\main.o (H_Dir2_Write)
.\CortexM3\ARM_GCC_541\Debug\Data_Acquisition.a(H_Dir1.o)
                              .\CortexM3\ARM_GCC_541\Debug\main.o (H_Dir1_Write)
.\CortexM3\ARM_GCC_541\Debug\Data_Acquisition.a(START_BTN.o)
                              .\CortexM3\ARM_GCC_541\Debug\main.o (START_BTN_Read)
.\CortexM3\ARM_GCC_541\Debug\Data_Acquisition.a(CyBootAsmGnu.o)
                              .\CortexM3\ARM_GCC_541\Debug\cyfitter_cfg.o (CyDelayCycles)
.\CortexM3\ARM_GCC_541\Debug\Data_Acquisition.a(CyFlash.o)
                              .\CortexM3\ARM_GCC_541\Debug\Data_Acquisition.a(cyPm.o) (CyFlash_SetWaitCycles)
.\CortexM3\ARM_GCC_541\Debug\Data_Acquisition.a(CySpc.o)
                              .\CortexM3\ARM_GCC_541\Debug\Data_Acquisition.a(CyFlash.o) (CySpcStart)
c:/program files (x86)/cypress/psoc creator/4.2/psoc creator/import/gnu/arm/5.4.1/bin/../lib/gcc/arm-none-eabi/5.4.1/armv7-m\libgcc.a(_arm_addsubdf3.o)
                              .\CortexM3\ARM_GCC_541\Debug\main.o (__aeabi_dadd)
c:/program files (x86)/cypress/psoc creator/4.2/psoc creator/import/gnu/arm/5.4.1/bin/../lib/gcc/arm-none-eabi/5.4.1/armv7-m\libgcc.a(_arm_muldivdf3.o)
                              .\CortexM3\ARM_GCC_541\Debug\main.o (__aeabi_dmul)
c:/program files (x86)/cypress/psoc creator/4.2/psoc creator/import/gnu/arm/5.4.1/bin/../lib/gcc/arm-none-eabi/5.4.1/armv7-m\libgcc.a(_arm_cmpdf2.o)
                              .\CortexM3\ARM_GCC_541\Debug\Data_Acquisition.a(ADC_DelSig_1.o) (__aeabi_dcmpgt)
c:/program files (x86)/cypress/psoc creator/4.2/psoc creator/import/gnu/arm/5.4.1/bin/../lib/gcc/arm-none-eabi/5.4.1/armv7-m\libgcc.a(_arm_fixdfsi.o)
                              .\CortexM3\ARM_GCC_541\Debug\main.o (__aeabi_d2iz)
c:/program files (x86)/cypress/psoc creator/4.2/psoc creator/import/gnu/arm/5.4.1/bin/../lib/gcc/arm-none-eabi/5.4.1/armv7-m\libgcc.a(_arm_truncdfsf2.o)
                              .\CortexM3\ARM_GCC_541\Debug\main.o (__aeabi_d2f)
c:/program files (x86)/cypress/psoc creator/4.2/psoc creator/import/gnu/arm/5.4.1/bin/../lib/gcc/arm-none-eabi/5.4.1/armv7-m\libgcc.a(_arm_addsubsf3.o)
                              .\CortexM3\ARM_GCC_541\Debug\main.o (__aeabi_fsub)
[...]
Memory Configuration

Name             Origin             Length             Attributes
rom              0x00000000         0x00040000         xr
ram              0x1fff8000         0x00010000         xrw
*default*        0x00000000         0xffffffff

Linker script and memory map

LOAD c:/program files (x86)/cypress/psoc creator/4.2/psoc creator/import/gnu/arm/5.4.1/bin/../lib/gcc/arm-none-eabi/5.4.1/armv7-m/crti.o
LOAD c:/program files (x86)/cypress/psoc creator/4.2/psoc creator/import/gnu/arm/5.4.1/bin/../lib/gcc/arm-none-eabi/5.4.1/armv7-m/crtbegin.o
LOAD c:/program files (x86)/cypress/psoc creator/4.2/psoc creator/import/gnu/arm/5.4.1/bin/../lib/gcc/arm-none-eabi/5.4.1/../../../../arm-none-eabi/lib/armv7-m/crt0.o
START GROUP
LOAD .\CortexM3\ARM_GCC_541\Debug\main.o
LOAD .\CortexM3\ARM_GCC_541\Debug\cyfitter_cfg.o
LOAD .\CortexM3\ARM_GCC_541\Debug\cymetadata.o
LOAD .\CortexM3\ARM_GCC_541\Debug\Cm3Start.o
LOAD .\CortexM3\ARM_GCC_541\Debug\Data_Acquisition.a
LOAD C:\Program Files (x86)\Cypress\PSoC Creator\4.2\PSoC Creator\psoc\content\cycomponentlibrary\CyComponentLibrary.cylib\CortexM3\ARM_GCC_541\Debug\CyComponentLibrary.a
END GROUP
START GROUP
LOAD c:/program files (x86)/cypress/psoc creator/4.2/psoc creator/import/gnu/arm/5.4.1/bin/../lib/gcc/arm-none-eabi/5.4.1/armv7-m\libgcc.a
LOAD c:/program files (x86)/cypress/psoc creator/4.2/psoc creator/import/gnu/arm/5.4.1/bin/../lib/gcc/arm-none-eabi/5.4.1/../../../../arm-none-eabi/lib/armv7-m\libg_nano.a
LOAD c:/program files (x86)/cypress/psoc creator/4.2/psoc creator/import/gnu/arm/5.4.1/bin/../lib/gcc/arm-none-eabi/5.4.1/../../../../arm-none-eabi/lib/armv7-m\libc_nano.a
END GROUP
START GROUP
LOAD c:/program files (x86)/cypress/psoc creator/4.2/psoc creator/import/gnu/arm/5.4.1/bin/../lib/gcc/arm-none-eabi/5.4.1/armv7-m\libgcc.a
LOAD c:/program files (x86)/cypress/psoc creator/4.2/psoc creator/import/gnu/arm/5.4.1/bin/../lib/gcc/arm-none-eabi/5.4.1/../../../../arm-none-eabi/lib/armv7-m\libc_nano.a
END GROUP
LOAD c:/program files (x86)/cypress/psoc creator/4.2/psoc creator/import/gnu/arm/5.4.1/bin/../lib/gcc/arm-none-eabi/5.4.1/armv7-m/crtend.o
LOAD c:/program files (x86)/cypress/psoc creator/4.2/psoc creator/import/gnu/arm/5.4.1/bin/../lib/gcc/arm-none-eabi/5.4.1/armv7-m/crtn.o
START GROUP
LOAD c:/program files (x86)/cypress/psoc creator/4.2/psoc creator/import/gnu/arm/5.4.1/bin/../lib/gcc/arm-none-eabi/5.4.1/armv7-m\libgcc.a
LOAD c:/program files (x86)/cypress/psoc creator/4.2/psoc creator/import/gnu/arm/5.4.1/bin/../lib/gcc/arm-none-eabi/5.4.1/../../../../arm-none-eabi/lib/armv7-m\libc.a
LOAD c:/program files (x86)/cypress/psoc creator/4.2/psoc creator/import/gnu/arm/5.4.1/bin/../lib/gcc/arm-none-eabi/5.4.1/../../../../arm-none-eabi/lib/armv7-m\libnosys.a
END GROUP
                0x00000000                CY_APPL_ORIGIN = 0x0
                0x00000100                CY_FLASH_ROW_SIZE = 0x100
                0x00000020                CY_ECC_ROW_SIZE = 0x20
                0x00000000                CY_EE_IN_BTLDR = 0x0
                0x00000000                CY_APPL_LOADABLE = 0x0
                0x00000800                CY_EE_SIZE = 0x800
                0x00000001                CY_APPL_NUM = 0x1
                0x00000001                CY_APPL_MAX = 0x1
                0x00000040                CY_METADATA_SIZE = 0x40
                0x00000000                CY_APPL_LOADABLE = 0x0
                0x00000000                CY_CHECKSUM_EXCLUDE_SIZE = ALIGN (0x0, CY_FLASH_ROW_SIZE)
                [!provide]                PROVIDE (__cy_heap_start, _end)
                0x00000001                PROVIDE (__cy_region_num, ((__cy_regions_end - __cy_regions) / 0x10))
                0x20008000                PROVIDE (__cy_stack, (ORIGIN (ram) + LENGTH (ram)))
                [!provide]                PROVIDE (__cy_heap_end, (__cy_stack - 0x800))

.cybootloader   0x00000000        0x0
 *(.cybootloader)
                0x00000000                appl1_start = CY_APPL_ORIGIN?CY_APPL_ORIGIN:ALIGN (CY_FLASH_ROW_SIZE)
                0x0001ff00                appl2_start = (appl1_start + ALIGN ((((LENGTH (rom) - appl1_start) - (0x2 * CY_FLASH_ROW_SIZE)) / 0x2), CY_FLASH_ROW_SIZE))
                0x00000000                appl_start = (CY_APPL_NUM == 0x1)?appl1_start:appl2_start
                0x00000000                ecc_offset = ((appl_start / CY_FLASH_ROW_SIZE) * CY_ECC_ROW_SIZE)
                0x00000000                ee_offset = (CY_APPL_LOADABLE && ! (CY_EE_IN_BTLDR))?((CY_EE_SIZE / CY_APPL_MAX) * (CY_APPL_NUM - 0x1)):0x0
                0x00000800                ee_size = (CY_APPL_LOADABLE && ! (CY_EE_IN_BTLDR))?(CY_EE_SIZE / CY_APPL_MAX):CY_EE_SIZE
                [!provide]                PROVIDE (CY_ECC_OFFSET, ecc_offset)

.text           0x00000000     0x433c
 CREATE_OBJECT_SYMBOLS
                0x00000000                PROVIDE (__cy_interrupt_vector, RomVectors)
 *(.romvectors)
 .romvectors    0x00000000       0x10 .\CortexM3\ARM_GCC_541\Debug\Cm3Start.o
                0x00000000                RomVectors
                0x00000001                ASSERT ((. != __cy_interrupt_vector), No interrupt vector)
                0x00000001                ASSERT (CY_APPL_ORIGIN?(SIZEOF (.cybootloader) <= CY_APPL_ORIGIN):0x1, Wrong image location)
                0x00000010                PROVIDE (__cy_reset, Reset)
 *(.text.Reset)
 .text.Reset    0x00000010       0x18 .\CortexM3\ARM_GCC_541\Debug\Cm3Start.o
                0x00000010                Reset
                0x00000001                ASSERT ((. != __cy_reset), No reset code)
 *(.dma_init)
                0x00000001                ASSERT ((((appl_start + .) <= 0x10000) || 0x1), DMA Init must be within the first 64k of flash)
 *(.text .text.* .gnu.linkonce.t.*)
 .text          0x00000028       0x5c c:/program files (x86)/cypress/psoc creator/4.2/psoc creator/import/gnu/arm/5.4.1/bin/../lib/gcc/arm-none-eabi/5.4.1/armv7-m/crtbegin.o
 .text.transmit
                0x00000084       0x40 .\CortexM3\ARM_GCC_541\Debug\main.o
                0x00000084                transmit
 *fill*         0x000000c4        0x4 
 .text.PWM_Controller
                0x000000c8       0xa8 .\CortexM3\ARM_GCC_541\Debug\main.o
                0x000000c8                PWM_Controller
 .text.isr_Timer_Handler
                0x00000170      0x13c .\CortexM3\ARM_GCC_541\Debug\main.o
                0x00000170                isr_Timer_Handler
 .text.main     0x000002ac       0xa0 .\CortexM3\ARM_GCC_541\Debug\main.o
                0x000002ac                main
 .text.CyClockStartupError
                0x0000034c        0x4 .\CortexM3\ARM_GCC_541\Debug\cyfitter_cfg.o
 .text.cfg_write_bytes32
                0x00000350       0x34 .\CortexM3\ARM_GCC_541\Debug\cyfitter_cfg.o
 .text.AnalogSetDefault
                0x00000384       0x38 .\CortexM3\ARM_GCC_541\Debug\cyfitter_cfg.o
 .text.CYMEMZERO
                0x000003bc        0xc .\CortexM3\ARM_GCC_541\Debug\cyfitter_cfg.o
 .text.CYCONFIGCPY
                0x000003c8        0x8 .\CortexM3\ARM_GCC_541\Debug\cyfitter_cfg.o
 .text.ClockSetup
                0x000003d0      0x114 .\CortexM3\ARM_GCC_541\Debug\cyfitter_cfg.o
 .text.ADC_DelSig_1_AMux_Set
                0x000004e4       0x1c .\CortexM3\ARM_GCC_541\Debug\cyfitter_cfg.o
                0x000004e4                ADC_DelSig_1_AMux_Set
 .text.ADC_DelSig_1_AMux_Unset
                0x00000500       0x1c .\CortexM3\ARM_GCC_541\Debug\cyfitter_cfg.o
                0x00000500                ADC_DelSig_1_AMux_Unset
 .text.cyfitter_cfg
                0x0000051c      0x128 .\CortexM3\ARM_GCC_541\Debug\cyfitter_cfg.o
                0x0000051c                cyfitter_cfg
 .text.IntDefaultHandler
                0x00000644       0x10 .\CortexM3\ARM_GCC_541\Debug\Cm3Start.o
                0x00000644                IntDefaultHandler
 .text._sbrk    0x00000654       0x30 .\CortexM3\ARM_GCC_541\Debug\Cm3Start.o
                0x00000654                _sbrk
 .text.Start_c  0x00000684       0x4c .\CortexM3\ARM_GCC_541\Debug\Cm3Start.o
                0x00000684                Start_c
 .text.initialize_psoc
                0x000006d0       0x68 .\CortexM3\ARM_GCC_541\Debug\Cm3Start.o
                0x000006d0                initialize_psoc
 .text.UART_1_Init
                0x00000738       0x18 .\CortexM3\ARM_GCC_541\Debug\Data_Acquisition.a(UART_1.o)
                0x00000738                UART_1_Init
 .text.UART_1_Enable
                0x00000750       0x24 .\CortexM3\ARM_GCC_541\Debug\Data_Acquisition.a(UART_1.o)
                0x00000750                UART_1_Enable
 .text.UART_1_Start
                0x00000774       0x1c .\CortexM3\ARM_GCC_541\Debug\Data_Acquisition.a(UART_1.o)
                0x00000774                UART_1_Start
 .text.UART_1_PutChar
                0x00000790       0x18 .\CortexM3\ARM_GCC_541\Debug\Data_Acquisition.a(UART_1.o)
                0x00000790                UART_1_PutChar
 .text.UART_1_PutString
                0x000007a8       0x24 .\CortexM3\ARM_GCC_541\Debug\Data_Acquisition.a(UART_1.o)
                0x000007a8                UART_1_PutString
 .text.UART_1_IntClock_Start
                0x000007cc       0x1c .\CortexM3\ARM_GCC_541\Debug\Data_Acquisition.a(UART_1_IntClock.o)
                0x000007cc                UART_1_IntClock_Start
 .text.CyHalt   0x000007e8        0x4 .\CortexM3\ARM_GCC_541\Debug\Data_Acquisition.a(CyLib.o)
                0x000007e8                CyHalt
 .text.CyDelay  0x000007ec       0x2c .\CortexM3\ARM_GCC_541\Debug\Data_Acquisition.a(CyLib.o)
                0x000007ec                CyDelay
 .text.CyDelayUs
                0x00000818       0x14 .\CortexM3\ARM_GCC_541\Debug\Data_Acquisition.a(CyLib.o)
                0x00000818                CyDelayUs
 .text.CyIntSetVector
                0x0000082c       0x28 .\CortexM3\ARM_GCC_541\Debug\Data_Acquisition.a(CyLib.o)
                0x0000082c                CyIntSetVector
 .text.CyIntSetPriority
                0x00000854       0x30 .\CortexM3\ARM_GCC_541\Debug\Data_Acquisition.a(CyLib.o)
                0x00000854                CyIntSetPriority
 .text.Pin_2_Write
                0x00000884       0x18 .\CortexM3\ARM_GCC_541\Debug\Data_Acquisition.a(Pin_2.o)
                0x00000884                Pin_2_Write
 .text.QuadDec_Sensor_GetCounter
                0x0000089c       0x10 .\CortexM3\ARM_GCC_541\Debug\Data_Acquisition.a(QuadDec_Sensor.o)
                0x0000089c                QuadDec_Sensor_GetCounter
 .text.QuadDec_Sensor_SetCounter
                0x000008ac       0x1c .\CortexM3\ARM_GCC_541\Debug\Data_Acquisition.a(QuadDec_Sensor.o)
                0x000008ac                QuadDec_Sensor_SetCounter
 .text.QuadDec_Sensor_GetEvents
                0x000008c8       0x10 .\CortexM3\ARM_GCC_541\Debug\Data_Acquisition.a(QuadDec_Sensor.o)
                0x000008c8                QuadDec_Sensor_GetEvents
 .text.QuadDec_Sensor_SetInterruptMask
                0x000008d8        0xc .\CortexM3\ARM_GCC_541\Debug\Data_Acquisition.a(QuadDec_Sensor.o)
                0x000008d8                QuadDec_Sensor_SetInterruptMask
 .text.QuadDec_Sensor_Enable
                0x000008e4       0x24 .\CortexM3\ARM_GCC_541\Debug\Data_Acquisition.a(QuadDec_Sensor.o)
                0x000008e4                QuadDec_Sensor_Enable
 .text.QuadDec_Sensor_Start
                0x00000908       0x24 .\CortexM3\ARM_GCC_541\Debug\Data_Acquisition.a(QuadDec_Sensor.o)
                0x00000908                QuadDec_Sensor_Start
 .text.QuadDec_Sensor_Cnt16_Enable
                0x0000092c       0x10 .\CortexM3\ARM_GCC_541\Debug\Data_Acquisition.a(QuadDec_Sensor_Cnt16.o)
                0x0000092c                QuadDec_Sensor_Cnt16_Enable
 .text.QuadDec_Sensor_Cnt16_SetInterruptMode
                0x0000093c        0xc .\CortexM3\ARM_GCC_541\Debug\Data_Acquisition.a(QuadDec_Sensor_Cnt16.o)
                0x0000093c                QuadDec_Sensor_Cnt16_SetInterruptMode
 .text.QuadDec_Sensor_Cnt16_ReadStatusRegister
                0x00000948        0xc .\CortexM3\ARM_GCC_541\Debug\Data_Acquisition.a(QuadDec_Sensor_Cnt16.o)
                0x00000948                QuadDec_Sensor_Cnt16_ReadStatusRegister
 .text.QuadDec_Sensor_Cnt16_WriteCounter
                0x00000954        0xc .\CortexM3\ARM_GCC_541\Debug\Data_Acquisition.a(QuadDec_Sensor_Cnt16.o)
                0x00000954                QuadDec_Sensor_Cnt16_WriteCounter
 .text.QuadDec_Sensor_Cnt16_ReadCounter
                0x00000960       0x14 .\CortexM3\ARM_GCC_541\Debug\Data_Acquisition.a(QuadDec_Sensor_Cnt16.o)
                0x00000960                QuadDec_Sensor_Cnt16_ReadCounter
 .text.QuadDec_Sensor_Cnt16_ReadCapture
                0x00000974        0xc .\CortexM3\ARM_GCC_541\Debug\Data_Acquisition.a(QuadDec_Sensor_Cnt16.o)
                0x00000974                QuadDec_Sensor_Cnt16_ReadCapture
 .text.QuadDec_Sensor_Cnt16_WritePeriod
                0x00000980        0xc .\CortexM3\ARM_GCC_541\Debug\Data_Acquisition.a(QuadDec_Sensor_Cnt16.o)
                0x00000980                QuadDec_Sensor_Cnt16_WritePeriod
 .text.QuadDec_Sensor_Cnt16_WriteCompare
                0x0000098c        0xc .\CortexM3\ARM_GCC_541\Debug\Data_Acquisition.a(QuadDec_Sensor_Cnt16.o)
                0x0000098c                QuadDec_Sensor_Cnt16_WriteCompare
 .text.QuadDec_Sensor_Cnt16_ClearFIFO
                0x00000998       0x14 .\CortexM3\ARM_GCC_541\Debug\Data_Acquisition.a(QuadDec_Sensor_Cnt16.o)
                0x00000998                QuadDec_Sensor_Cnt16_ClearFIFO
 .text.QuadDec_Sensor_Cnt16_Init
                0x000009ac       0x58 .\CortexM3\ARM_GCC_541\Debug\Data_Acquisition.a(QuadDec_Sensor_Cnt16.o)
                0x000009ac                QuadDec_Sensor_Cnt16_Init
 .text.QuadDec_Sensor_Cnt16_Start
                0x00000a04       0x1c .\CortexM3\ARM_GCC_541\Debug\Data_Acquisition.a(QuadDec_Sensor_Cnt16.o)
                0x00000a04                QuadDec_Sensor_Cnt16_Start
 .text.ADC_DelSig_1_GainCompensation
                0x00000a20       0xdc .\CortexM3\ARM_GCC_541\Debug\Data_Acquisition.a(ADC_DelSig_1.o)
 .text.ADC_DelSig_1_SetDSMRef0Reg
                0x00000afc       0x4c .\CortexM3\ARM_GCC_541\Debug\Data_Acquisition.a(ADC_DelSig_1.o)
 .text.ADC_DelSig_1_InitConfig
                0x00000b48       0xe0 .\CortexM3\ARM_GCC_541\Debug\Data_Acquisition.a(ADC_DelSig_1.o)
 .text.ADC_DelSig_1_Init
                0x00000c28       0xc4 .\CortexM3\ARM_GCC_541\Debug\Data_Acquisition.a(ADC_DelSig_1.o)
                0x00000c28                ADC_DelSig_1_Init
 .text.ADC_DelSig_1_Enable
                0x00000cec       0xd8 .\CortexM3\ARM_GCC_541\Debug\Data_Acquisition.a(ADC_DelSig_1.o)
                0x00000cec                ADC_DelSig_1_Enable
 .text.ADC_DelSig_1_Start
                0x00000dc4       0x28 .\CortexM3\ARM_GCC_541\Debug\Data_Acquisition.a(ADC_DelSig_1.o)
                0x00000dc4                ADC_DelSig_1_Start
 .text.ADC_DelSig_1_StartConvert
                0x00000dec       0x10 .\CortexM3\ARM_GCC_541\Debug\Data_Acquisition.a(ADC_DelSig_1.o)
                0x00000dec                ADC_DelSig_1_StartConvert
 .text.ADC_DelSig_1_IsEndConversion
                0x00000dfc       0x30 .\CortexM3\ARM_GCC_541\Debug\Data_Acquisition.a(ADC_DelSig_1.o)
                0x00000dfc                ADC_DelSig_1_IsEndConversion
 .text.ADC_DelSig_1_ISR1
                0x00000e2c        0x4 .\CortexM3\ARM_GCC_541\Debug\Data_Acquisition.a(ADC_DelSig_1_INT.o)
                0x00000e2c                ADC_DelSig_1_ISR1
 .text.ADC_DelSig_1_AMux_Start
                0x00000e30       0x20 .\CortexM3\ARM_GCC_541\Debug\Data_Acquisition.a(ADC_DelSig_1_AMux.o)
                0x00000e30                ADC_DelSig_1_AMux_Start
 .text.ADC_DelSig_1_AMux_Select
                0x00000e50       0x18 .\CortexM3\ARM_GCC_541\Debug\Data_Acquisition.a(ADC_DelSig_1_AMux.o)
                0x00000e50                ADC_DelSig_1_AMux_Select
 .text.ADC_DelSig_1_Ext_CP_Clk_GetDividerRegister
                0x00000e68        0xc .\CortexM3\ARM_GCC_541\Debug\Data_Acquisition.a(ADC_DelSig_1_Ext_CP_Clk.o)
                0x00000e68                ADC_DelSig_1_Ext_CP_Clk_GetDividerRegister
 .text.ADC_DelSig_1_Ext_CP_Clk_SetModeRegister
                0x00000e74       0x14 .\CortexM3\ARM_GCC_541\Debug\Data_Acquisition.a(ADC_DelSig_1_Ext_CP_Clk.o)
                0x00000e74                ADC_DelSig_1_Ext_CP_Clk_SetModeRegister
 .text.ADC_DelSig_1_Ext_CP_Clk_GetSourceRegister
                0x00000e88       0x10 .\CortexM3\ARM_GCC_541\Debug\Data_Acquisition.a(ADC_DelSig_1_Ext_CP_Clk.o)
                0x00000e88                ADC_DelSig_1_Ext_CP_Clk_GetSourceRegister
 .text.ADC_DelSig_1_Ext_CP_Clk_SetDividerRegister
                0x00000e98       0xd8 .\CortexM3\ARM_GCC_541\Debug\Data_Acquisition.a(ADC_DelSig_1_Ext_CP_Clk.o)
                0x00000e98                ADC_DelSig_1_Ext_CP_Clk_SetDividerRegister
 .text.ADC_DelSig_1_theACLK_GetDividerRegister
                0x00000f70        0xc .\CortexM3\ARM_GCC_541\Debug\Data_Acquisition.a(ADC_DelSig_1_theACLK.o)
                0x00000f70                ADC_DelSig_1_theACLK_GetDividerRegister
 .text.ADC_DelSig_1_theACLK_SetModeRegister
                0x00000f7c       0x14 .\CortexM3\ARM_GCC_541\Debug\Data_Acquisition.a(ADC_DelSig_1_theACLK.o)
                0x00000f7c                ADC_DelSig_1_theACLK_SetModeRegister
 .text.ADC_DelSig_1_theACLK_GetSourceRegister
                0x00000f90       0x10 .\CortexM3\ARM_GCC_541\Debug\Data_Acquisition.a(ADC_DelSig_1_theACLK.o)
                0x00000f90                ADC_DelSig_1_theACLK_GetSourceRegister
 .text.ADC_DelSig_1_theACLK_SetDividerRegister
                0x00000fa0       0xd8 .\CortexM3\ARM_GCC_541\Debug\Data_Acquisition.a(ADC_DelSig_1_theACLK.o)
                0x00000fa0                ADC_DelSig_1_theACLK_SetDividerRegister
 .text.Timer_Enable
                0x00001078       0x28 .\CortexM3\ARM_GCC_541\Debug\Data_Acquisition.a(Timer.o)
                0x00001078                Timer_Enable
 .text.Timer_SetInterruptMode
                0x000010a0        0xc .\CortexM3\ARM_GCC_541\Debug\Data_Acquisition.a(Timer.o)
                0x000010a0                Timer_SetInterruptMode
 .text.Timer_WritePeriod
                0x000010ac        0xc .\CortexM3\ARM_GCC_541\Debug\Data_Acquisition.a(Timer.o)
                0x000010ac                Timer_WritePeriod
 .text.Timer_WriteCounter
                0x000010b8        0xc .\CortexM3\ARM_GCC_541\Debug\Data_Acquisition.a(Timer.o)
                0x000010b8                Timer_WriteCounter
 .text.Timer_Init
                0x000010c4       0x68 .\CortexM3\ARM_GCC_541\Debug\Data_Acquisition.a(Timer.o)
                0x000010c4                Timer_Init
 .text.Timer_Start
                0x0000112c       0x1c .\CortexM3\ARM_GCC_541\Debug\Data_Acquisition.a(Timer.o)
                0x0000112c                Timer_Start
 .text.isr_Timer_SetVector
                0x00001148        0xc .\CortexM3\ARM_GCC_541\Debug\Data_Acquisition.a(isr_Timer.o)
                0x00001148                isr_Timer_SetVector
 .text.isr_Timer_SetPriority
                0x00001154       0x10 .\CortexM3\ARM_GCC_541\Debug\Data_Acquisition.a(isr_Timer.o)
                0x00001154                isr_Timer_SetPriority
 .text.isr_Timer_Enable
                0x00001164        0xc .\CortexM3\ARM_GCC_541\Debug\Data_Acquisition.a(isr_Timer.o)
                0x00001164                isr_Timer_Enable
 .text.isr_Timer_Disable
                0x00001170        0xc .\CortexM3\ARM_GCC_541\Debug\Data_Acquisition.a(isr_Timer.o)
                0x00001170                isr_Timer_Disable
 .text.isr_Timer_StartEx
                0x0000117c       0x1c .\CortexM3\ARM_GCC_541\Debug\Data_Acquisition.a(isr_Timer.o)
                0x0000117c                isr_Timer_StartEx
 .text.PWM_Enable
                0x00001198       0x10 .\CortexM3\ARM_GCC_541\Debug\Data_Acquisition.a(PWM.o)
                0x00001198                PWM_Enable
 .text.PWM_WriteCounter
                0x000011a8        0xc .\CortexM3\ARM_GCC_541\Debug\Data_Acquisition.a(PWM.o)
                0x000011a8                PWM_WriteCounter
 .text.PWM_WritePeriod
                0x000011b4        0xc .\CortexM3\ARM_GCC_541\Debug\Data_Acquisition.a(PWM.o)
                0x000011b4                PWM_WritePeriod
 .text.PWM_WriteCompare
                0x000011c0        0xc .\CortexM3\ARM_GCC_541\Debug\Data_Acquisition.a(PWM.o)
                0x000011c0                PWM_WriteCompare
 .text.PWM_SetInterruptMode
                0x000011cc        0xc .\CortexM3\ARM_GCC_541\Debug\Data_Acquisition.a(PWM.o)
                0x000011cc                PWM_SetInterruptMode
 .text.PWM_ReadStatusRegister
                0x000011d8        0xc .\CortexM3\ARM_GCC_541\Debug\Data_Acquisition.a(PWM.o)
                0x000011d8                PWM_ReadStatusRegister
 .text.PWM_ReadCapture
                0x000011e4        0xc .\CortexM3\ARM_GCC_541\Debug\Data_Acquisition.a(PWM.o)
                0x000011e4                PWM_ReadCapture
 .text.PWM_ClearFIFO
                0x000011f0       0x14 .\CortexM3\ARM_GCC_541\Debug\Data_Acquisition.a(PWM.o)
                0x000011f0                PWM_ClearFIFO
 .text.PWM_Init
                0x00001204       0x60 .\CortexM3\ARM_GCC_541\Debug\Data_Acquisition.a(PWM.o)
                0x00001204                PWM_Init
 .text.PWM_Start
                0x00001264       0x1c .\CortexM3\ARM_GCC_541\Debug\Data_Acquisition.a(PWM.o)
                0x00001264                PWM_Start
 .text.H_Dir2_Write
                0x00001280       0x18 .\CortexM3\ARM_GCC_541\Debug\Data_Acquisition.a(H_Dir2.o)
                0x00001280                H_Dir2_Write
 .text.H_Dir1_Write
                0x00001298       0x18 .\CortexM3\ARM_GCC_541\Debug\Data_Acquisition.a(H_Dir1.o)
                0x00001298                H_Dir1_Write
 .text.START_BTN_Read
                0x000012b0       0x10 .\CortexM3\ARM_GCC_541\Debug\Data_Acquisition.a(START_BTN.o)
                0x000012b0                START_BTN_Read
 .text          0x000012c0       0x20 .\CortexM3\ARM_GCC_541\Debug\Data_Acquisition.a(CyBootAsmGnu.o)
                0x000012c0                CyDelayCycles
                0x000012d0                CyEnterCriticalSection
                0x000012d8                CyExitCriticalSection
 .text          0x000012e0      0x370 c:/program files (x86)/cypress/psoc creator/4.2/psoc creator/import/gnu/arm/5.4.1/bin/../lib/gcc/arm-none-eabi/5.4.1/armv7-m\libgcc.a(_arm_addsubdf3.o)
                0x000012e0                __aeabi_drsub
                0x000012e8                __aeabi_dsub
                0x000012e8                __subdf3
                0x000012ec                __aeabi_dadd
                0x000012ec                __adddf3
                0x00001564                __floatunsidf
                0x00001564                __aeabi_ui2d
                0x00001584                __floatsidf
                0x00001584                __aeabi_i2d
                0x000015a8                __aeabi_f2d
                0x000015a8                __extendsfdf2
                0x000015e4                __floatundidf
                0x000015e4                __aeabi_ul2d
                0x000015f4                __floatdidf
                0x000015f4                __aeabi_l2d
 .text          0x00001650      0x424 c:/program files (x86)/cypress/psoc creator/4.2/psoc creator/import/gnu/arm/5.4.1/bin/../lib/gcc/arm-none-eabi/5.4.1/armv7-m\libgcc.a(_arm_muldivdf3.o)
                0x00001650                __aeabi_dmul
                0x00001650                __muldf3
                0x000018a4                __divdf3
                0x000018a4                __aeabi_ddiv
 .text          0x00001a74      0x110 c:/program files (x86)/cypress/psoc creator/4.2/psoc creator/import/gnu/arm/5.4.1/bin/../lib/gcc/arm-none-eabi/5.4.1/armv7-m\libgcc.a(_arm_cmpdf2.o)
                0x00001a74                __gtdf2
                0x00001a74                __gedf2
                0x00001a7c                __ltdf2
                0x00001a7c                __ledf2
                0x00001a84                __nedf2
                0x00001a84                __eqdf2
                0x00001a84                __cmpdf2
                0x00001b00                __aeabi_cdrcmple
                0x00001b10                __aeabi_cdcmpeq
                0x00001b10                __aeabi_cdcmple
                0x00001b20                __aeabi_dcmpeq
                0x00001b34                __aeabi_dcmplt
                0x00001b48                __aeabi_dcmple
                0x00001b5c                __aeabi_dcmpge
                0x00001b70                __aeabi_dcmpgt
 .text          0x00001b84       0x50 c:/program files (x86)/cypress/psoc creator/4.2/psoc creator/import/gnu/arm/5.4.1/bin/../lib/gcc/arm-none-eabi/5.4.1/armv7-m\libgcc.a(_arm_fixdfsi.o)
                0x00001b84                __aeabi_d2iz
                0x00001b84                __fixdfsi
 .text          0x00001bd4       0xa0 c:/program files (x86)/cypress/psoc creator/4.2/psoc creator/import/gnu/arm/5.4.1/bin/../lib/gcc/arm-none-eabi/5.4.1/armv7-m\libgcc.a(_arm_truncdfsf2.o)
                0x00001bd4                __truncdfsf2
                0x00001bd4                __aeabi_d2f
 .text          0x00001c74      0x21c c:/program files (x86)/cypress/psoc creator/4.2/psoc creator/import/gnu/arm/5.4.1/bin/../lib/gcc/arm-none-eabi/5.4.1/armv7-m\libgcc.a(_arm_addsubsf3.o)
                0x00001c74                __aeabi_frsub
                0x00001c7c                __subsf3
                0x00001c7c                __aeabi_fsub
                0x00001c80                __aeabi_fadd
                0x00001c80                __addsf3
                0x00001de0                __aeabi_ui2f
                0x00001de0                __floatunsisf
                0x00001de8                __aeabi_i2f
                0x00001de8                __floatsisf
                0x00001e04                __aeabi_ul2f
                0x00001e04                __floatundisf
                0x00001e14                __aeabi_l2f
                0x00001e14                __floatdisf
 .text          0x00001e90      0x2a0 c:/program files (x86)/cypress/psoc creator/4.2/psoc creator/import/gnu/arm/5.4.1/bin/../lib/gcc/arm-none-eabi/5.4.1/armv7-m\libgcc.a(_arm_muldivsf3.o)
                0x00001e90                __mulsf3
                0x00001e90                __aeabi_fmul
                0x00001ff8                __aeabi_fdiv
                0x00001ff8                __divsf3
 .text          0x00002130       0xec c:/program files (x86)/cypress/psoc creator/4.2/psoc creator/import/gnu/arm/5.4.1/bin/../lib/gcc/arm-none-eabi/5.4.1/armv7-m\libgcc.a(_arm_cmpsf2.o)
                0x00002130                __gesf2
                0x00002130                __gtsf2
                0x00002138                __lesf2
                0x00002138                __ltsf2
                0x00002140                __nesf2
                0x00002140                __eqsf2
                0x00002140                __cmpsf2
                0x000021a0                __aeabi_cfrcmple
                0x000021a8                __aeabi_cfcmpeq
                0x000021a8                __aeabi_cfcmple
                0x000021b8                __aeabi_fcmpeq
                0x000021cc                __aeabi_fcmplt
                0x000021e0                __aeabi_fcmple
                0x000021f4                __aeabi_fcmpge
                0x00002208                __aeabi_fcmpgt
 .text          0x0000221c       0x4c c:/program files (x86)/cypress/psoc creator/4.2/psoc creator/import/gnu/arm/5.4.1/bin/../lib/gcc/arm-none-eabi/5.4.1/armv7-m\libgcc.a(_arm_fixsfsi.o)
                0x0000221c                __aeabi_f2iz
                0x0000221c                __fixsfsi
 .text.__errno  0x00002268        0xc c:/program files (x86)/cypress/psoc creator/4.2/psoc creator/import/gnu/arm/5.4.1/bin/../lib/gcc/arm-none-eabi/5.4.1/../../../../arm-none-eabi/lib/armv7-m\libg_nano.a(lib_a-errno.o)
                0x00002268                __errno
 .text.__libc_init_array
                0x00002274       0x4c c:/program files (x86)/cypress/psoc creator/4.2/psoc creator/import/gnu/arm/5.4.1/bin/../lib/gcc/arm-none-eabi/5.4.1/../../../../arm-none-eabi/lib/armv7-m\libg_nano.a(lib_a-init.o)
                0x00002274                __libc_init_array
 .text.memcpy   0x000022c0       0x16 c:/program files (x86)/cypress/psoc creator/4.2/psoc creator/import/gnu/arm/5.4.1/bin/../lib/gcc/arm-none-eabi/5.4.1/../../../../arm-none-eabi/lib/armv7-m\libg_nano.a(lib_a-memcpy-stub.o)
                0x000022c0                memcpy
 .text.memset   0x000022d6       0x10 c:/program files (x86)/cypress/psoc creator/4.2/psoc creator/import/gnu/arm/5.4.1/bin/../lib/gcc/arm-none-eabi/5.4.1/../../../../arm-none-eabi/lib/armv7-m\libg_nano.a(lib_a-memset.o)
                0x000022d6                memset
 .text.__cvt    0x000022e6       0xc0 c:/program files (x86)/cypress/psoc creator/4.2/psoc creator/import/gnu/arm/5.4.1/bin/../lib/gcc/arm-none-eabi/5.4.1/../../../../arm-none-eabi/lib/armv7-m\libg_nano.a(lib_a-nano-vfprintf_float.o)
                0x000022e6                __cvt
 .text.__exponent
                0x000023a6       0x62 c:/program files (x86)/cypress/psoc creator/4.2/psoc creator/import/gnu/arm/5.4.1/bin/../lib/gcc/arm-none-eabi/5.4.1/../../../../arm-none-eabi/lib/armv7-m\libg_nano.a(lib_a-nano-vfprintf_float.o)
                0x000023a6                __exponent
 .text._printf_float
                0x00002408      0x488 c:/program files (x86)/cypress/psoc creator/4.2/psoc creator/import/gnu/arm/5.4.1/bin/../lib/gcc/arm-none-eabi/5.4.1/../../../../arm-none-eabi/lib/armv7-m\libg_nano.a(lib_a-nano-vfprintf_float.o)
                0x00002408                _printf_float
 .text._printf_common
                0x00002890       0xec c:/program files (x86)/cypress/psoc creator/4.2/psoc creator/import/gnu/arm/5.4.1/bin/../lib/gcc/arm-none-eabi/5.4.1/../../../../arm-none-eabi/lib/armv7-m\libg_nano.a(lib_a-nano-vfprintf_i.o)
                0x00002890                _printf_common
 .text._printf_i
                0x0000297c      0x24c c:/program files (x86)/cypress/psoc creator/4.2/psoc creator/import/gnu/arm/5.4.1/bin/../lib/gcc/arm-none-eabi/5.4.1/../../../../arm-none-eabi/lib/armv7-m\libg_nano.a(lib_a-nano-vfprintf_i.o)
                0x0000297c                _printf_i
 .text.sprintf  0x00002bc8       0x48 c:/program files (x86)/cypress/psoc creator/4.2/psoc creator/import/gnu/arm/5.4.1/bin/../lib/gcc/arm-none-eabi/5.4.1/../../../../arm-none-eabi/lib/armv7-m\libg_nano.a(lib_a-sprintf.o)
                0x00002bc8                siprintf
                0x00002bc8                sprintf
 .text          0x00002c10       0x10 c:/program files (x86)/cypress/psoc creator/4.2/psoc creator/import/gnu/arm/5.4.1/bin/../lib/gcc/arm-none-eabi/5.4.1/../../../../arm-none-eabi/lib/armv7-m\libg_nano.a(lib_a-strlen.o)
                0x00002c10                strlen
 .text.quorem   0x00002c20      0x116 c:/program files (x86)/cypress/psoc creator/4.2/psoc creator/import/gnu/arm/5.4.1/bin/../lib/gcc/arm-none-eabi/5.4.1/../../../../arm-none-eabi/lib/armv7-m\libg_nano.a(lib_a-dtoa.o)
 *fill*         0x00002d36        0x2 
 .text._dtoa_r  0x00002d38      0xb30 c:/program files (x86)/cypress/psoc creator/4.2/psoc creator/import/gnu/arm/5.4.1/bin/../lib/gcc/arm-none-eabi/5.4.1/../../../../arm-none-eabi/lib/armv7-m\libg_nano.a(lib_a-dtoa.o)
                0x00002d38                _dtoa_r
 .text._localeconv_r
                0x00003868        0x8 c:/program files (x86)/cypress/psoc creator/4.2/psoc creator/import/gnu/arm/5.4.1/bin/../lib/gcc/arm-none-eabi/5.4.1/../../../../arm-none-eabi/lib/armv7-m\libg_nano.a(lib_a-locale.o)
                0x00003868                _localeconv_r
 .text.malloc   0x00003870       0x10 c:/program files (x86)/cypress/psoc creator/4.2/psoc creator/import/gnu/arm/5.4.1/bin/../lib/gcc/arm-none-eabi/5.4.1/../../../../arm-none-eabi/lib/armv7-m\libg_nano.a(lib_a-malloc.o)
                0x00003870                malloc
 .text.memchr   0x00003880       0x1c c:/program files (x86)/cypress/psoc creator/4.2/psoc creator/import/gnu/arm/5.4.1/bin/../lib/gcc/arm-none-eabi/5.4.1/../../../../arm-none-eabi/lib/armv7-m\libg_nano.a(lib_a-memchr-stub.o)
                0x00003880                memchr
 .text._Balloc  0x0000389c       0x6a c:/program files (x86)/cypress/psoc creator/4.2/psoc creator/import/gnu/arm/5.4.1/bin/../lib/gcc/arm-none-eabi/5.4.1/../../../../arm-none-eabi/lib/armv7-m\libg_nano.a(lib_a-mprec.o)
                0x0000389c                _Balloc
 .text._Bfree   0x00003906       0x2e c:/program files (x86)/cypress/psoc creator/4.2/psoc creator/import/gnu/arm/5.4.1/bin/../lib/gcc/arm-none-eabi/5.4.1/../../../../arm-none-eabi/lib/armv7-m\libg_nano.a(lib_a-mprec.o)
                0x00003906                _Bfree
 .text.__multadd
                0x00003934       0x76 c:/program files (x86)/cypress/psoc creator/4.2/psoc creator/import/gnu/arm/5.4.1/bin/../lib/gcc/arm-none-eabi/5.4.1/../../../../arm-none-eabi/lib/armv7-m\libg_nano.a(lib_a-mprec.o)
                0x00003934                __multadd
 .text.__hi0bits
                0x000039aa       0x40 c:/program files (x86)/cypress/psoc creator/4.2/psoc creator/import/gnu/arm/5.4.1/bin/../lib/gcc/arm-none-eabi/5.4.1/../../../../arm-none-eabi/lib/armv7-m\libg_nano.a(lib_a-mprec.o)
                0x000039aa                __hi0bits
 .text.__lo0bits
                0x000039ea       0x5a c:/program files (x86)/cypress/psoc creator/4.2/psoc creator/import/gnu/arm/5.4.1/bin/../lib/gcc/arm-none-eabi/5.4.1/../../../../arm-none-eabi/lib/armv7-m\libg_nano.a(lib_a-mprec.o)
                0x000039ea                __lo0bits
 .text.__i2b    0x00003a44       0x12 c:/program files (x86)/cypress/psoc creator/4.2/psoc creator/import/gnu/arm/5.4.1/bin/../lib/gcc/arm-none-eabi/5.4.1/../../../../arm-none-eabi/lib/armv7-m\libg_nano.a(lib_a-mprec.o)
                0x00003a44                __i2b
 .text.__multiply
                0x00003a56      0x120 c:/program files (x86)/cypress/psoc creator/4.2/psoc creator/import/gnu/arm/5.4.1/bin/../lib/gcc/arm-none-eabi/5.4.1/../../../../arm-none-eabi/lib/armv7-m\libg_nano.a(lib_a-mprec.o)
                0x00003a56                __multiply
 *fill*         0x00003b76        0x2 
 .text.__pow5mult
                0x00003b78       0x9c c:/program files (x86)/cypress/psoc creator/4.2/psoc creator/import/gnu/arm/5.4.1/bin/../lib/gcc/arm-none-eabi/5.4.1/../../../../arm-none-eabi/lib/armv7-m\libg_nano.a(lib_a-mprec.o)
                0x00003b78                __pow5mult
 .text.__lshift
                0x00003c14       0xa2 c:/program files (x86)/cypress/psoc creator/4.2/psoc creator/import/gnu/arm/5.4.1/bin/../lib/gcc/arm-none-eabi/5.4.1/../../../../arm-none-eabi/lib/armv7-m\libg_nano.a(lib_a-mprec.o)
                0x00003c14                __lshift
 .text.__mcmp   0x00003cb6       0x38 c:/program files (x86)/cypress/psoc creator/4.2/psoc creator/import/gnu/arm/5.4.1/bin/../lib/gcc/arm-none-eabi/5.4.1/../../../../arm-none-eabi/lib/armv7-m\libg_nano.a(lib_a-mprec.o)
                0x00003cb6                __mcmp
 .text.__mdiff  0x00003cee       0xbe c:/program files (x86)/cypress/psoc creator/4.2/psoc creator/import/gnu/arm/5.4.1/bin/../lib/gcc/arm-none-eabi/5.4.1/../../../../arm-none-eabi/lib/armv7-m\libg_nano.a(lib_a-mprec.o)
                0x00003cee                __mdiff
 .text.__d2b    0x00003dac       0x9c c:/program files (x86)/cypress/psoc creator/4.2/psoc creator/import/gnu/arm/5.4.1/bin/../lib/gcc/arm-none-eabi/5.4.1/../../../../arm-none-eabi/lib/armv7-m\libg_nano.a(lib_a-mprec.o)
                0x00003dac                __d2b
 .text._calloc_r
                0x00003e48       0x1c c:/program files (x86)/cypress/psoc creator/4.2/psoc creator/import/gnu/arm/5.4.1/bin/../lib/gcc/arm-none-eabi/5.4.1/../../../../arm-none-eabi/lib/armv7-m\libg_nano.a(lib_a-nano-callocr.o)
                0x00003e48                _calloc_r
 .text._free_r  0x00003e64       0x98 c:/program files (x86)/cypress/psoc creator/4.2/psoc creator/import/gnu/arm/5.4.1/bin/../lib/gcc/arm-none-eabi/5.4.1/../../../../arm-none-eabi/lib/armv7-m\libg_nano.a(lib_a-nano-freer.o)
                0x00003e64                _free_r
 .text._malloc_r
                0x00003efc       0xbc c:/program files (x86)/cypress/psoc creator/4.2/psoc creator/import/gnu/arm/5.4.1/bin/../lib/gcc/arm-none-eabi/5.4.1/../../../../arm-none-eabi/lib/armv7-m\libg_nano.a(lib_a-nano-mallocr.o)
                0x00003efc                _malloc_r
 .text.__ssputs_r
                0x00003fb8       0xb2 c:/program files (x86)/cypress/psoc creator/4.2/psoc creator/import/gnu/arm/5.4.1/bin/../lib/gcc/arm-none-eabi/5.4.1/../../../../arm-none-eabi/lib/armv7-m\libg_nano.a(lib_a-nano-svfprintf.o)
                0x00003fb8                __ssputs_r
 *fill*         0x0000406a        0x2 
 .text._svfprintf_r
                0x0000406c      0x1e8 c:/program files (x86)/cypress/psoc creator/4.2/psoc creator/import/gnu/arm/5.4.1/bin/../lib/gcc/arm-none-eabi/5.4.1/../../../../arm-none-eabi/lib/armv7-m\libg_nano.a(lib_a-nano-svfprintf.o)
                0x0000406c                _svfiprintf_r
                0x0000406c                _svfprintf_r
 .text._sbrk_r  0x00004254       0x20 c:/program files (x86)/cypress/psoc creator/4.2/psoc creator/import/gnu/arm/5.4.1/bin/../lib/gcc/arm-none-eabi/5.4.1/../../../../arm-none-eabi/lib/armv7-m\libg_nano.a(lib_a-sbrkr.o)
                0x00004254                _sbrk_r
 .text.memmove  0x00004274       0x36 c:/program files (x86)/cypress/psoc creator/4.2/psoc creator/import/gnu/arm/5.4.1/bin/../lib/gcc/arm-none-eabi/5.4.1/../../../../arm-none-eabi/lib/armv7-m\libg_nano.a(lib_a-memmove.o)
                0x00004274                memmove
 .text.__malloc_lock
                0x000042aa        0x2 c:/program files (x86)/cypress/psoc creator/4.2/psoc creator/import/gnu/arm/5.4.1/bin/../lib/gcc/arm-none-eabi/5.4.1/../../../../arm-none-eabi/lib/armv7-m\libg_nano.a(lib_a-mlock.o)
                0x000042aa                __malloc_lock
 .text.__malloc_unlock
                0x000042ac        0x2 c:/program files (x86)/cypress/psoc creator/4.2/psoc creator/import/gnu/arm/5.4.1/bin/../lib/gcc/arm-none-eabi/5.4.1/../../../../arm-none-eabi/lib/armv7-m\libg_nano.a(lib_a-mlock.o)
                0x000042ac                __malloc_unlock
 .text._realloc_r
                0x000042ae       0x4c c:/program files (x86)/cypress/psoc creator/4.2/psoc creator/import/gnu/arm/5.4.1/bin/../lib/gcc/arm-none-eabi/5.4.1/../../../../arm-none-eabi/lib/armv7-m\libg_nano.a(lib_a-nano-reallocr.o)
                0x000042ae                _realloc_r
 .text._malloc_usable_size_r
                0x000042fa       0x14 c:/program files (x86)/cypress/psoc creator/4.2/psoc creator/import/gnu/arm/5.4.1/bin/../lib/gcc/arm-none-eabi/5.4.1/../../../../arm-none-eabi/lib/armv7-m\libg_nano.a(lib_a-nano-msizer.o)
                0x000042fa                _malloc_usable_size_r
 *fill*         0x0000430e        0x2 
 .text          0x00004310       0x2c c:/program files (x86)/cypress/psoc creator/4.2/psoc creator/import/gnu/arm/5.4.1/bin/../lib/gcc/arm-none-eabi/5.4.1/armv7-m\libgcc.a(_arm_unorddf2.o)
                0x00004310                __unorddf2
                0x00004310                __aeabi_dcmpun
 *(.plt)
 *(.gnu.warning)
 *(.glue_7t)
 .glue_7t       0x0000433c        0x0 linker stubs
 *(.glue_7)
 .glue_7        0x0000433c        0x0 linker stubs
 *(.vfp11_veneer)
 .vfp11_veneer  0x0000433c        0x0 linker stubs
 *(.bootloader)
 *(.ARM.extab* .gnu.linkonce.armextab.*)
 *(.gcc_except_table)

.v4_bx          0x0000433c        0x0
 .v4_bx         0x0000433c        0x0 linker stubs

.iplt           0x0000433c        0x0
 .iplt          0x0000433c        0x0 c:/program files (x86)/cypress/psoc creator/4.2/psoc creator/import/gnu/arm/5.4.1/bin/../lib/gcc/arm-none-eabi/5.4.1/armv7-m/crtbegin.o

.eh_frame_hdr
 *(.eh_frame_hdr)

.eh_frame       0x0000433c        0x4
 *(.eh_frame)
 .eh_frame      0x0000433c        0x0 c:/program files (x86)/cypress/psoc creator/4.2/psoc creator/import/gnu/arm/5.4.1/bin/../lib/gcc/arm-none-eabi/5.4.1/armv7-m/crtbegin.o
 .eh_frame      0x0000433c        0x4 c:/program files (x86)/cypress/psoc creator/4.2/psoc creator/import/gnu/arm/5.4.1/bin/../lib/gcc/arm-none-eabi/5.4.1/armv7-m/crtend.o
                [!provide]                PROVIDE (__exidx_start, .)

.ARM.exidx
 *(.ARM.exidx* .gnu.linkonce.armexidx.*)
                0x00004340                __exidx_end = .

.rodata         0x00004340      0x1e0
 *(.rodata .rodata.* .gnu.linkonce.r.*)
 .rodata.str1.4
                0x00004340        0x8 .\CortexM3\ARM_GCC_541\Debug\main.o
 .rodata        0x00004348       0x42 .\CortexM3\ARM_GCC_541\Debug\cyfitter_cfg.o
                0x00004348                ADC_DelSig_1_AMux__addrTable
                0x00004350                ADC_DelSig_1_AMux__maskTable
 .rodata.str1.1
                0x0000438a        0x2 c:/program files (x86)/cypress/psoc creator/4.2/psoc creator/import/gnu/arm/5.4.1/bin/../lib/gcc/arm-none-eabi/5.4.1/../../../../arm-none-eabi/lib/armv7-m\libg_nano.a(lib_a-impure.o)
 .rodata.str1.1
                0x0000438c       0x12 c:/program files (x86)/cypress/psoc creator/4.2/psoc creator/import/gnu/arm/5.4.1/bin/../lib/gcc/arm-none-eabi/5.4.1/../../../../arm-none-eabi/lib/armv7-m\libg_nano.a(lib_a-nano-vfprintf_float.o)
 .rodata.str1.1
                0x0000439e       0x22 c:/program files (x86)/cypress/psoc creator/4.2/psoc creator/import/gnu/arm/5.4.1/bin/../lib/gcc/arm-none-eabi/5.4.1/../../../../arm-none-eabi/lib/armv7-m\libg_nano.a(lib_a-nano-vfprintf_i.o)
 .rodata.str1.1
                0x000043c0        0xd c:/program files (x86)/cypress/psoc creator/4.2/psoc creator/import/gnu/arm/5.4.1/bin/../lib/gcc/arm-none-eabi/5.4.1/../../../../arm-none-eabi/lib/armv7-m\libg_nano.a(lib_a-dtoa.o)
                                  0xf (size before relaxing)
 .rodata.str1.1
                0x000043cd        0x8 c:/program files (x86)/cypress/psoc creator/4.2/psoc creator/import/gnu/arm/5.4.1/bin/../lib/gcc/arm-none-eabi/5.4.1/../../../../arm-none-eabi/lib/armv7-m\libg_nano.a(lib_a-locale.o)
                                  0xb (size before relaxing)
 *fill*         0x000043d5        0x3 
 .rodata.__mprec_tens
                0x000043d8       0xc8 c:/program files (x86)/cypress/psoc creator/4.2/psoc creator/import/gnu/arm/5.4.1/bin/../lib/gcc/arm-none-eabi/5.4.1/../../../../arm-none-eabi/lib/armv7-m\libg_nano.a(lib_a-mprec.o)
                0x000043d8                __mprec_tens
 .rodata.p05.5408
                0x000044a0        0xc c:/program files (x86)/cypress/psoc creator/4.2/psoc creator/import/gnu/arm/5.4.1/bin/../lib/gcc/arm-none-eabi/5.4.1/../../../../arm-none-eabi/lib/armv7-m\libg_nano.a(lib_a-mprec.o)
 *fill*         0x000044ac        0x4 
 .rodata.__mprec_bigtens
                0x000044b0       0x28 c:/program files (x86)/cypress/psoc creator/4.2/psoc creator/import/gnu/arm/5.4.1/bin/../lib/gcc/arm-none-eabi/5.4.1/../../../../arm-none-eabi/lib/armv7-m\libg_nano.a(lib_a-mprec.o)
                0x000044b0                __mprec_bigtens
 .rodata.str1.1
                0x000044d8       0x11 c:/program files (x86)/cypress/psoc creator/4.2/psoc creator/import/gnu/arm/5.4.1/bin/../lib/gcc/arm-none-eabi/5.4.1/../../../../arm-none-eabi/lib/armv7-m\libg_nano.a(lib_a-nano-svfprintf.o)
                0x000044ec                . = ALIGN (0x4)
 *fill*         0x000044e9        0x3 
 *(.init)
 .init          0x000044ec        0x4 c:/program files (x86)/cypress/psoc creator/4.2/psoc creator/import/gnu/arm/5.4.1/bin/../lib/gcc/arm-none-eabi/5.4.1/armv7-m/crti.o
                0x000044ec                _init
 .init          0x000044f0        0x8 c:/program files (x86)/cypress/psoc creator/4.2/psoc creator/import/gnu/arm/5.4.1/bin/../lib/gcc/arm-none-eabi/5.4.1/armv7-m/crtn.o
                0x000044f8                . = ALIGN (0x4)
                0x000044f8                __preinit_array_start = .
 *(.preinit_array)
                0x000044f8                __preinit_array_end = .
                0x000044f8                . = ALIGN (0x4)
                0x000044f8                __init_array_start = .
 *(SORT(.init_array.*))
 *(.init_array)
 .init_array    0x000044f8        0x4 c:/program files (x86)/cypress/psoc creator/4.2/psoc creator/import/gnu/arm/5.4.1/bin/../lib/gcc/arm-none-eabi/5.4.1/armv7-m/crtbegin.o
 .init_array    0x000044fc        0x4 .\CortexM3\ARM_GCC_541\Debug\Cm3Start.o
                0x00004500                __init_array_end = .
                0x00004500                . = ALIGN (0x4)
 *(.fini)
 .fini          0x00004500        0x4 c:/program files (x86)/cypress/psoc creator/4.2/psoc creator/import/gnu/arm/5.4.1/bin/../lib/gcc/arm-none-eabi/5.4.1/armv7-m/crti.o
                0x00004500                _fini
 .fini          0x00004504        0x8 c:/program files (x86)/cypress/psoc creator/4.2/psoc creator/import/gnu/arm/5.4.1/bin/../lib/gcc/arm-none-eabi/5.4.1/armv7-m/crtn.o
                0x0000450c                . = ALIGN (0x4)
                0x0000450c                __fini_array_start = .
 *(.fini_array)
 .fini_array    0x0000450c        0x4 c:/program files (x86)/cypress/psoc creator/4.2/psoc creator/import/gnu/arm/5.4.1/bin/../lib/gcc/arm-none-eabi/5.4.1/armv7-m/crtbegin.o
 *(SORT(.fini_array.*))
                0x00004510                __fini_array_end = .
                0x00004510                . = ALIGN (0x4)
 *crtbegin.o(.ctors)
 *(EXCLUDE_FILE(*crtend.o) .ctors)
 *(SORT(.ctors.*))
 *crtend.o(.ctors)
                0x00004510                . = ALIGN (0x4)
 *crtbegin.o(.dtors)
 *(EXCLUDE_FILE(*crtend.o) .dtors)
 *(SORT(.dtors.*))
 *crtend.o(.dtors)
                0x00004510                . = ALIGN (0x4)
                0x00004510                __cy_regions = .
                0x00004510        0x4 LONG 0x4520 __cy_region_init_ram
                0x00004514        0x4 LONG 0x1fff80c8 __cy_region_start_data
                0x00004518        0x4 LONG 0xb8 __cy_region_init_size_ram
                0x0000451c        0x4 LONG 0x78 __cy_region_zero_size_ram
                0x00004520                __cy_regions_end = .
                0x00004520                . = ALIGN (0x8)
                0x00004520                _etext = .

.cy_checksum_exclude
                0x00004520        0x0
 *(.cy_checksum_exclude)

.ramvectors     0x1fff8000       0xc0
                0x1fff8000                __cy_region_start_ram = .
 *(.ramvectors)
 .ramvectors    0x1fff8000       0xc0 .\CortexM3\ARM_GCC_541\Debug\Cm3Start.o
                0x1fff8000                CyRamVectors

.noinit         0x1fff80c0        0x1
 *(.noinit)
 .noinit        0x1fff80c0        0x1 .\CortexM3\ARM_GCC_541\Debug\Data_Acquisition.a(CyLib.o)
                0x1fff80c0                CyResetStatus

.data           0x1fff80c8       0xb8 load address 0x00004520
                0x1fff80c8                __cy_region_start_data = .
 *(.jcr)
 .jcr           0x1fff80c8        0x0 c:/program files (x86)/cypress/psoc creator/4.2/psoc creator/import/gnu/arm/5.4.1/bin/../lib/gcc/arm-none-eabi/5.4.1/armv7-m/crtbegin.o
 .jcr           0x1fff80c8        0x4 c:/program files (x86)/cypress/psoc creator/4.2/psoc creator/import/gnu/arm/5.4.1/bin/../lib/gcc/arm-none-eabi/5.4.1/armv7-m/crtend.o
 *(.got.plt)
 *(.got)
 *(.shdata)
 *(.data .data.* .gnu.linkonce.d.*)
 .data          0x1fff80cc        0x4 .\CortexM3\ARM_GCC_541\Debug\Cm3Start.o
 .data          0x1fff80d0       0x10 .\CortexM3\ARM_GCC_541\Debug\Data_Acquisition.a(CyLib.o)
                0x1fff80d0                cydelay_32k_ms
                0x1fff80d4                cydelay_freq_khz
                0x1fff80d8                cydelay_freq_mhz
                0x1fff80dc                cydelay_freq_hz
 .data          0x1fff80e0        0x1 .\CortexM3\ARM_GCC_541\Debug\Data_Acquisition.a(ADC_DelSig_1.o)
                0x1fff80e0                ADC_DelSig_1_Config
 .data          0x1fff80e1        0x1 .\CortexM3\ARM_GCC_541\Debug\Data_Acquisition.a(ADC_DelSig_1_AMux.o)
 *fill*         0x1fff80e2        0x2 
 .data.impure_data
                0x1fff80e4       0x60 c:/program files (x86)/cypress/psoc creator/4.2/psoc creator/import/gnu/arm/5.4.1/bin/../lib/gcc/arm-none-eabi/5.4.1/../../../../arm-none-eabi/lib/armv7-m\libg_nano.a(lib_a-impure.o)
 .data._impure_ptr
                0x1fff8144        0x4 c:/program files (x86)/cypress/psoc creator/4.2/psoc creator/import/gnu/arm/5.4.1/bin/../lib/gcc/arm-none-eabi/5.4.1/../../../../arm-none-eabi/lib/armv7-m\libg_nano.a(lib_a-impure.o)
                0x1fff8144                _impure_ptr
 .data.lconv    0x1fff8148       0x38 c:/program files (x86)/cypress/psoc creator/4.2/psoc creator/import/gnu/arm/5.4.1/bin/../lib/gcc/arm-none-eabi/5.4.1/../../../../arm-none-eabi/lib/armv7-m\libg_nano.a(lib_a-locale.o)
                0x1fff8180                . = ALIGN (0x8)
 *(.ram)
                0x1fff8180                _edata = .

.igot.plt       0x1fff8180        0x0 load address 0x000045d8
 .igot.plt      0x1fff8180        0x0 c:/program files (x86)/cypress/psoc creator/4.2/psoc creator/import/gnu/arm/5.4.1/bin/../lib/gcc/arm-none-eabi/5.4.1/armv7-m/crtbegin.o

.bss            0x1fff8180       0x78 load address 0x000045d8
                0x1fff8180                PROVIDE (__bss_start__, .)
 *(.shbss)
 *(.bss .bss.* .gnu.linkonce.b.*)
 .bss           0x1fff8180       0x1c c:/program files (x86)/cypress/psoc creator/4.2/psoc creator/import/gnu/arm/5.4.1/bin/../lib/gcc/arm-none-eabi/5.4.1/armv7-m/crtbegin.o
 .bss           0x1fff819c       0x38 .\CortexM3\ARM_GCC_541\Debug\main.o
                0x1fff819c                mk
                0x1fff81a0                pwm
                0x1fff81a4                Inicio
                0x1fff81a8                cnt1
                0x1fff81ac                angulo1
                0x1fff81b0                ikLast
                0x1fff81b4                ik
                0x1fff81b8                ekLast
                0x1fff81bc                dk
                0x1fff81c0                pk
                0x1fff81c4                dkLast
                0x1fff81c8                c
                0x1fff81cc                Tension
                0x1fff81d0                adcMeas
 .bss           0x1fff81d4        0x2 .\CortexM3\ARM_GCC_541\Debug\Data_Acquisition.a(UART_1.o)
                0x1fff81d4                UART_1_initVar
 .bss           0x1fff81d6        0x1 .\CortexM3\ARM_GCC_541\Debug\Data_Acquisition.a(QuadDec_Sensor.o)
                0x1fff81d6                QuadDec_Sensor_initVar
 .bss           0x1fff81d7        0x1 .\CortexM3\ARM_GCC_541\Debug\Data_Acquisition.a(QuadDec_Sensor_Cnt16.o)
                0x1fff81d7                QuadDec_Sensor_Cnt16_initVar
 .bss           0x1fff81d8        0xc .\CortexM3\ARM_GCC_541\Debug\Data_Acquisition.a(ADC_DelSig_1.o)
                0x1fff81dc                ADC_DelSig_1_stopConversion
                0x1fff81dd                ADC_DelSig_1_convDone
                0x1fff81de                ADC_DelSig_1_initVar
                0x1fff81df                ADC_DelSig_1_started
                0x1fff81e0                ADC_DelSig_1_Offset
 .bss           0x1fff81e4        0x1 .\CortexM3\ARM_GCC_541\Debug\Data_Acquisition.a(Timer.o)
                0x1fff81e4                Timer_initVar
 .bss           0x1fff81e5        0x1 .\CortexM3\ARM_GCC_541\Debug\Data_Acquisition.a(PWM.o)
                0x1fff81e5                PWM_initVar
 *fill*         0x1fff81e6        0x2 
 .bss.__malloc_sbrk_start
                0x1fff81e8        0x4 c:/program files (x86)/cypress/psoc creator/4.2/psoc creator/import/gnu/arm/5.4.1/bin/../lib/gcc/arm-none-eabi/5.4.1/../../../../arm-none-eabi/lib/armv7-m\libg_nano.a(lib_a-nano-mallocr.o)
                0x1fff81e8                __malloc_sbrk_start
 .bss.__malloc_free_list
                0x1fff81ec        0x4 c:/program files (x86)/cypress/psoc creator/4.2/psoc creator/import/gnu/arm/5.4.1/bin/../lib/gcc/arm-none-eabi/5.4.1/../../../../arm-none-eabi/lib/armv7-m\libg_nano.a(lib_a-nano-mallocr.o)
                0x1fff81ec                __malloc_free_list
 *(COMMON)
 COMMON         0x1fff81f0        0x4 .\CortexM3\ARM_GCC_541\Debug\Data_Acquisition.a(ADC_DelSig_1.o)
                0x1fff81f0                ADC_DelSig_1_CountsPerVolt
 COMMON         0x1fff81f4        0x4 c:/program files (x86)/cypress/psoc creator/4.2/psoc creator/import/gnu/arm/5.4.1/bin/../lib/gcc/arm-none-eabi/5.4.1/../../../../arm-none-eabi/lib/armv7-m\libg_nano.a(lib_a-reent.o)
                0x1fff81f4                errno
                0x1fff81f8                . = ALIGN (0x8)
 *(.ram.b)
                0x1fff81f8                _end = .
                0x1fff81f8                __end = .
                0x1fff81f8                PROVIDE (end, .)
                0x1fff81f8                PROVIDE (__bss_end__, .)
                0x00004520                __cy_region_init_ram = LOADADDR (.data)
                0x000000b8                __cy_region_init_size_ram = (_edata - ADDR (.data))
                0x00000078                __cy_region_zero_size_ram = (_end - _edata)

.heap           0x1fff81f8       0x80 load address 0x000045d8
                0x1fff81f8                . = _end
                0x1fff8278                . = (. + 0x80)
 *fill*         0x1fff81f8       0x80 
                0x1fff8278                __cy_heap_limit = .

.stack          0x20007800      0x800
                0x20007800                __cy_stack_limit = .
                0x20008000                . = (. + 0x800)
 *fill*         0x20007800      0x800 
                0x00000001                ASSERT ((__cy_stack_limit >= __cy_heap_limit), region RAM overflowed with stack)
                0x00000000                cy_checksum_exclude_size = (CY_APPL_LOADABLE == 0x1)?SIZEOF (.cy_checksum_exclude):0x0
                0x00000001                ASSERT ((cy_checksum_exclude_size <= CY_CHECKSUM_EXCLUDE_SIZE), CY_BOOT: Section .cy_checksum_exclude size exceedes specified limit.)

.cyloadermeta
 *(.cyloadermeta)

.cyloadablemeta
 *(.cyloadablemeta)

.cyconfigecc    0x80000000      0x990
 *(.cyconfigecc)
 .cyconfigecc   0x80000000      0x990 .\CortexM3\ARM_GCC_541\Debug\cymetadata.o
                0x80000000                cy_meta_configecc

.cycustnvl      0x90000000        0x4
 *(.cycustnvl)
 .cycustnvl     0x90000000        0x4 .\CortexM3\ARM_GCC_541\Debug\cymetadata.o
                0x90000000                cy_meta_custnvl

.cywolatch      0x90100000        0x4
 *(.cywolatch)
 .cywolatch     0x90100000        0x4 .\CortexM3\ARM_GCC_541\Debug\cymetadata.o
                0x90100000                cy_meta_wonvl

.cyeeprom       0x90200000        0x0
 *(.cyeeprom)
                0x00000001                ASSERT ((. <= ((0x90200000 + ee_offset) + ee_size)), .cyeeprom data will not fit in EEPROM)

.cyflashprotect
                0x90400000      0x100
 *(.cyflashprotect)
 .cyflashprotect
                0x90400000      0x100 .\CortexM3\ARM_GCC_541\Debug\cymetadata.o
                0x90400000                cy_meta_flashprotect

.cymeta         0x90500000        0xc
 *(.cymeta)
 .cymeta        0x90500000        0xc .\CortexM3\ARM_GCC_541\Debug\cymetadata.o
                0x90500000                cy_metadata

.rel.dyn        0x000045d8        0x0 load address 0x9050000c
 .rel.iplt      0x000045d8        0x0 c:/program files (x86)/cypress/psoc creator/4.2/psoc creator/import/gnu/arm/5.4.1/bin/../lib/gcc/arm-none-eabi/5.4.1/armv7-m/crtbegin.o

.stab
 *(.stab)

.stabstr
 *(.stabstr)

.debug
 *(.debug)

.line
 *(.line)

.debug_srcinfo
 *(.debug_srcinfo)

.debug_sfnames
 *(.debug_sfnames)

.debug_aranges  0x00000000      0xc28
 *(.debug_aranges)
 .debug_aranges
                0x00000000       0x38 .\CortexM3\ARM_GCC_541\Debug\main.o
 .debug_aranges
                0x00000038       0x68 .\CortexM3\ARM_GCC_541\Debug\cyfitter_cfg.o
 .debug_aranges
                0x000000a0       0x18 .\CortexM3\ARM_GCC_541\Debug\cymetadata.o
 .debug_aranges
                0x000000b8       0x48 .\CortexM3\ARM_GCC_541\Debug\Cm3Start.o
 .debug_aranges
                0x00000100       0xa0 .\CortexM3\ARM_GCC_541\Debug\Data_Acquisition.a(UART_1.o)
 .debug_aranges
                0x000001a0       0x70 .\CortexM3\ARM_GCC_541\Debug\Data_Acquisition.a(UART_1_IntClock.o)
 .debug_aranges
                0x00000210      0x2a0 .\CortexM3\ARM_GCC_541\Debug\Data_Acquisition.a(CyLib.o)
 .debug_aranges
                0x000004b0       0x98 .\CortexM3\ARM_GCC_541\Debug\Data_Acquisition.a(cyPm.o)
 .debug_aranges
                0x00000548       0x38 .\CortexM3\ARM_GCC_541\Debug\Data_Acquisition.a(Pin_2.o)
 .debug_aranges
                0x00000580       0x60 .\CortexM3\ARM_GCC_541\Debug\Data_Acquisition.a(QuadDec_Sensor.o)
 .debug_aranges
                0x000005e0       0x98 .\CortexM3\ARM_GCC_541\Debug\Data_Acquisition.a(QuadDec_Sensor_Cnt16.o)
 .debug_aranges
                0x00000678       0xe8 .\CortexM3\ARM_GCC_541\Debug\Data_Acquisition.a(ADC_DelSig_1.o)
 .debug_aranges
                0x00000760       0x38 .\CortexM3\ARM_GCC_541\Debug\Data_Acquisition.a(ADC_DelSig_1_INT.o)
 .debug_aranges
                0x00000798       0x30 .\CortexM3\ARM_GCC_541\Debug\Data_Acquisition.a(ADC_DelSig_1_AMux.o)
 .debug_aranges
                0x000007c8       0x70 .\CortexM3\ARM_GCC_541\Debug\Data_Acquisition.a(ADC_DelSig_1_Ext_CP_Clk.o)
 .debug_aranges
                0x00000838       0x80 .\CortexM3\ARM_GCC_541\Debug\Data_Acquisition.a(ADC_DelSig_1_theACLK.o)
 .debug_aranges
                0x000008b8       0x88 .\CortexM3\ARM_GCC_541\Debug\Data_Acquisition.a(Timer.o)
 .debug_aranges
                0x00000940       0x80 .\CortexM3\ARM_GCC_541\Debug\Data_Acquisition.a(isr_Timer.o)
 .debug_aranges
                0x000009c0       0x98 .\CortexM3\ARM_GCC_541\Debug\Data_Acquisition.a(PWM.o)
 .debug_aranges
                0x00000a58       0x38 .\CortexM3\ARM_GCC_541\Debug\Data_Acquisition.a(H_Dir2.o)
 .debug_aranges
                0x00000a90       0x38 .\CortexM3\ARM_GCC_541\Debug\Data_Acquisition.a(H_Dir1.o)
 .debug_aranges
                0x00000ac8       0x38 .\CortexM3\ARM_GCC_541\Debug\Data_Acquisition.a(START_BTN.o)
 .debug_aranges
                0x00000b00       0x20 .\CortexM3\ARM_GCC_541\Debug\Data_Acquisition.a(CyBootAsmGnu.o)
 .debug_aranges
                0x00000b20       0x88 .\CortexM3\ARM_GCC_541\Debug\Data_Acquisition.a(CyFlash.o)
 .debug_aranges
                0x00000ba8       0x80 .\CortexM3\ARM_GCC_541\Debug\Data_Acquisition.a(CySpc.o)

.debug_pubnames
 *(.debug_pubnames)

.debug_info     0x00000000     0x660e
 *(.debug_info .gnu.linkonce.wi.*)
 .debug_info    0x00000000      0x55d .\CortexM3\ARM_GCC_541\Debug\main.o
 .debug_info    0x0000055d      0x5f8 .\CortexM3\ARM_GCC_541\Debug\cyfitter_cfg.o
 .debug_info    0x00000b55      0x139 .\CortexM3\ARM_GCC_541\Debug\cymetadata.o
 .debug_info    0x00000c8e      0x3bb .\CortexM3\ARM_GCC_541\Debug\Cm3Start.o
 .debug_info    0x00001049      0x45c .\CortexM3\ARM_GCC_541\Debug\Data_Acquisition.a(UART_1.o)
 .debug_info    0x000014a5      0x283 .\CortexM3\ARM_GCC_541\Debug\Data_Acquisition.a(UART_1_IntClock.o)
 .debug_info    0x00001728     0x1374 .\CortexM3\ARM_GCC_541\Debug\Data_Acquisition.a(CyLib.o)
 .debug_info    0x00002a9c      0xa2a .\CortexM3\ARM_GCC_541\Debug\Data_Acquisition.a(cyPm.o)
 .debug_info    0x000034c6      0x11f .\CortexM3\ARM_GCC_541\Debug\Data_Acquisition.a(Pin_2.o)
 .debug_info    0x000035e5      0x2d4 .\CortexM3\ARM_GCC_541\Debug\Data_Acquisition.a(QuadDec_Sensor.o)
 .debug_info    0x000038b9      0x348 .\CortexM3\ARM_GCC_541\Debug\Data_Acquisition.a(QuadDec_Sensor_Cnt16.o)
 .debug_info    0x00003c01      0xa19 .\CortexM3\ARM_GCC_541\Debug\Data_Acquisition.a(ADC_DelSig_1.o)
 .debug_info    0x0000461a       0xd3 .\CortexM3\ARM_GCC_541\Debug\Data_Acquisition.a(ADC_DelSig_1_INT.o)
 .debug_info    0x000046ed      0x165 .\CortexM3\ARM_GCC_541\Debug\Data_Acquisition.a(ADC_DelSig_1_AMux.o)
 .debug_info    0x00004852      0x283 .\CortexM3\ARM_GCC_541\Debug\Data_Acquisition.a(ADC_DelSig_1_Ext_CP_Clk.o)
 .debug_info    0x00004ad5      0x2c4 .\CortexM3\ARM_GCC_541\Debug\Data_Acquisition.a(ADC_DelSig_1_theACLK.o)
 .debug_info    0x00004d99      0x295 .\CortexM3\ARM_GCC_541\Debug\Data_Acquisition.a(Timer.o)
 .debug_info    0x0000502e      0x2d2 .\CortexM3\ARM_GCC_541\Debug\Data_Acquisition.a(isr_Timer.o)
 .debug_info    0x00005300      0x353 .\CortexM3\ARM_GCC_541\Debug\Data_Acquisition.a(PWM.o)
 .debug_info    0x00005653      0x11f .\CortexM3\ARM_GCC_541\Debug\Data_Acquisition.a(H_Dir2.o)
 .debug_info    0x00005772      0x11f .\CortexM3\ARM_GCC_541\Debug\Data_Acquisition.a(H_Dir1.o)
 .debug_info    0x00005891      0x11f .\CortexM3\ARM_GCC_541\Debug\Data_Acquisition.a(START_BTN.o)
 .debug_info    0x000059b0       0xc1 .\CortexM3\ARM_GCC_541\Debug\Data_Acquisition.a(CyBootAsmGnu.o)
 .debug_info    0x00005a71      0x64d .\CortexM3\ARM_GCC_541\Debug\Data_Acquisition.a(CyFlash.o)
 .debug_info    0x000060be      0x550 .\CortexM3\ARM_GCC_541\Debug\Data_Acquisition.a(CySpc.o)

.debug_abbrev   0x00000000     0x1d90
 *(.debug_abbrev)
 .debug_abbrev  0x00000000      0x177 .\CortexM3\ARM_GCC_541\Debug\main.o
 .debug_abbrev  0x00000177      0x21e .\CortexM3\ARM_GCC_541\Debug\cyfitter_cfg.o
 .debug_abbrev  0x00000395       0x77 .\CortexM3\ARM_GCC_541\Debug\cymetadata.o
 .debug_abbrev  0x0000040c      0x1e8 .\CortexM3\ARM_GCC_541\Debug\Cm3Start.o
 .debug_abbrev  0x000005f4      0x175 .\CortexM3\ARM_GCC_541\Debug\Data_Acquisition.a(UART_1.o)
 .debug_abbrev  0x00000769      0x139 .\CortexM3\ARM_GCC_541\Debug\Data_Acquisition.a(UART_1_IntClock.o)
 .debug_abbrev  0x000008a2      0x254 .\CortexM3\ARM_GCC_541\Debug\Data_Acquisition.a(CyLib.o)
 .debug_abbrev  0x00000af6      0x1ab .\CortexM3\ARM_GCC_541\Debug\Data_Acquisition.a(cyPm.o)
 .debug_abbrev  0x00000ca1       0x90 .\CortexM3\ARM_GCC_541\Debug\Data_Acquisition.a(Pin_2.o)
 .debug_abbrev  0x00000d31      0x151 .\CortexM3\ARM_GCC_541\Debug\Data_Acquisition.a(QuadDec_Sensor.o)
 .debug_abbrev  0x00000e82      0x117 .\CortexM3\ARM_GCC_541\Debug\Data_Acquisition.a(QuadDec_Sensor_Cnt16.o)
 .debug_abbrev  0x00000f99      0x1eb .\CortexM3\ARM_GCC_541\Debug\Data_Acquisition.a(ADC_DelSig_1.o)
 .debug_abbrev  0x00001184       0x42 .\CortexM3\ARM_GCC_541\Debug\Data_Acquisition.a(ADC_DelSig_1_INT.o)
 .debug_abbrev  0x000011c6       0xb1 .\CortexM3\ARM_GCC_541\Debug\Data_Acquisition.a(ADC_DelSig_1_AMux.o)
 .debug_abbrev  0x00001277      0x139 .\CortexM3\ARM_GCC_541\Debug\Data_Acquisition.a(ADC_DelSig_1_Ext_CP_Clk.o)
 .debug_abbrev  0x000013b0      0x121 .\CortexM3\ARM_GCC_541\Debug\Data_Acquisition.a(ADC_DelSig_1_theACLK.o)
 .debug_abbrev  0x000014d1      0x11a .\CortexM3\ARM_GCC_541\Debug\Data_Acquisition.a(Timer.o)
 .debug_abbrev  0x000015eb      0x173 .\CortexM3\ARM_GCC_541\Debug\Data_Acquisition.a(isr_Timer.o)
 .debug_abbrev  0x0000175e      0x133 .\CortexM3\ARM_GCC_541\Debug\Data_Acquisition.a(PWM.o)
 .debug_abbrev  0x00001891       0x90 .\CortexM3\ARM_GCC_541\Debug\Data_Acquisition.a(H_Dir2.o)
 .debug_abbrev  0x00001921       0x90 .\CortexM3\ARM_GCC_541\Debug\Data_Acquisition.a(H_Dir1.o)
 .debug_abbrev  0x000019b1       0x90 .\CortexM3\ARM_GCC_541\Debug\Data_Acquisition.a(START_BTN.o)
 .debug_abbrev  0x00001a41       0x14 .\CortexM3\ARM_GCC_541\Debug\Data_Acquisition.a(CyBootAsmGnu.o)
 .debug_abbrev  0x00001a55      0x1a7 .\CortexM3\ARM_GCC_541\Debug\Data_Acquisition.a(CyFlash.o)
 .debug_abbrev  0x00001bfc      0x194 .\CortexM3\ARM_GCC_541\Debug\Data_Acquisition.a(CySpc.o)

.debug_line     0x00000000     0x2d48
 *(.debug_line)
 .debug_line    0x00000000      0x2f7 .\CortexM3\ARM_GCC_541\Debug\main.o
 .debug_line    0x000002f7      0x20d .\CortexM3\ARM_GCC_541\Debug\cyfitter_cfg.o
 .debug_line    0x00000504      0x141 .\CortexM3\ARM_GCC_541\Debug\cymetadata.o
 .debug_line    0x00000645      0x234 .\CortexM3\ARM_GCC_541\Debug\Cm3Start.o
 .debug_line    0x00000879      0x1f4 .\CortexM3\ARM_GCC_541\Debug\Data_Acquisition.a(UART_1.o)
 .debug_line    0x00000a6d      0x17e .\CortexM3\ARM_GCC_541\Debug\Data_Acquisition.a(UART_1_IntClock.o)
 .debug_line    0x00000beb      0x816 .\CortexM3\ARM_GCC_541\Debug\Data_Acquisition.a(CyLib.o)
 .debug_line    0x00001401      0x367 .\CortexM3\ARM_GCC_541\Debug\Data_Acquisition.a(cyPm.o)
 .debug_line    0x00001768       0x92 .\CortexM3\ARM_GCC_541\Debug\Data_Acquisition.a(Pin_2.o)
 .debug_line    0x000017fa      0x128 .\CortexM3\ARM_GCC_541\Debug\Data_Acquisition.a(QuadDec_Sensor.o)
 .debug_line    0x00001922      0x194 .\CortexM3\ARM_GCC_541\Debug\Data_Acquisition.a(QuadDec_Sensor_Cnt16.o)
 .debug_line    0x00001ab6      0x37d .\CortexM3\ARM_GCC_541\Debug\Data_Acquisition.a(ADC_DelSig_1.o)
 .debug_line    0x00001e33       0x89 .\CortexM3\ARM_GCC_541\Debug\Data_Acquisition.a(ADC_DelSig_1_INT.o)
 .debug_line    0x00001ebc       0xb5 .\CortexM3\ARM_GCC_541\Debug\Data_Acquisition.a(ADC_DelSig_1_AMux.o)
 .debug_line    0x00001f71      0x186 .\CortexM3\ARM_GCC_541\Debug\Data_Acquisition.a(ADC_DelSig_1_Ext_CP_Clk.o)
 .debug_line    0x000020f7      0x1a6 .\CortexM3\ARM_GCC_541\Debug\Data_Acquisition.a(ADC_DelSig_1_theACLK.o)
 .debug_line    0x0000229d      0x153 .\CortexM3\ARM_GCC_541\Debug\Data_Acquisition.a(Timer.o)
 .debug_line    0x000023f0      0x136 .\CortexM3\ARM_GCC_541\Debug\Data_Acquisition.a(isr_Timer.o)
 .debug_line    0x00002526      0x186 .\CortexM3\ARM_GCC_541\Debug\Data_Acquisition.a(PWM.o)
 .debug_line    0x000026ac       0x93 .\CortexM3\ARM_GCC_541\Debug\Data_Acquisition.a(H_Dir2.o)
 .debug_line    0x0000273f       0x93 .\CortexM3\ARM_GCC_541\Debug\Data_Acquisition.a(H_Dir1.o)
 .debug_line    0x000027d2       0x96 .\CortexM3\ARM_GCC_541\Debug\Data_Acquisition.a(START_BTN.o)
 .debug_line    0x00002868       0x66 .\CortexM3\ARM_GCC_541\Debug\Data_Acquisition.a(CyBootAsmGnu.o)
 .debug_line    0x000028ce      0x21a .\CortexM3\ARM_GCC_541\Debug\Data_Acquisition.a(CyFlash.o)
 .debug_line    0x00002ae8      0x260 .\CortexM3\ARM_GCC_541\Debug\Data_Acquisition.a(CySpc.o)

.debug_frame    0x00000000     0x24d8
 *(.debug_frame)
 .debug_frame   0x00000000       0x94 .\CortexM3\ARM_GCC_541\Debug\main.o
 .debug_frame   0x00000094      0x104 .\CortexM3\ARM_GCC_541\Debug\cyfitter_cfg.o
 .debug_frame   0x00000198       0xb8 .\CortexM3\ARM_GCC_541\Debug\Cm3Start.o
 .debug_frame   0x00000250      0x198 .\CortexM3\ARM_GCC_541\Debug\Data_Acquisition.a(UART_1.o)
 .debug_frame   0x000003e8       0xe0 .\CortexM3\ARM_GCC_541\Debug\Data_Acquisition.a(UART_1_IntClock.o)
 .debug_frame   0x000004c8      0x738 .\CortexM3\ARM_GCC_541\Debug\Data_Acquisition.a(CyLib.o)
 .debug_frame   0x00000c00      0x1f8 .\CortexM3\ARM_GCC_541\Debug\Data_Acquisition.a(cyPm.o)
 .debug_frame   0x00000df8       0x50 .\CortexM3\ARM_GCC_541\Debug\Data_Acquisition.a(Pin_2.o)
 .debug_frame   0x00000e48       0xdc .\CortexM3\ARM_GCC_541\Debug\Data_Acquisition.a(QuadDec_Sensor.o)
 .debug_frame   0x00000f24      0x134 .\CortexM3\ARM_GCC_541\Debug\Data_Acquisition.a(QuadDec_Sensor_Cnt16.o)
 .debug_frame   0x00001058      0x284 .\CortexM3\ARM_GCC_541\Debug\Data_Acquisition.a(ADC_DelSig_1.o)
 .debug_frame   0x000012dc       0x50 .\CortexM3\ARM_GCC_541\Debug\Data_Acquisition.a(ADC_DelSig_1_INT.o)
 .debug_frame   0x0000132c       0x64 .\CortexM3\ARM_GCC_541\Debug\Data_Acquisition.a(ADC_DelSig_1_AMux.o)
 .debug_frame   0x00001390       0xe0 .\CortexM3\ARM_GCC_541\Debug\Data_Acquisition.a(ADC_DelSig_1_Ext_CP_Clk.o)
 .debug_frame   0x00001470      0x100 .\CortexM3\ARM_GCC_541\Debug\Data_Acquisition.a(ADC_DelSig_1_theACLK.o)
 .debug_frame   0x00001570      0x108 .\CortexM3\ARM_GCC_541\Debug\Data_Acquisition.a(Timer.o)
 .debug_frame   0x00001678      0x104 .\CortexM3\ARM_GCC_541\Debug\Data_Acquisition.a(isr_Timer.o)
 .debug_frame   0x0000177c      0x134 .\CortexM3\ARM_GCC_541\Debug\Data_Acquisition.a(PWM.o)
 .debug_frame   0x000018b0       0x50 .\CortexM3\ARM_GCC_541\Debug\Data_Acquisition.a(H_Dir2.o)
 .debug_frame   0x00001900       0x50 .\CortexM3\ARM_GCC_541\Debug\Data_Acquisition.a(H_Dir1.o)
 .debug_frame   0x00001950       0x50 .\CortexM3\ARM_GCC_541\Debug\Data_Acquisition.a(START_BTN.o)
 .debug_frame   0x000019a0      0x194 .\CortexM3\ARM_GCC_541\Debug\Data_Acquisition.a(CyFlash.o)
 .debug_frame   0x00001b34      0x180 .\CortexM3\ARM_GCC_541\Debug\Data_Acquisition.a(CySpc.o)
 .debug_frame   0x00001cb4       0x20 c:/program files (x86)/cypress/psoc creator/4.2/psoc creator/import/gnu/arm/5.4.1/bin/../lib/gcc/arm-none-eabi/5.4.1/../../../../arm-none-eabi/lib/armv7-m\libg_nano.a(lib_a-errno.o)
 .debug_frame   0x00001cd4       0x28 c:/program files (x86)/cypress/psoc creator/4.2/psoc creator/import/gnu/arm/5.4.1/bin/../lib/gcc/arm-none-eabi/5.4.1/../../../../arm-none-eabi/lib/armv7-m\libg_nano.a(lib_a-exit.o)
 .debug_frame   0x00001cfc       0x2c c:/program files (x86)/cypress/psoc creator/4.2/psoc creator/import/gnu/arm/5.4.1/bin/../lib/gcc/arm-none-eabi/5.4.1/../../../../arm-none-eabi/lib/armv7-m\libg_nano.a(lib_a-init.o)
 .debug_frame   0x00001d28       0x28 c:/program files (x86)/cypress/psoc creator/4.2/psoc creator/import/gnu/arm/5.4.1/bin/../lib/gcc/arm-none-eabi/5.4.1/../../../../arm-none-eabi/lib/armv7-m\libg_nano.a(lib_a-memcpy-stub.o)
 .debug_frame   0x00001d50       0x20 c:/program files (x86)/cypress/psoc creator/4.2/psoc creator/import/gnu/arm/5.4.1/bin/../lib/gcc/arm-none-eabi/5.4.1/../../../../arm-none-eabi/lib/armv7-m\libg_nano.a(lib_a-memset.o)
 .debug_frame   0x00001d70       0x8c c:/program files (x86)/cypress/psoc creator/4.2/psoc creator/import/gnu/arm/5.4.1/bin/../lib/gcc/arm-none-eabi/5.4.1/../../../../arm-none-eabi/lib/armv7-m\libg_nano.a(lib_a-nano-vfprintf_float.o)
 .debug_frame   0x00001dfc       0x60 c:/program files (x86)/cypress/psoc creator/4.2/psoc creator/import/gnu/arm/5.4.1/bin/../lib/gcc/arm-none-eabi/5.4.1/../../../../arm-none-eabi/lib/armv7-m\libg_nano.a(lib_a-nano-vfprintf_i.o)
 .debug_frame   0x00001e5c       0x70 c:/program files (x86)/cypress/psoc creator/4.2/psoc creator/import/gnu/arm/5.4.1/bin/../lib/gcc/arm-none-eabi/5.4.1/../../../../arm-none-eabi/lib/armv7-m\libg_nano.a(lib_a-sprintf.o)
 .debug_frame   0x00001ecc       0x6c c:/program files (x86)/cypress/psoc creator/4.2/psoc creator/import/gnu/arm/5.4.1/bin/../lib/gcc/arm-none-eabi/5.4.1/../../../../arm-none-eabi/lib/armv7-m\libg_nano.a(lib_a-dtoa.o)
 .debug_frame   0x00001f38       0x98 c:/program files (x86)/cypress/psoc creator/4.2/psoc creator/import/gnu/arm/5.4.1/bin/../lib/gcc/arm-none-eabi/5.4.1/../../../../arm-none-eabi/lib/armv7-m\libg_nano.a(lib_a-locale.o)
 .debug_frame   0x00001fd0       0x30 c:/program files (x86)/cypress/psoc creator/4.2/psoc creator/import/gnu/arm/5.4.1/bin/../lib/gcc/arm-none-eabi/5.4.1/../../../../arm-none-eabi/lib/armv7-m\libg_nano.a(lib_a-malloc.o)
 .debug_frame   0x00002000       0x28 c:/program files (x86)/cypress/psoc creator/4.2/psoc creator/import/gnu/arm/5.4.1/bin/../lib/gcc/arm-none-eabi/5.4.1/../../../../arm-none-eabi/lib/armv7-m\libg_nano.a(lib_a-memchr-stub.o)
 .debug_frame   0x00002028      0x234 c:/program files (x86)/cypress/psoc creator/4.2/psoc creator/import/gnu/arm/5.4.1/bin/../lib/gcc/arm-none-eabi/5.4.1/../../../../arm-none-eabi/lib/armv7-m\libg_nano.a(lib_a-mprec.o)
 .debug_frame   0x0000225c       0x2c c:/program files (x86)/cypress/psoc creator/4.2/psoc creator/import/gnu/arm/5.4.1/bin/../lib/gcc/arm-none-eabi/5.4.1/../../../../arm-none-eabi/lib/armv7-m\libg_nano.a(lib_a-nano-callocr.o)
 .debug_frame   0x00002288       0x38 c:/program files (x86)/cypress/psoc creator/4.2/psoc creator/import/gnu/arm/5.4.1/bin/../lib/gcc/arm-none-eabi/5.4.1/../../../../arm-none-eabi/lib/armv7-m\libg_nano.a(lib_a-nano-freer.o)
 .debug_frame   0x000022c0       0x2c c:/program files (x86)/cypress/psoc creator/4.2/psoc creator/import/gnu/arm/5.4.1/bin/../lib/gcc/arm-none-eabi/5.4.1/../../../../arm-none-eabi/lib/armv7-m\libg_nano.a(lib_a-nano-mallocr.o)
 .debug_frame   0x000022ec       0x90 c:/program files (x86)/cypress/psoc creator/4.2/psoc creator/import/gnu/arm/5.4.1/bin/../lib/gcc/arm-none-eabi/5.4.1/../../../../arm-none-eabi/lib/armv7-m\libg_nano.a(lib_a-nano-svfprintf.o)
 .debug_frame   0x0000237c       0x2c c:/program files (x86)/cypress/psoc creator/4.2/psoc creator/import/gnu/arm/5.4.1/bin/../lib/gcc/arm-none-eabi/5.4.1/../../../../arm-none-eabi/lib/armv7-m\libg_nano.a(lib_a-sbrkr.o)
 .debug_frame   0x000023a8       0x20 c:/program files (x86)/cypress/psoc creator/4.2/psoc creator/import/gnu/arm/5.4.1/bin/../lib/gcc/arm-none-eabi/5.4.1/../../../../arm-none-eabi/lib/armv7-m\libg_nano.a(lib_a-strcmp.o)
 .debug_frame   0x000023c8       0x28 c:/program files (x86)/cypress/psoc creator/4.2/psoc creator/import/gnu/arm/5.4.1/bin/../lib/gcc/arm-none-eabi/5.4.1/../../../../arm-none-eabi/lib/armv7-m\libg_nano.a(lib_a-memmove.o)
 .debug_frame   0x000023f0       0x30 c:/program files (x86)/cypress/psoc creator/4.2/psoc creator/import/gnu/arm/5.4.1/bin/../lib/gcc/arm-none-eabi/5.4.1/../../../../arm-none-eabi/lib/armv7-m\libg_nano.a(lib_a-mlock.o)
 .debug_frame   0x00002420       0x3c c:/program files (x86)/cypress/psoc creator/4.2/psoc creator/import/gnu/arm/5.4.1/bin/../lib/gcc/arm-none-eabi/5.4.1/../../../../arm-none-eabi/lib/armv7-m\libg_nano.a(lib_a-nano-reallocr.o)
 .debug_frame   0x0000245c       0x5c c:/program files (x86)/cypress/psoc creator/4.2/psoc creator/import/gnu/arm/5.4.1/bin/../lib/gcc/arm-none-eabi/5.4.1/../../../../arm-none-eabi/lib/armv7-m\libg_nano.a(lib_a-reent.o)
 .debug_frame   0x000024b8       0x20 c:/program files (x86)/cypress/psoc creator/4.2/psoc creator/import/gnu/arm/5.4.1/bin/../lib/gcc/arm-none-eabi/5.4.1/../../../../arm-none-eabi/lib/armv7-m\libg_nano.a(lib_a-nano-msizer.o)

.debug_str      0x00000000     0x2980
 *(.debug_str)
 .debug_str     0x00000000      0x340 .\CortexM3\ARM_GCC_541\Debug\main.o
                                0x39a (size before relaxing)
 .debug_str     0x00000340      0x1f7 .\CortexM3\ARM_GCC_541\Debug\cyfitter_cfg.o
                                0x3b6 (size before relaxing)
 .debug_str     0x00000537       0x7f .\CortexM3\ARM_GCC_541\Debug\cymetadata.o
                                0x215 (size before relaxing)
 .debug_str     0x000005b6      0x13e .\CortexM3\ARM_GCC_541\Debug\Cm3Start.o
                                0x33b (size before relaxing)
 .debug_str     0x000006f4      0x218 .\CortexM3\ARM_GCC_541\Debug\Data_Acquisition.a(UART_1.o)
                                0x3f9 (size before relaxing)
 .debug_str     0x0000090c      0x19d .\CortexM3\ARM_GCC_541\Debug\Data_Acquisition.a(UART_1_IntClock.o)
                                0x37f (size before relaxing)
 .debug_str     0x00000aa9      0x80a .\CortexM3\ARM_GCC_541\Debug\Data_Acquisition.a(CyLib.o)
                                0xa78 (size before relaxing)
 .debug_str     0x000012b3      0x365 .\CortexM3\ARM_GCC_541\Debug\Data_Acquisition.a(cyPm.o)
                                0x764 (size before relaxing)
 .debug_str     0x00001618       0x5a .\CortexM3\ARM_GCC_541\Debug\Data_Acquisition.a(Pin_2.o)
                                0x213 (size before relaxing)
 .debug_str     0x00001672      0x155 .\CortexM3\ARM_GCC_541\Debug\Data_Acquisition.a(QuadDec_Sensor.o)
                                0x3b7 (size before relaxing)
 .debug_str     0x000017c7      0x235 .\CortexM3\ARM_GCC_541\Debug\Data_Acquisition.a(QuadDec_Sensor_Cnt16.o)
                                0x4a6 (size before relaxing)
 .debug_str     0x000019fc      0x48c .\CortexM3\ARM_GCC_541\Debug\Data_Acquisition.a(ADC_DelSig_1.o)
                                0x76b (size before relaxing)
 .debug_str     0x00001e88       0x72 .\CortexM3\ARM_GCC_541\Debug\Data_Acquisition.a(ADC_DelSig_1_INT.o)
                                0x21e (size before relaxing)
 .debug_str     0x00001efa       0x83 .\CortexM3\ARM_GCC_541\Debug\Data_Acquisition.a(ADC_DelSig_1_AMux.o)
                                0x26f (size before relaxing)
 .debug_str     0x00001f7d      0x184 .\CortexM3\ARM_GCC_541\Debug\Data_Acquisition.a(ADC_DelSig_1_Ext_CP_Clk.o)
                                0x3df (size before relaxing)
 .debug_str     0x00002101      0x1bb .\CortexM3\ARM_GCC_541\Debug\Data_Acquisition.a(ADC_DelSig_1_theACLK.o)
                                0x410 (size before relaxing)
 .debug_str     0x000022bc      0x127 .\CortexM3\ARM_GCC_541\Debug\Data_Acquisition.a(Timer.o)
                                0x326 (size before relaxing)
 .debug_str     0x000023e3      0x10c .\CortexM3\ARM_GCC_541\Debug\Data_Acquisition.a(isr_Timer.o)
                                0x30f (size before relaxing)
 .debug_str     0x000024ef      0x124 .\CortexM3\ARM_GCC_541\Debug\Data_Acquisition.a(PWM.o)
                                0x369 (size before relaxing)
 .debug_str     0x00002613       0x53 .\CortexM3\ARM_GCC_541\Debug\Data_Acquisition.a(H_Dir2.o)
                                0x218 (size before relaxing)
 .debug_str     0x00002666       0x53 .\CortexM3\ARM_GCC_541\Debug\Data_Acquisition.a(H_Dir1.o)
                                0x218 (size before relaxing)
 .debug_str     0x000026b9       0x60 .\CortexM3\ARM_GCC_541\Debug\Data_Acquisition.a(START_BTN.o)
                                0x227 (size before relaxing)
 .debug_str     0x00002719      0x1bb .\CortexM3\ARM_GCC_541\Debug\Data_Acquisition.a(CyFlash.o)
                                0x3f1 (size before relaxing)
 .debug_str     0x000028d4       0xac .\CortexM3\ARM_GCC_541\Debug\Data_Acquisition.a(CySpc.o)
                                0x369 (size before relaxing)

.debug_loc      0x00000000     0x2991
 *(.debug_loc)
 .debug_loc     0x00000000       0xbf .\CortexM3\ARM_GCC_541\Debug\main.o
 .debug_loc     0x000000bf      0x219 .\CortexM3\ARM_GCC_541\Debug\cyfitter_cfg.o
 .debug_loc     0x000002d8      0x144 .\CortexM3\ARM_GCC_541\Debug\Cm3Start.o
 .debug_loc     0x0000041c      0x1f7 .\CortexM3\ARM_GCC_541\Debug\Data_Acquisition.a(UART_1.o)
 .debug_loc     0x00000613      0x128 .\CortexM3\ARM_GCC_541\Debug\Data_Acquisition.a(UART_1_IntClock.o)
 .debug_loc     0x0000073b      0xa11 .\CortexM3\ARM_GCC_541\Debug\Data_Acquisition.a(CyLib.o)
 .debug_loc     0x0000114c      0x1e4 .\CortexM3\ARM_GCC_541\Debug\Data_Acquisition.a(cyPm.o)
 .debug_loc     0x00001330       0x42 .\CortexM3\ARM_GCC_541\Debug\Data_Acquisition.a(Pin_2.o)
 .debug_loc     0x00001372       0x78 .\CortexM3\ARM_GCC_541\Debug\Data_Acquisition.a(QuadDec_Sensor.o)
 .debug_loc     0x000013ea       0x3d .\CortexM3\ARM_GCC_541\Debug\Data_Acquisition.a(QuadDec_Sensor_Cnt16.o)
 .debug_loc     0x00001427      0x68c .\CortexM3\ARM_GCC_541\Debug\Data_Acquisition.a(ADC_DelSig_1.o)
 .debug_loc     0x00001ab3       0x6c .\CortexM3\ARM_GCC_541\Debug\Data_Acquisition.a(ADC_DelSig_1_AMux.o)
 .debug_loc     0x00001b1f      0x12c .\CortexM3\ARM_GCC_541\Debug\Data_Acquisition.a(ADC_DelSig_1_Ext_CP_Clk.o)
 .debug_loc     0x00001c4b      0x14d .\CortexM3\ARM_GCC_541\Debug\Data_Acquisition.a(ADC_DelSig_1_theACLK.o)
 .debug_loc     0x00001d98       0x56 .\CortexM3\ARM_GCC_541\Debug\Data_Acquisition.a(isr_Timer.o)
 .debug_loc     0x00001dee       0x26 .\CortexM3\ARM_GCC_541\Debug\Data_Acquisition.a(PWM.o)
 .debug_loc     0x00001e14       0x42 .\CortexM3\ARM_GCC_541\Debug\Data_Acquisition.a(H_Dir2.o)
 .debug_loc     0x00001e56       0x42 .\CortexM3\ARM_GCC_541\Debug\Data_Acquisition.a(H_Dir1.o)
 .debug_loc     0x00001e98       0x42 .\CortexM3\ARM_GCC_541\Debug\Data_Acquisition.a(START_BTN.o)
 .debug_loc     0x00001eda      0x3b2 .\CortexM3\ARM_GCC_541\Debug\Data_Acquisition.a(CyFlash.o)
 .debug_loc     0x0000228c      0x705 .\CortexM3\ARM_GCC_541\Debug\Data_Acquisition.a(CySpc.o)

.debug_macinfo
 *(.debug_macinfo)

.debug_ranges   0x00000000      0xa80
 *(.debug_ranges)
 .debug_ranges  0x00000000       0x28 .\CortexM3\ARM_GCC_541\Debug\main.o
 .debug_ranges  0x00000028       0x58 .\CortexM3\ARM_GCC_541\Debug\cyfitter_cfg.o
 .debug_ranges  0x00000080       0x38 .\CortexM3\ARM_GCC_541\Debug\Cm3Start.o
 .debug_ranges  0x000000b8       0x90 .\CortexM3\ARM_GCC_541\Debug\Data_Acquisition.a(UART_1.o)
 .debug_ranges  0x00000148       0x60 .\CortexM3\ARM_GCC_541\Debug\Data_Acquisition.a(UART_1_IntClock.o)
 .debug_ranges  0x000001a8      0x290 .\CortexM3\ARM_GCC_541\Debug\Data_Acquisition.a(CyLib.o)
 .debug_ranges  0x00000438       0x88 .\CortexM3\ARM_GCC_541\Debug\Data_Acquisition.a(cyPm.o)
 .debug_ranges  0x000004c0       0x28 .\CortexM3\ARM_GCC_541\Debug\Data_Acquisition.a(Pin_2.o)
 .debug_ranges  0x000004e8       0x50 .\CortexM3\ARM_GCC_541\Debug\Data_Acquisition.a(QuadDec_Sensor.o)
 .debug_ranges  0x00000538       0x88 .\CortexM3\ARM_GCC_541\Debug\Data_Acquisition.a(QuadDec_Sensor_Cnt16.o)
 .debug_ranges  0x000005c0       0xd8 .\CortexM3\ARM_GCC_541\Debug\Data_Acquisition.a(ADC_DelSig_1.o)
 .debug_ranges  0x00000698       0x28 .\CortexM3\ARM_GCC_541\Debug\Data_Acquisition.a(ADC_DelSig_1_INT.o)
 .debug_ranges  0x000006c0       0x20 .\CortexM3\ARM_GCC_541\Debug\Data_Acquisition.a(ADC_DelSig_1_AMux.o)
 .debug_ranges  0x000006e0       0x60 .\CortexM3\ARM_GCC_541\Debug\Data_Acquisition.a(ADC_DelSig_1_Ext_CP_Clk.o)
 .debug_ranges  0x00000740       0x70 .\CortexM3\ARM_GCC_541\Debug\Data_Acquisition.a(ADC_DelSig_1_theACLK.o)
 .debug_ranges  0x000007b0       0x78 .\CortexM3\ARM_GCC_541\Debug\Data_Acquisition.a(Timer.o)
 .debug_ranges  0x00000828       0x70 .\CortexM3\ARM_GCC_541\Debug\Data_Acquisition.a(isr_Timer.o)
 .debug_ranges  0x00000898       0x88 .\CortexM3\ARM_GCC_541\Debug\Data_Acquisition.a(PWM.o)
 .debug_ranges  0x00000920       0x28 .\CortexM3\ARM_GCC_541\Debug\Data_Acquisition.a(H_Dir2.o)
 .debug_ranges  0x00000948       0x28 .\CortexM3\ARM_GCC_541\Debug\Data_Acquisition.a(H_Dir1.o)
 .debug_ranges  0x00000970       0x28 .\CortexM3\ARM_GCC_541\Debug\Data_Acquisition.a(START_BTN.o)
 .debug_ranges  0x00000998       0x78 .\CortexM3\ARM_GCC_541\Debug\Data_Acquisition.a(CyFlash.o)
 .debug_ranges  0x00000a10       0x70 .\CortexM3\ARM_GCC_541\Debug\Data_Acquisition.a(CySpc.o)

.comment        0x00000000       0x6e
 .comment       0x00000000       0x6e .\CortexM3\ARM_GCC_541\Debug\main.o
                                 0x6f (size before relaxing)
 .comment       0x0000006e       0x6f .\CortexM3\ARM_GCC_541\Debug\cyfitter_cfg.o
 .comment       0x0000006e       0x6f .\CortexM3\ARM_GCC_541\Debug\cymetadata.o
 .comment       0x0000006e       0x6f .\CortexM3\ARM_GCC_541\Debug\Cm3Start.o
 .comment       0x0000006e       0x6f .\CortexM3\ARM_GCC_541\Debug\Data_Acquisition.a(UART_1.o)
 .comment       0x0000006e       0x6f .\CortexM3\ARM_GCC_541\Debug\Data_Acquisition.a(UART_1_IntClock.o)
 .comment       0x0000006e       0x6f .\CortexM3\ARM_GCC_541\Debug\Data_Acquisition.a(CyLib.o)
 .comment       0x0000006e       0x6f .\CortexM3\ARM_GCC_541\Debug\Data_Acquisition.a(cyPm.o)
 .comment       0x0000006e       0x6f .\CortexM3\ARM_GCC_541\Debug\Data_Acquisition.a(Pin_2.o)
 .comment       0x0000006e       0x6f .\CortexM3\ARM_GCC_541\Debug\Data_Acquisition.a(QuadDec_Sensor.o)
 .comment       0x0000006e       0x6f .\CortexM3\ARM_GCC_541\Debug\Data_Acquisition.a(QuadDec_Sensor_Cnt16.o)
 .comment       0x0000006e       0x6f .\CortexM3\ARM_GCC_541\Debug\Data_Acquisition.a(ADC_DelSig_1.o)
 .comment       0x0000006e       0x6f .\CortexM3\ARM_GCC_541\Debug\Data_Acquisition.a(ADC_DelSig_1_INT.o)
 .comment       0x0000006e       0x6f .\CortexM3\ARM_GCC_541\Debug\Data_Acquisition.a(ADC_DelSig_1_AMux.o)
 .comment       0x0000006e       0x6f .\CortexM3\ARM_GCC_541\Debug\Data_Acquisition.a(ADC_DelSig_1_Ext_CP_Clk.o)
 .comment       0x0000006e       0x6f .\CortexM3\ARM_GCC_541\Debug\Data_Acquisition.a(ADC_DelSig_1_theACLK.o)
 .comment       0x0000006e       0x6f .\CortexM3\ARM_GCC_541\Debug\Data_Acquisition.a(Timer.o)
 .comment       0x0000006e       0x6f .\CortexM3\ARM_GCC_541\Debug\Data_Acquisition.a(isr_Timer.o)
 .comment       0x0000006e       0x6f .\CortexM3\ARM_GCC_541\Debug\Data_Acquisition.a(PWM.o)
 .comment       0x0000006e       0x6f .\CortexM3\ARM_GCC_541\Debug\Data_Acquisition.a(H_Dir2.o)
 .comment       0x0000006e       0x6f .\CortexM3\ARM_GCC_541\Debug\Data_Acquisition.a(H_Dir1.o)
 .comment       0x0000006e       0x6f .\CortexM3\ARM_GCC_541\Debug\Data_Acquisition.a(START_BTN.o)
 .comment       0x0000006e       0x6f .\CortexM3\ARM_GCC_541\Debug\Data_Acquisition.a(CyFlash.o)
 .comment       0x0000006e       0x6f .\CortexM3\ARM_GCC_541\Debug\Data_Acquisition.a(CySpc.o)

.debug_weaknames
 *(.debug_weaknames)

.debug_funcnames
 *(.debug_funcnames)

.debug_typenames
 *(.debug_typenames)

.debug_varnames
 *(.debug_varnames)

.note.gnu.arm.ident
 *(.note.gnu.arm.ident)

.ARM.attributes
                0x00000000       0x29
 *(.ARM.attributes)
 .ARM.attributes
                0x00000000       0x1d c:/program files (x86)/cypress/psoc creator/4.2/psoc creator/import/gnu/arm/5.4.1/bin/../lib/gcc/arm-none-eabi/5.4.1/armv7-m/crti.o
 .ARM.attributes
                0x0000001d       0x2d c:/program files (x86)/cypress/psoc creator/4.2/psoc creator/import/gnu/arm/5.4.1/bin/../lib/gcc/arm-none-eabi/5.4.1/armv7-m/crtbegin.o
 .ARM.attributes
                0x0000004a       0x1b c:/program files (x86)/cypress/psoc creator/4.2/psoc creator/import/gnu/arm/5.4.1/bin/../lib/gcc/arm-none-eabi/5.4.1/../../../../arm-none-eabi/lib/armv7-m/crt0.o
 .ARM.attributes
                0x00000065       0x33 .\CortexM3\ARM_GCC_541\Debug\main.o
 .ARM.attributes
                0x00000098       0x33 .\CortexM3\ARM_GCC_541\Debug\cyfitter_cfg.o
 .ARM.attributes
                0x000000cb       0x33 .\CortexM3\ARM_GCC_541\Debug\cymetadata.o
 .ARM.attributes
                0x000000fe       0x33 .\CortexM3\ARM_GCC_541\Debug\Cm3Start.o
 .ARM.attributes
                0x00000131       0x33 .\CortexM3\ARM_GCC_541\Debug\Data_Acquisition.a(UART_1.o)
 .ARM.attributes
                0x00000164       0x33 .\CortexM3\ARM_GCC_541\Debug\Data_Acquisition.a(UART_1_IntClock.o)
 .ARM.attributes
                0x00000197       0x33 .\CortexM3\ARM_GCC_541\Debug\Data_Acquisition.a(CyLib.o)
 .ARM.attributes
                0x000001ca       0x33 .\CortexM3\ARM_GCC_541\Debug\Data_Acquisition.a(cyPm.o)
 .ARM.attributes
                0x000001fd       0x33 .\CortexM3\ARM_GCC_541\Debug\Data_Acquisition.a(Pin_2.o)
 .ARM.attributes
                0x00000230       0x33 .\CortexM3\ARM_GCC_541\Debug\Data_Acquisition.a(QuadDec_Sensor.o)
 .ARM.attributes
                0x00000263       0x33 .\CortexM3\ARM_GCC_541\Debug\Data_Acquisition.a(QuadDec_Sensor_Cnt16.o)
 .ARM.attributes
                0x00000296       0x33 .\CortexM3\ARM_GCC_541\Debug\Data_Acquisition.a(ADC_DelSig_1.o)
 .ARM.attributes
                0x000002c9       0x33 .\CortexM3\ARM_GCC_541\Debug\Data_Acquisition.a(ADC_DelSig_1_INT.o)
 .ARM.attributes
                0x000002fc       0x33 .\CortexM3\ARM_GCC_541\Debug\Data_Acquisition.a(ADC_DelSig_1_AMux.o)
 .ARM.attributes
                0x0000032f       0x33 .\CortexM3\ARM_GCC_541\Debug\Data_Acquisition.a(ADC_DelSig_1_Ext_CP_Clk.o)
 .ARM.attributes
                0x00000362       0x33 .\CortexM3\ARM_GCC_541\Debug\Data_Acquisition.a(ADC_DelSig_1_theACLK.o)
 .ARM.attributes
                0x00000395       0x33 .\CortexM3\ARM_GCC_541\Debug\Data_Acquisition.a(Timer.o)
 .ARM.attributes
                0x000003c8       0x33 .\CortexM3\ARM_GCC_541\Debug\Data_Acquisition.a(isr_Timer.o)
 .ARM.attributes
                0x000003fb       0x33 .\CortexM3\ARM_GCC_541\Debug\Data_Acquisition.a(PWM.o)
 .ARM.attributes
                0x0000042e       0x33 .\CortexM3\ARM_GCC_541\Debug\Data_Acquisition.a(H_Dir2.o)
 .ARM.attributes
                0x00000461       0x33 .\CortexM3\ARM_GCC_541\Debug\Data_Acquisition.a(H_Dir1.o)
 .ARM.attributes
                0x00000494       0x33 .\CortexM3\ARM_GCC_541\Debug\Data_Acquisition.a(START_BTN.o)
 .ARM.attributes
                0x000004c7       0x21 .\CortexM3\ARM_GCC_541\Debug\Data_Acquisition.a(CyBootAsmGnu.o)
 .ARM.attributes
                0x000004e8       0x33 .\CortexM3\ARM_GCC_541\Debug\Data_Acquisition.a(CyFlash.o)
 .ARM.attributes
                0x0000051b       0x33 .\CortexM3\ARM_GCC_541\Debug\Data_Acquisition.a(CySpc.o)
 .ARM.attributes
                0x0000054e       0x1d c:/program files (x86)/cypress/psoc creator/4.2/psoc creator/import/gnu/arm/5.4.1/bin/../lib/gcc/arm-none-eabi/5.4.1/armv7-m\libgcc.a(_arm_addsubdf3.o)
 .ARM.attributes
                0x0000056b       0x1d c:/program files (x86)/cypress/psoc creator/4.2/psoc creator/import/gnu/arm/5.4.1/bin/../lib/gcc/arm-none-eabi/5.4.1/armv7-m\libgcc.a(_arm_muldivdf3.o)
 .ARM.attributes
                0x00000588       0x1d c:/program files (x86)/cypress/psoc creator/4.2/psoc creator/import/gnu/arm/5.4.1/bin/../lib/gcc/arm-none-eabi/5.4.1/armv7-m\libgcc.a(_arm_cmpdf2.o)
 .ARM.attributes
                0x000005a5       0x1d c:/program files (x86)/cypress/psoc creator/4.2/psoc creator/import/gnu/arm/5.4.1/bin/../lib/gcc/arm-none-eabi/5.4.1/armv7-m\libgcc.a(_arm_fixdfsi.o)
 .ARM.attributes
                0x000005c2       0x1d c:/program files (x86)/cypress/psoc creator/4.2/psoc creator/import/gnu/arm/5.4.1/bin/../lib/gcc/arm-none-eabi/5.4.1/armv7-m\libgcc.a(_arm_truncdfsf2.o)
 .ARM.attributes
                0x000005df       0x1d c:/program files (x86)/cypress/psoc creator/4.2/psoc creator/import/gnu/arm/5.4.1/bin/../lib/gcc/arm-none-eabi/5.4.1/armv7-m\libgcc.a(_arm_addsubsf3.o)
 .ARM.attributes
                0x000005fc       0x1d c:/program files (x86)/cypress/psoc creator/4.2/psoc creator/import/gnu/arm/5.4.1/bin/../lib/gcc/arm-none-eabi/5.4.1/armv7-m\libgcc.a(_arm_muldivsf3.o)
 .ARM.attributes
                0x00000619       0x1d c:/program files (x86)/cypress/psoc creator/4.2/psoc creator/import/gnu/arm/5.4.1/bin/../lib/gcc/arm-none-eabi/5.4.1/armv7-m\libgcc.a(_arm_cmpsf2.o)
 .ARM.attributes
                0x00000636       0x1d c:/program files (x86)/cypress/psoc creator/4.2/psoc creator/import/gnu/arm/5.4.1/bin/../lib/gcc/arm-none-eabi/5.4.1/armv7-m\libgcc.a(_arm_fixsfsi.o)
 .ARM.attributes
                0x00000653       0x1d c:/program files (x86)/cypress/psoc creator/4.2/psoc creator/import/gnu/arm/5.4.1/bin/../lib/gcc/arm-none-eabi/5.4.1/armv7-m\libgcc.a(_arm_fixunssfsi.o)
 .ARM.attributes
                0x00000670       0x2d c:/program files (x86)/cypress/psoc creator/4.2/psoc creator/import/gnu/arm/5.4.1/bin/../lib/gcc/arm-none-eabi/5.4.1/../../../../arm-none-eabi/lib/armv7-m\libg_nano.a(lib_a-errno.o)
 .ARM.attributes
                0x0000069d       0x2d c:/program files (x86)/cypress/psoc creator/4.2/psoc creator/import/gnu/arm/5.4.1/bin/../lib/gcc/arm-none-eabi/5.4.1/../../../../arm-none-eabi/lib/armv7-m\libg_nano.a(lib_a-exit.o)
 .ARM.attributes
                0x000006ca       0x2d c:/program files (x86)/cypress/psoc creator/4.2/psoc creator/import/gnu/arm/5.4.1/bin/../lib/gcc/arm-none-eabi/5.4.1/../../../../arm-none-eabi/lib/armv7-m\libg_nano.a(lib_a-impure.o)
 .ARM.attributes
                0x000006f7       0x2d c:/program files (x86)/cypress/psoc creator/4.2/psoc creator/import/gnu/arm/5.4.1/bin/../lib/gcc/arm-none-eabi/5.4.1/../../../../arm-none-eabi/lib/armv7-m\libg_nano.a(lib_a-init.o)
 .ARM.attributes
                0x00000724       0x2d c:/program files (x86)/cypress/psoc creator/4.2/psoc creator/import/gnu/arm/5.4.1/bin/../lib/gcc/arm-none-eabi/5.4.1/../../../../arm-none-eabi/lib/armv7-m\libg_nano.a(lib_a-memcpy-stub.o)
 .ARM.attributes
                0x00000751       0x2d c:/program files (x86)/cypress/psoc creator/4.2/psoc creator/import/gnu/arm/5.4.1/bin/../lib/gcc/arm-none-eabi/5.4.1/../../../../arm-none-eabi/lib/armv7-m\libg_nano.a(lib_a-memset.o)
 .ARM.attributes
                0x0000077e       0x2d c:/program files (x86)/cypress/psoc creator/4.2/psoc creator/import/gnu/arm/5.4.1/bin/../lib/gcc/arm-none-eabi/5.4.1/../../../../arm-none-eabi/lib/armv7-m\libg_nano.a(lib_a-nano-vfprintf_float.o)
 .ARM.attributes
                0x000007ab       0x2d c:/program files (x86)/cypress/psoc creator/4.2/psoc creator/import/gnu/arm/5.4.1/bin/../lib/gcc/arm-none-eabi/5.4.1/../../../../arm-none-eabi/lib/armv7-m\libg_nano.a(lib_a-nano-vfprintf_i.o)
 .ARM.attributes
                0x000007d8       0x2d c:/program files (x86)/cypress/psoc creator/4.2/psoc creator/import/gnu/arm/5.4.1/bin/../lib/gcc/arm-none-eabi/5.4.1/../../../../arm-none-eabi/lib/armv7-m\libg_nano.a(lib_a-sprintf.o)
 .ARM.attributes
                0x00000805       0x17 c:/program files (x86)/cypress/psoc creator/4.2/psoc creator/import/gnu/arm/5.4.1/bin/../lib/gcc/arm-none-eabi/5.4.1/../../../../arm-none-eabi/lib/armv7-m\libg_nano.a(lib_a-strlen.o)
 .ARM.attributes
                0x0000081c       0x2d c:/program files (x86)/cypress/psoc creator/4.2/psoc creator/import/gnu/arm/5.4.1/bin/../lib/gcc/arm-none-eabi/5.4.1/../../../../arm-none-eabi/lib/armv7-m\libg_nano.a(lib_a-dtoa.o)
 .ARM.attributes
                0x00000849       0x2d c:/program files (x86)/cypress/psoc creator/4.2/psoc creator/import/gnu/arm/5.4.1/bin/../lib/gcc/arm-none-eabi/5.4.1/../../../../arm-none-eabi/lib/armv7-m\libg_nano.a(lib_a-locale.o)
 .ARM.attributes
                0x00000876       0x2d c:/program files (x86)/cypress/psoc creator/4.2/psoc creator/import/gnu/arm/5.4.1/bin/../lib/gcc/arm-none-eabi/5.4.1/../../../../arm-none-eabi/lib/armv7-m\libg_nano.a(lib_a-malloc.o)
 .ARM.attributes
                0x000008a3       0x2d c:/program files (x86)/cypress/psoc creator/4.2/psoc creator/import/gnu/arm/5.4.1/bin/../lib/gcc/arm-none-eabi/5.4.1/../../../../arm-none-eabi/lib/armv7-m\libg_nano.a(lib_a-memchr-stub.o)
 .ARM.attributes
                0x000008d0       0x2d c:/program files (x86)/cypress/psoc creator/4.2/psoc creator/import/gnu/arm/5.4.1/bin/../lib/gcc/arm-none-eabi/5.4.1/../../../../arm-none-eabi/lib/armv7-m\libg_nano.a(lib_a-mprec.o)
 .ARM.attributes
                0x000008fd       0x2d c:/program files (x86)/cypress/psoc creator/4.2/psoc creator/import/gnu/arm/5.4.1/bin/../lib/gcc/arm-none-eabi/5.4.1/../../../../arm-none-eabi/lib/armv7-m\libg_nano.a(lib_a-nano-callocr.o)
 .ARM.attributes
                0x0000092a       0x2d c:/program files (x86)/cypress/psoc creator/4.2/psoc creator/import/gnu/arm/5.4.1/bin/../lib/gcc/arm-none-eabi/5.4.1/../../../../arm-none-eabi/lib/armv7-m\libg_nano.a(lib_a-nano-freer.o)
 .ARM.attributes
                0x00000957       0x2d c:/program files (x86)/cypress/psoc creator/4.2/psoc creator/import/gnu/arm/5.4.1/bin/../lib/gcc/arm-none-eabi/5.4.1/../../../../arm-none-eabi/lib/armv7-m\libg_nano.a(lib_a-nano-mallocr.o)