Archive member included to satisfy reference by file (symbol)

.\CortexM3\ARM_GCC_541\Debug\Data_Acquisition.a(UART_1.o)
                              .\CortexM3\ARM_GCC_541\Debug\main.o (UART_1_Start)
.\CortexM3\ARM_GCC_541\Debug\Data_Acquisition.a(UART_1_IntClock.o)
                              .\CortexM3\ARM_GCC_541\Debug\Data_Acquisition.a(UART_1.o) (UART_1_IntClock_Start)
.\CortexM3\ARM_GCC_541\Debug\Data_Acquisition.a(CyLib.o)
                              .\CortexM3\ARM_GCC_541\Debug\Cm3Start.o (CyHalt)
.\CortexM3\ARM_GCC_541\Debug\Data_Acquisition.a(cyPm.o)
                              .\CortexM3\ARM_GCC_541\Debug\Data_Acquisition.a(CyLib.o) (CyPmReadStatus)
.\CortexM3\ARM_GCC_541\Debug\Data_Acquisition.a(Pin_2.o)
                              .\CortexM3\ARM_GCC_541\Debug\main.o (Pin_2_Write)
.\CortexM3\ARM_GCC_541\Debug\Data_Acquisition.a(QuadDec_Sensor.o)
                              .\CortexM3\ARM_GCC_541\Debug\main.o (QuadDec_Sensor_GetCounter)
.\CortexM3\ARM_GCC_541\Debug\Data_Acquisition.a(QuadDec_Sensor_Cnt16.o)
                              .\CortexM3\ARM_GCC_541\Debug\Data_Acquisition.a(QuadDec_Sensor.o) (QuadDec_Sensor_Cnt16_Stop)
.\CortexM3\ARM_GCC_541\Debug\Data_Acquisition.a(QuadDec_Motor.o)
                              .\CortexM3\ARM_GCC_541\Debug\main.o (QuadDec_Motor_GetCounter)
.\CortexM3\ARM_GCC_541\Debug\Data_Acquisition.a(QuadDec_Motor_Cnt16.o)
                              .\CortexM3\ARM_GCC_541\Debug\Data_Acquisition.a(QuadDec_Motor.o) (QuadDec_Motor_Cnt16_Stop)
.\CortexM3\ARM_GCC_541\Debug\Data_Acquisition.a(ADC_DelSig_1.o)
                              .\CortexM3\ARM_GCC_541\Debug\main.o (ADC_DelSig_1_Start)
.\CortexM3\ARM_GCC_541\Debug\Data_Acquisition.a(ADC_DelSig_1_INT.o)
                              .\CortexM3\ARM_GCC_541\Debug\Data_Acquisition.a(ADC_DelSig_1.o) (ADC_DelSig_1_ISR1)
.\CortexM3\ARM_GCC_541\Debug\Data_Acquisition.a(ADC_DelSig_1_AMux.o)
                              .\CortexM3\ARM_GCC_541\Debug\Data_Acquisition.a(ADC_DelSig_1.o) (ADC_DelSig_1_AMux_Select)
.\CortexM3\ARM_GCC_541\Debug\Data_Acquisition.a(ADC_DelSig_1_Ext_CP_Clk.o)
                              .\CortexM3\ARM_GCC_541\Debug\Data_Acquisition.a(ADC_DelSig_1.o) (ADC_DelSig_1_Ext_CP_Clk_SetModeRegister)
.\CortexM3\ARM_GCC_541\Debug\Data_Acquisition.a(ADC_DelSig_1_theACLK.o)
                              .\CortexM3\ARM_GCC_541\Debug\Data_Acquisition.a(ADC_DelSig_1.o) (ADC_DelSig_1_theACLK_SetModeRegister)
.\CortexM3\ARM_GCC_541\Debug\Data_Acquisition.a(isr_Timer.o)
                              .\CortexM3\ARM_GCC_541\Debug\main.o (isr_Timer_StartEx)
.\CortexM3\ARM_GCC_541\Debug\Data_Acquisition.a(PWM.o)
                              .\CortexM3\ARM_GCC_541\Debug\main.o (PWM_WriteCompare)
.\CortexM3\ARM_GCC_541\Debug\Data_Acquisition.a(H_Dir2.o)
                              .\CortexM3\ARM_GCC_541\Debug\main.o (H_Dir2_Write)
.\CortexM3\ARM_GCC_541\Debug\Data_Acquisition.a(H_Dir1.o)
                              .\CortexM3\ARM_GCC_541\Debug\main.o (H_Dir1_Write)
.\CortexM3\ARM_GCC_541\Debug\Data_Acquisition.a(CyBootAsmGnu.o)
                              .\CortexM3\ARM_GCC_541\Debug\cyfitter_cfg.o (CyDelayCycles)
.\CortexM3\ARM_GCC_541\Debug\Data_Acquisition.a(CyFlash.o)
                              .\CortexM3\ARM_GCC_541\Debug\Data_Acquisition.a(cyPm.o) (CyFlash_SetWaitCycles)
.\CortexM3\ARM_GCC_541\Debug\Data_Acquisition.a(CySpc.o)
                              .\CortexM3\ARM_GCC_541\Debug\Data_Acquisition.a(CyFlash.o) (CySpcStart)
c:/program files (x86)/cypress/psoc creator/4.2/psoc creator/import/gnu/arm/5.4.1/bin/../lib/gcc/arm-none-eabi/5.4.1/armv7-m\libgcc.a(_arm_addsubdf3.o)
                              .\CortexM3\ARM_GCC_541\Debug\main.o (__aeabi_dadd)
c:/program files (x86)/cypress/psoc creator/4.2/psoc creator/import/gnu/arm/5.4.1/bin/../lib/gcc/arm-none-eabi/5.4.1/armv7-m\libgcc.a(_arm_muldivdf3.o)
                              .\CortexM3\ARM_GCC_541\Debug\main.o (__aeabi_dmul)
c:/program files (x86)/cypress/psoc creator/4.2/psoc creator/import/gnu/arm/5.4.1/bin/../lib/gcc/arm-none-eabi/5.4.1/armv7-m\libgcc.a(_arm_cmpdf2.o)
                              .\CortexM3\ARM_GCC_541\Debug\main.o (__aeabi_dcmplt)
c:/program files (x86)/cypress/psoc creator/4.2/psoc creator/import/gnu/arm/5.4.1/bin/../lib/gcc/arm-none-eabi/5.4.1/armv7-m\libgcc.a(_arm_fixdfsi.o)
                              .\CortexM3\ARM_GCC_541\Debug\main.o (__aeabi_d2iz)
c:/program files (x86)/cypress/psoc creator/4.2/psoc creator/import/gnu/arm/5.4.1/bin/../lib/gcc/arm-none-eabi/5.4.1/armv7-m\libgcc.a(_arm_truncdfsf2.o)
                              .\CortexM3\ARM_GCC_541\Debug\main.o (__aeabi_d2f)
c:/program files (x86)/cypress/psoc creator/4.2/psoc creator/import/gnu/arm/5.4.1/bin/../lib/gcc/arm-none-eabi/5.4.1/armv7-m\libgcc.a(_arm_addsubsf3.o)
                              .\CortexM3\ARM_GCC_541\Debug\main.o (__aeabi_fsub)
[...]
Memory Configuration

Name             Origin             Length             Attributes
rom              0x00000000         0x00040000         xr
ram              0x1fff8000         0x00010000         xrw
*default*        0x00000000         0xffffffff

Linker script and memory map

LOAD c:/program files (x86)/cypress/psoc creator/4.2/psoc creator/import/gnu/arm/5.4.1/bin/../lib/gcc/arm-none-eabi/5.4.1/armv7-m/crti.o
LOAD c:/program files (x86)/cypress/psoc creator/4.2/psoc creator/import/gnu/arm/5.4.1/bin/../lib/gcc/arm-none-eabi/5.4.1/armv7-m/crtbegin.o
LOAD c:/program files (x86)/cypress/psoc creator/4.2/psoc creator/import/gnu/arm/5.4.1/bin/../lib/gcc/arm-none-eabi/5.4.1/../../../../arm-none-eabi/lib/armv7-m/crt0.o
START GROUP
LOAD .\CortexM3\ARM_GCC_541\Debug\main.o
LOAD .\CortexM3\ARM_GCC_541\Debug\cyfitter_cfg.o
LOAD .\CortexM3\ARM_GCC_541\Debug\cymetadata.o
LOAD .\CortexM3\ARM_GCC_541\Debug\Cm3Start.o
LOAD .\CortexM3\ARM_GCC_541\Debug\Data_Acquisition.a
LOAD C:\Program Files (x86)\Cypress\PSoC Creator\4.2\PSoC Creator\psoc\content\cycomponentlibrary\CyComponentLibrary.cylib\CortexM3\ARM_GCC_541\Debug\CyComponentLibrary.a
END GROUP
START GROUP
LOAD c:/program files (x86)/cypress/psoc creator/4.2/psoc creator/import/gnu/arm/5.4.1/bin/../lib/gcc/arm-none-eabi/5.4.1/armv7-m\libgcc.a
LOAD c:/program files (x86)/cypress/psoc creator/4.2/psoc creator/import/gnu/arm/5.4.1/bin/../lib/gcc/arm-none-eabi/5.4.1/../../../../arm-none-eabi/lib/armv7-m\libg_nano.a
LOAD c:/program files (x86)/cypress/psoc creator/4.2/psoc creator/import/gnu/arm/5.4.1/bin/../lib/gcc/arm-none-eabi/5.4.1/../../../../arm-none-eabi/lib/armv7-m\libc_nano.a
END GROUP
START GROUP
LOAD c:/program files (x86)/cypress/psoc creator/4.2/psoc creator/import/gnu/arm/5.4.1/bin/../lib/gcc/arm-none-eabi/5.4.1/armv7-m\libgcc.a
LOAD c:/program files (x86)/cypress/psoc creator/4.2/psoc creator/import/gnu/arm/5.4.1/bin/../lib/gcc/arm-none-eabi/5.4.1/../../../../arm-none-eabi/lib/armv7-m\libc_nano.a
END GROUP
LOAD c:/program files (x86)/cypress/psoc creator/4.2/psoc creator/import/gnu/arm/5.4.1/bin/../lib/gcc/arm-none-eabi/5.4.1/armv7-m/crtend.o
LOAD c:/program files (x86)/cypress/psoc creator/4.2/psoc creator/import/gnu/arm/5.4.1/bin/../lib/gcc/arm-none-eabi/5.4.1/armv7-m/crtn.o
START GROUP
LOAD c:/program files (x86)/cypress/psoc creator/4.2/psoc creator/import/gnu/arm/5.4.1/bin/../lib/gcc/arm-none-eabi/5.4.1/armv7-m\libgcc.a
LOAD c:/program files (x86)/cypress/psoc creator/4.2/psoc creator/import/gnu/arm/5.4.1/bin/../lib/gcc/arm-none-eabi/5.4.1/../../../../arm-none-eabi/lib/armv7-m\libc.a
LOAD c:/program files (x86)/cypress/psoc creator/4.2/psoc creator/import/gnu/arm/5.4.1/bin/../lib/gcc/arm-none-eabi/5.4.1/../../../../arm-none-eabi/lib/armv7-m\libnosys.a
END GROUP
                0x00000000                CY_APPL_ORIGIN = 0x0
                0x00000100                CY_FLASH_ROW_SIZE = 0x100
                0x00000020                CY_ECC_ROW_SIZE = 0x20
                0x00000000                CY_EE_IN_BTLDR = 0x0
                0x00000000                CY_APPL_LOADABLE = 0x0
                0x00000800                CY_EE_SIZE = 0x800
                0x00000001                CY_APPL_NUM = 0x1
                0x00000001                CY_APPL_MAX = 0x1
                0x00000040                CY_METADATA_SIZE = 0x40
                0x00000000                CY_APPL_LOADABLE = 0x0
                0x00000000                CY_CHECKSUM_EXCLUDE_SIZE = ALIGN (0x0, CY_FLASH_ROW_SIZE)
                [!provide]                PROVIDE (__cy_heap_start, _end)
                0x00000001                PROVIDE (__cy_region_num, ((__cy_regions_end - __cy_regions) / 0x10))
                0x20008000                PROVIDE (__cy_stack, (ORIGIN (ram) + LENGTH (ram)))
                [!provide]                PROVIDE (__cy_heap_end, (__cy_stack - 0x800))

.cybootloader   0x00000000        0x0
 *(.cybootloader)
                0x00000000                appl1_start = CY_APPL_ORIGIN?CY_APPL_ORIGIN:ALIGN (CY_FLASH_ROW_SIZE)
                0x0001ff00                appl2_start = (appl1_start + ALIGN ((((LENGTH (rom) - appl1_start) - (0x2 * CY_FLASH_ROW_SIZE)) / 0x2), CY_FLASH_ROW_SIZE))
                0x00000000                appl_start = (CY_APPL_NUM == 0x1)?appl1_start:appl2_start
                0x00000000                ecc_offset = ((appl_start / CY_FLASH_ROW_SIZE) * CY_ECC_ROW_SIZE)
                0x00000000                ee_offset = (CY_APPL_LOADABLE && ! (CY_EE_IN_BTLDR))?((CY_EE_SIZE / CY_APPL_MAX) * (CY_APPL_NUM - 0x1)):0x0
                0x00000800                ee_size = (CY_APPL_LOADABLE && ! (CY_EE_IN_BTLDR))?(CY_EE_SIZE / CY_APPL_MAX):CY_EE_SIZE
                [!provide]                PROVIDE (CY_ECC_OFFSET, ecc_offset)

.text           0x00000000     0x41c4
 CREATE_OBJECT_SYMBOLS
                0x00000000                PROVIDE (__cy_interrupt_vector, RomVectors)
 *(.romvectors)
 .romvectors    0x00000000       0x10 .\CortexM3\ARM_GCC_541\Debug\Cm3Start.o
                0x00000000                RomVectors
                0x00000001                ASSERT ((. != __cy_interrupt_vector), No interrupt vector)
                0x00000001                ASSERT (CY_APPL_ORIGIN?(SIZEOF (.cybootloader) <= CY_APPL_ORIGIN):0x1, Wrong image location)
                0x00000010                PROVIDE (__cy_reset, Reset)
 *(.text.Reset)
 .text.Reset    0x00000010       0x18 .\CortexM3\ARM_GCC_541\Debug\Cm3Start.o
                0x00000010                Reset
                0x00000001                ASSERT ((. != __cy_reset), No reset code)
 *(.dma_init)
                0x00000001                ASSERT ((((appl_start + .) <= 0x10000) || 0x1), DMA Init must be within the first 64k of flash)
 *(.text .text.* .gnu.linkonce.t.*)
 .text          0x00000028       0x5c c:/program files (x86)/cypress/psoc creator/4.2/psoc creator/import/gnu/arm/5.4.1/bin/../lib/gcc/arm-none-eabi/5.4.1/armv7-m/crtbegin.o
 *fill*         0x00000084        0x4 
 .text.isr_Timer_Handler
                0x00000088       0xc0 .\CortexM3\ARM_GCC_541\Debug\main.o
                0x00000088                isr_Timer_Handler
 .text.transmit
                0x00000148       0x40 .\CortexM3\ARM_GCC_541\Debug\main.o
                0x00000148                transmit
 .text.main     0x00000188      0x10c .\CortexM3\ARM_GCC_541\Debug\main.o
                0x00000188                main
 .text.CyClockStartupError
                0x00000294        0x4 .\CortexM3\ARM_GCC_541\Debug\cyfitter_cfg.o
 .text.cfg_write_bytes32
                0x00000298       0x34 .\CortexM3\ARM_GCC_541\Debug\cyfitter_cfg.o
 .text.AnalogSetDefault
                0x000002cc       0x38 .\CortexM3\ARM_GCC_541\Debug\cyfitter_cfg.o
 .text.CYMEMZERO
                0x00000304        0xc .\CortexM3\ARM_GCC_541\Debug\cyfitter_cfg.o
 .text.CYCONFIGCPY
                0x00000310        0x8 .\CortexM3\ARM_GCC_541\Debug\cyfitter_cfg.o
 .text.ClockSetup
                0x00000318      0x114 .\CortexM3\ARM_GCC_541\Debug\cyfitter_cfg.o
 .text.ADC_DelSig_1_AMux_Set
                0x0000042c       0x1c .\CortexM3\ARM_GCC_541\Debug\cyfitter_cfg.o
                0x0000042c                ADC_DelSig_1_AMux_Set
 .text.ADC_DelSig_1_AMux_Unset
                0x00000448       0x1c .\CortexM3\ARM_GCC_541\Debug\cyfitter_cfg.o
                0x00000448                ADC_DelSig_1_AMux_Unset
 .text.cyfitter_cfg
                0x00000464      0x154 .\CortexM3\ARM_GCC_541\Debug\cyfitter_cfg.o
                0x00000464                cyfitter_cfg
 .text.IntDefaultHandler
                0x000005b8       0x10 .\CortexM3\ARM_GCC_541\Debug\Cm3Start.o
                0x000005b8                IntDefaultHandler
 .text._sbrk    0x000005c8       0x30 .\CortexM3\ARM_GCC_541\Debug\Cm3Start.o
                0x000005c8                _sbrk
 .text.Start_c  0x000005f8       0x4c .\CortexM3\ARM_GCC_541\Debug\Cm3Start.o
                0x000005f8                Start_c
 .text.initialize_psoc
                0x00000644       0x68 .\CortexM3\ARM_GCC_541\Debug\Cm3Start.o
                0x00000644                initialize_psoc
 .text.UART_1_Init
                0x000006ac       0x1c .\CortexM3\ARM_GCC_541\Debug\Data_Acquisition.a(UART_1.o)
                0x000006ac                UART_1_Init
 .text.UART_1_Enable
                0x000006c8       0x24 .\CortexM3\ARM_GCC_541\Debug\Data_Acquisition.a(UART_1.o)
                0x000006c8                UART_1_Enable
 .text.UART_1_Start
                0x000006ec       0x1c .\CortexM3\ARM_GCC_541\Debug\Data_Acquisition.a(UART_1.o)
                0x000006ec                UART_1_Start
 .text.UART_1_PutChar
                0x00000708       0x18 .\CortexM3\ARM_GCC_541\Debug\Data_Acquisition.a(UART_1.o)
                0x00000708                UART_1_PutChar
 .text.UART_1_PutString
                0x00000720       0x24 .\CortexM3\ARM_GCC_541\Debug\Data_Acquisition.a(UART_1.o)
                0x00000720                UART_1_PutString
 .text.UART_1_IntClock_Start
                0x00000744       0x1c .\CortexM3\ARM_GCC_541\Debug\Data_Acquisition.a(UART_1_IntClock.o)
                0x00000744                UART_1_IntClock_Start
 .text.CyHalt   0x00000760        0x4 .\CortexM3\ARM_GCC_541\Debug\Data_Acquisition.a(CyLib.o)
                0x00000760                CyHalt
 .text.CyDelay  0x00000764       0x2c .\CortexM3\ARM_GCC_541\Debug\Data_Acquisition.a(CyLib.o)
                0x00000764                CyDelay
 .text.CyDelayUs
                0x00000790       0x14 .\CortexM3\ARM_GCC_541\Debug\Data_Acquisition.a(CyLib.o)
                0x00000790                CyDelayUs
 .text.CyIntSetVector
                0x000007a4       0x28 .\CortexM3\ARM_GCC_541\Debug\Data_Acquisition.a(CyLib.o)
                0x000007a4                CyIntSetVector
 .text.CyIntSetPriority
                0x000007cc       0x30 .\CortexM3\ARM_GCC_541\Debug\Data_Acquisition.a(CyLib.o)
                0x000007cc                CyIntSetPriority
 .text.Pin_2_Write
                0x000007fc       0x18 .\CortexM3\ARM_GCC_541\Debug\Data_Acquisition.a(Pin_2.o)
                0x000007fc                Pin_2_Write
 .text.QuadDec_Sensor_GetCounter
                0x00000814       0x10 .\CortexM3\ARM_GCC_541\Debug\Data_Acquisition.a(QuadDec_Sensor.o)
                0x00000814                QuadDec_Sensor_GetCounter
 .text.QuadDec_Sensor_SetCounter
                0x00000824       0x1c .\CortexM3\ARM_GCC_541\Debug\Data_Acquisition.a(QuadDec_Sensor.o)
                0x00000824                QuadDec_Sensor_SetCounter
 .text.QuadDec_Sensor_GetEvents
                0x00000840       0x10 .\CortexM3\ARM_GCC_541\Debug\Data_Acquisition.a(QuadDec_Sensor.o)
                0x00000840                QuadDec_Sensor_GetEvents
 .text.QuadDec_Sensor_SetInterruptMask
                0x00000850        0xc .\CortexM3\ARM_GCC_541\Debug\Data_Acquisition.a(QuadDec_Sensor.o)
                0x00000850                QuadDec_Sensor_SetInterruptMask
 .text.QuadDec_Sensor_Enable
                0x0000085c       0x24 .\CortexM3\ARM_GCC_541\Debug\Data_Acquisition.a(QuadDec_Sensor.o)
                0x0000085c                QuadDec_Sensor_Enable
 .text.QuadDec_Sensor_Start
                0x00000880       0x24 .\CortexM3\ARM_GCC_541\Debug\Data_Acquisition.a(QuadDec_Sensor.o)
                0x00000880                QuadDec_Sensor_Start
 .text.QuadDec_Sensor_Cnt16_Enable
                0x000008a4       0x10 .\CortexM3\ARM_GCC_541\Debug\Data_Acquisition.a(QuadDec_Sensor_Cnt16.o)
                0x000008a4                QuadDec_Sensor_Cnt16_Enable
 .text.QuadDec_Sensor_Cnt16_SetInterruptMode
                0x000008b4        0xc .\CortexM3\ARM_GCC_541\Debug\Data_Acquisition.a(QuadDec_Sensor_Cnt16.o)
                0x000008b4                QuadDec_Sensor_Cnt16_SetInterruptMode
 .text.QuadDec_Sensor_Cnt16_ReadStatusRegister
                0x000008c0        0xc .\CortexM3\ARM_GCC_541\Debug\Data_Acquisition.a(QuadDec_Sensor_Cnt16.o)
                0x000008c0                QuadDec_Sensor_Cnt16_ReadStatusRegister
 .text.QuadDec_Sensor_Cnt16_WriteCounter
                0x000008cc        0xc .\CortexM3\ARM_GCC_541\Debug\Data_Acquisition.a(QuadDec_Sensor_Cnt16.o)
                0x000008cc                QuadDec_Sensor_Cnt16_WriteCounter
 .text.QuadDec_Sensor_Cnt16_ReadCounter
                0x000008d8       0x14 .\CortexM3\ARM_GCC_541\Debug\Data_Acquisition.a(QuadDec_Sensor_Cnt16.o)
                0x000008d8                QuadDec_Sensor_Cnt16_ReadCounter
 .text.QuadDec_Sensor_Cnt16_ReadCapture
                0x000008ec        0xc .\CortexM3\ARM_GCC_541\Debug\Data_Acquisition.a(QuadDec_Sensor_Cnt16.o)
                0x000008ec                QuadDec_Sensor_Cnt16_ReadCapture
 .text.QuadDec_Sensor_Cnt16_WritePeriod
                0x000008f8        0xc .\CortexM3\ARM_GCC_541\Debug\Data_Acquisition.a(QuadDec_Sensor_Cnt16.o)
                0x000008f8                QuadDec_Sensor_Cnt16_WritePeriod
 .text.QuadDec_Sensor_Cnt16_WriteCompare
                0x00000904        0xc .\CortexM3\ARM_GCC_541\Debug\Data_Acquisition.a(QuadDec_Sensor_Cnt16.o)
                0x00000904                QuadDec_Sensor_Cnt16_WriteCompare
 .text.QuadDec_Sensor_Cnt16_ClearFIFO
                0x00000910       0x14 .\CortexM3\ARM_GCC_541\Debug\Data_Acquisition.a(QuadDec_Sensor_Cnt16.o)
                0x00000910                QuadDec_Sensor_Cnt16_ClearFIFO
 .text.QuadDec_Sensor_Cnt16_Init
                0x00000924       0x58 .\CortexM3\ARM_GCC_541\Debug\Data_Acquisition.a(QuadDec_Sensor_Cnt16.o)
                0x00000924                QuadDec_Sensor_Cnt16_Init
 .text.QuadDec_Sensor_Cnt16_Start
                0x0000097c       0x1c .\CortexM3\ARM_GCC_541\Debug\Data_Acquisition.a(QuadDec_Sensor_Cnt16.o)
                0x0000097c                QuadDec_Sensor_Cnt16_Start
 .text.QuadDec_Motor_GetCounter
                0x00000998       0x10 .\CortexM3\ARM_GCC_541\Debug\Data_Acquisition.a(QuadDec_Motor.o)
                0x00000998                QuadDec_Motor_GetCounter
 .text.QuadDec_Motor_SetCounter
                0x000009a8       0x1c .\CortexM3\ARM_GCC_541\Debug\Data_Acquisition.a(QuadDec_Motor.o)
                0x000009a8                QuadDec_Motor_SetCounter
 .text.QuadDec_Motor_GetEvents
                0x000009c4       0x10 .\CortexM3\ARM_GCC_541\Debug\Data_Acquisition.a(QuadDec_Motor.o)
                0x000009c4                QuadDec_Motor_GetEvents
 .text.QuadDec_Motor_SetInterruptMask
                0x000009d4        0xc .\CortexM3\ARM_GCC_541\Debug\Data_Acquisition.a(QuadDec_Motor.o)
                0x000009d4                QuadDec_Motor_SetInterruptMask
 .text.QuadDec_Motor_Enable
                0x000009e0       0x24 .\CortexM3\ARM_GCC_541\Debug\Data_Acquisition.a(QuadDec_Motor.o)
                0x000009e0                QuadDec_Motor_Enable
 .text.QuadDec_Motor_Start
                0x00000a04       0x24 .\CortexM3\ARM_GCC_541\Debug\Data_Acquisition.a(QuadDec_Motor.o)
                0x00000a04                QuadDec_Motor_Start
 .text.QuadDec_Motor_Cnt16_Enable
                0x00000a28       0x10 .\CortexM3\ARM_GCC_541\Debug\Data_Acquisition.a(QuadDec_Motor_Cnt16.o)
                0x00000a28                QuadDec_Motor_Cnt16_Enable
 .text.QuadDec_Motor_Cnt16_SetInterruptMode
                0x00000a38        0xc .\CortexM3\ARM_GCC_541\Debug\Data_Acquisition.a(QuadDec_Motor_Cnt16.o)
                0x00000a38                QuadDec_Motor_Cnt16_SetInterruptMode
 .text.QuadDec_Motor_Cnt16_ReadStatusRegister
                0x00000a44        0xc .\CortexM3\ARM_GCC_541\Debug\Data_Acquisition.a(QuadDec_Motor_Cnt16.o)
                0x00000a44                QuadDec_Motor_Cnt16_ReadStatusRegister
 .text.QuadDec_Motor_Cnt16_WriteCounter
                0x00000a50        0xc .\CortexM3\ARM_GCC_541\Debug\Data_Acquisition.a(QuadDec_Motor_Cnt16.o)
                0x00000a50                QuadDec_Motor_Cnt16_WriteCounter
 .text.QuadDec_Motor_Cnt16_ReadCounter
                0x00000a5c       0x14 .\CortexM3\ARM_GCC_541\Debug\Data_Acquisition.a(QuadDec_Motor_Cnt16.o)
                0x00000a5c                QuadDec_Motor_Cnt16_ReadCounter
 .text.QuadDec_Motor_Cnt16_ReadCapture
                0x00000a70        0xc .\CortexM3\ARM_GCC_541\Debug\Data_Acquisition.a(QuadDec_Motor_Cnt16.o)
                0x00000a70                QuadDec_Motor_Cnt16_ReadCapture
 .text.QuadDec_Motor_Cnt16_WritePeriod
                0x00000a7c        0xc .\CortexM3\ARM_GCC_541\Debug\Data_Acquisition.a(QuadDec_Motor_Cnt16.o)
                0x00000a7c                QuadDec_Motor_Cnt16_WritePeriod
 .text.QuadDec_Motor_Cnt16_WriteCompare
                0x00000a88        0xc .\CortexM3\ARM_GCC_541\Debug\Data_Acquisition.a(QuadDec_Motor_Cnt16.o)
                0x00000a88                QuadDec_Motor_Cnt16_WriteCompare
 .text.QuadDec_Motor_Cnt16_ClearFIFO
                0x00000a94       0x14 .\CortexM3\ARM_GCC_541\Debug\Data_Acquisition.a(QuadDec_Motor_Cnt16.o)
                0x00000a94                QuadDec_Motor_Cnt16_ClearFIFO
 .text.QuadDec_Motor_Cnt16_Init
                0x00000aa8       0x58 .\CortexM3\ARM_GCC_541\Debug\Data_Acquisition.a(QuadDec_Motor_Cnt16.o)
                0x00000aa8                QuadDec_Motor_Cnt16_Init
 .text.QuadDec_Motor_Cnt16_Start
                0x00000b00       0x1c .\CortexM3\ARM_GCC_541\Debug\Data_Acquisition.a(QuadDec_Motor_Cnt16.o)
                0x00000b00                QuadDec_Motor_Cnt16_Start
 .text.ADC_DelSig_1_GainCompensation
                0x00000b1c       0xdc .\CortexM3\ARM_GCC_541\Debug\Data_Acquisition.a(ADC_DelSig_1.o)
 .text.ADC_DelSig_1_SetDSMRef0Reg
                0x00000bf8       0x4c .\CortexM3\ARM_GCC_541\Debug\Data_Acquisition.a(ADC_DelSig_1.o)
 .text.ADC_DelSig_1_InitConfig
                0x00000c44       0xe0 .\CortexM3\ARM_GCC_541\Debug\Data_Acquisition.a(ADC_DelSig_1.o)
 .text.ADC_DelSig_1_Init
                0x00000d24       0xc4 .\CortexM3\ARM_GCC_541\Debug\Data_Acquisition.a(ADC_DelSig_1.o)
                0x00000d24                ADC_DelSig_1_Init
 .text.ADC_DelSig_1_Enable
                0x00000de8       0xd8 .\CortexM3\ARM_GCC_541\Debug\Data_Acquisition.a(ADC_DelSig_1.o)
                0x00000de8                ADC_DelSig_1_Enable
 .text.ADC_DelSig_1_Start
                0x00000ec0       0x28 .\CortexM3\ARM_GCC_541\Debug\Data_Acquisition.a(ADC_DelSig_1.o)
                0x00000ec0                ADC_DelSig_1_Start
 .text.ADC_DelSig_1_StartConvert
                0x00000ee8       0x10 .\CortexM3\ARM_GCC_541\Debug\Data_Acquisition.a(ADC_DelSig_1.o)
                0x00000ee8                ADC_DelSig_1_StartConvert
 .text.ADC_DelSig_1_IsEndConversion
                0x00000ef8       0x30 .\CortexM3\ARM_GCC_541\Debug\Data_Acquisition.a(ADC_DelSig_1.o)
                0x00000ef8                ADC_DelSig_1_IsEndConversion
 .text.ADC_DelSig_1_GetResult32
                0x00000f28       0x6c .\CortexM3\ARM_GCC_541\Debug\Data_Acquisition.a(ADC_DelSig_1.o)
                0x00000f28                ADC_DelSig_1_GetResult32
 .text.ADC_DelSig_1_ISR1
                0x00000f94        0x4 .\CortexM3\ARM_GCC_541\Debug\Data_Acquisition.a(ADC_DelSig_1_INT.o)
                0x00000f94                ADC_DelSig_1_ISR1
 .text.ADC_DelSig_1_AMux_Start
                0x00000f98       0x20 .\CortexM3\ARM_GCC_541\Debug\Data_Acquisition.a(ADC_DelSig_1_AMux.o)
                0x00000f98                ADC_DelSig_1_AMux_Start
 .text.ADC_DelSig_1_AMux_Select
                0x00000fb8       0x18 .\CortexM3\ARM_GCC_541\Debug\Data_Acquisition.a(ADC_DelSig_1_AMux.o)
                0x00000fb8                ADC_DelSig_1_AMux_Select
 .text.ADC_DelSig_1_Ext_CP_Clk_GetDividerRegister
                0x00000fd0        0xc .\CortexM3\ARM_GCC_541\Debug\Data_Acquisition.a(ADC_DelSig_1_Ext_CP_Clk.o)
                0x00000fd0                ADC_DelSig_1_Ext_CP_Clk_GetDividerRegister
 .text.ADC_DelSig_1_Ext_CP_Clk_SetModeRegister
                0x00000fdc       0x14 .\CortexM3\ARM_GCC_541\Debug\Data_Acquisition.a(ADC_DelSig_1_Ext_CP_Clk.o)
                0x00000fdc                ADC_DelSig_1_Ext_CP_Clk_SetModeRegister
 .text.ADC_DelSig_1_Ext_CP_Clk_GetSourceRegister
                0x00000ff0       0x10 .\CortexM3\ARM_GCC_541\Debug\Data_Acquisition.a(ADC_DelSig_1_Ext_CP_Clk.o)
                0x00000ff0                ADC_DelSig_1_Ext_CP_Clk_GetSourceRegister
 .text.ADC_DelSig_1_Ext_CP_Clk_SetDividerRegister
                0x00001000       0xd8 .\CortexM3\ARM_GCC_541\Debug\Data_Acquisition.a(ADC_DelSig_1_Ext_CP_Clk.o)
                0x00001000                ADC_DelSig_1_Ext_CP_Clk_SetDividerRegister
 .text.ADC_DelSig_1_theACLK_GetDividerRegister
                0x000010d8        0xc .\CortexM3\ARM_GCC_541\Debug\Data_Acquisition.a(ADC_DelSig_1_theACLK.o)
                0x000010d8                ADC_DelSig_1_theACLK_GetDividerRegister
 .text.ADC_DelSig_1_theACLK_SetModeRegister
                0x000010e4       0x14 .\CortexM3\ARM_GCC_541\Debug\Data_Acquisition.a(ADC_DelSig_1_theACLK.o)
                0x000010e4                ADC_DelSig_1_theACLK_SetModeRegister
 .text.ADC_DelSig_1_theACLK_GetSourceRegister
                0x000010f8       0x10 .\CortexM3\ARM_GCC_541\Debug\Data_Acquisition.a(ADC_DelSig_1_theACLK.o)
                0x000010f8                ADC_DelSig_1_theACLK_GetSourceRegister
 .text.ADC_DelSig_1_theACLK_SetDividerRegister
                0x00001108       0xd8 .\CortexM3\ARM_GCC_541\Debug\Data_Acquisition.a(ADC_DelSig_1_theACLK.o)
                0x00001108                ADC_DelSig_1_theACLK_SetDividerRegister
 .text.isr_Timer_SetVector
                0x000011e0        0xc .\CortexM3\ARM_GCC_541\Debug\Data_Acquisition.a(isr_Timer.o)
                0x000011e0                isr_Timer_SetVector
 .text.isr_Timer_SetPriority
                0x000011ec       0x10 .\CortexM3\ARM_GCC_541\Debug\Data_Acquisition.a(isr_Timer.o)
                0x000011ec                isr_Timer_SetPriority
 .text.isr_Timer_Enable
                0x000011fc        0xc .\CortexM3\ARM_GCC_541\Debug\Data_Acquisition.a(isr_Timer.o)
                0x000011fc                isr_Timer_Enable
 .text.isr_Timer_Disable
                0x00001208        0xc .\CortexM3\ARM_GCC_541\Debug\Data_Acquisition.a(isr_Timer.o)
                0x00001208                isr_Timer_Disable
 .text.isr_Timer_StartEx
                0x00001214       0x1c .\CortexM3\ARM_GCC_541\Debug\Data_Acquisition.a(isr_Timer.o)
                0x00001214                isr_Timer_StartEx
 .text          0x00001230       0x20 .\CortexM3\ARM_GCC_541\Debug\Data_Acquisition.a(CyBootAsmGnu.o)
                0x00001230                CyDelayCycles
                0x00001240                CyEnterCriticalSection
                0x00001248                CyExitCriticalSection
 .text          0x00001250      0x370 c:/program files (x86)/cypress/psoc creator/4.2/psoc creator/import/gnu/arm/5.4.1/bin/../lib/gcc/arm-none-eabi/5.4.1/armv7-m\libgcc.a(_arm_addsubdf3.o)
                0x00001250                __aeabi_drsub
                0x00001258                __aeabi_dsub
                0x00001258                __subdf3
                0x0000125c                __aeabi_dadd
                0x0000125c                __adddf3
                0x000014d4                __floatunsidf
                0x000014d4                __aeabi_ui2d
                0x000014f4                __floatsidf
                0x000014f4                __aeabi_i2d
                0x00001518                __aeabi_f2d
                0x00001518                __extendsfdf2
                0x00001554                __floatundidf
                0x00001554                __aeabi_ul2d
                0x00001564                __floatdidf
                0x00001564                __aeabi_l2d
 .text          0x000015c0      0x424 c:/program files (x86)/cypress/psoc creator/4.2/psoc creator/import/gnu/arm/5.4.1/bin/../lib/gcc/arm-none-eabi/5.4.1/armv7-m\libgcc.a(_arm_muldivdf3.o)
                0x000015c0                __aeabi_dmul
                0x000015c0                __muldf3
                0x00001814                __divdf3
                0x00001814                __aeabi_ddiv
 .text          0x000019e4      0x110 c:/program files (x86)/cypress/psoc creator/4.2/psoc creator/import/gnu/arm/5.4.1/bin/../lib/gcc/arm-none-eabi/5.4.1/armv7-m\libgcc.a(_arm_cmpdf2.o)
                0x000019e4                __gtdf2
                0x000019e4                __gedf2
                0x000019ec                __ltdf2
                0x000019ec                __ledf2
                0x000019f4                __nedf2
                0x000019f4                __eqdf2
                0x000019f4                __cmpdf2
                0x00001a70                __aeabi_cdrcmple
                0x00001a80                __aeabi_cdcmpeq
                0x00001a80                __aeabi_cdcmple
                0x00001a90                __aeabi_dcmpeq
                0x00001aa4                __aeabi_dcmplt
                0x00001ab8                __aeabi_dcmple
                0x00001acc                __aeabi_dcmpge
                0x00001ae0                __aeabi_dcmpgt
 .text          0x00001af4       0x50 c:/program files (x86)/cypress/psoc creator/4.2/psoc creator/import/gnu/arm/5.4.1/bin/../lib/gcc/arm-none-eabi/5.4.1/armv7-m\libgcc.a(_arm_fixdfsi.o)
                0x00001af4                __aeabi_d2iz
                0x00001af4                __fixdfsi
 .text          0x00001b44       0xa0 c:/program files (x86)/cypress/psoc creator/4.2/psoc creator/import/gnu/arm/5.4.1/bin/../lib/gcc/arm-none-eabi/5.4.1/armv7-m\libgcc.a(_arm_truncdfsf2.o)
                0x00001b44                __truncdfsf2
                0x00001b44                __aeabi_d2f
 .text          0x00001be4      0x21c c:/program files (x86)/cypress/psoc creator/4.2/psoc creator/import/gnu/arm/5.4.1/bin/../lib/gcc/arm-none-eabi/5.4.1/armv7-m\libgcc.a(_arm_addsubsf3.o)
                0x00001be4                __aeabi_frsub
                0x00001bec                __subsf3
                0x00001bec                __aeabi_fsub
                0x00001bf0                __aeabi_fadd
                0x00001bf0                __addsf3
                0x00001d50                __aeabi_ui2f
                0x00001d50                __floatunsisf
                0x00001d58                __aeabi_i2f
                0x00001d58                __floatsisf
                0x00001d74                __aeabi_ul2f
                0x00001d74                __floatundisf
                0x00001d84                __aeabi_l2f
                0x00001d84                __floatdisf
 .text          0x00001e00      0x2a0 c:/program files (x86)/cypress/psoc creator/4.2/psoc creator/import/gnu/arm/5.4.1/bin/../lib/gcc/arm-none-eabi/5.4.1/armv7-m\libgcc.a(_arm_muldivsf3.o)
                0x00001e00                __mulsf3
                0x00001e00                __aeabi_fmul
                0x00001f68                __aeabi_fdiv
                0x00001f68                __divsf3
 .text          0x000020a0       0x4c c:/program files (x86)/cypress/psoc creator/4.2/psoc creator/import/gnu/arm/5.4.1/bin/../lib/gcc/arm-none-eabi/5.4.1/armv7-m\libgcc.a(_arm_fixsfsi.o)
                0x000020a0                __aeabi_f2iz
                0x000020a0                __fixsfsi
 .text.__errno  0x000020ec        0xc c:/program files (x86)/cypress/psoc creator/4.2/psoc creator/import/gnu/arm/5.4.1/bin/../lib/gcc/arm-none-eabi/5.4.1/../../../../arm-none-eabi/lib/armv7-m\libg_nano.a(lib_a-errno.o)
                0x000020ec                __errno
 .text.__libc_init_array
                0x000020f8       0x4c c:/program files (x86)/cypress/psoc creator/4.2/psoc creator/import/gnu/arm/5.4.1/bin/../lib/gcc/arm-none-eabi/5.4.1/../../../../arm-none-eabi/lib/armv7-m\libg_nano.a(lib_a-init.o)
                0x000020f8                __libc_init_array
 .text.memcpy   0x00002144       0x16 c:/program files (x86)/cypress/psoc creator/4.2/psoc creator/import/gnu/arm/5.4.1/bin/../lib/gcc/arm-none-eabi/5.4.1/../../../../arm-none-eabi/lib/armv7-m\libg_nano.a(lib_a-memcpy-stub.o)
                0x00002144                memcpy
 .text.memset   0x0000215a       0x10 c:/program files (x86)/cypress/psoc creator/4.2/psoc creator/import/gnu/arm/5.4.1/bin/../lib/gcc/arm-none-eabi/5.4.1/../../../../arm-none-eabi/lib/armv7-m\libg_nano.a(lib_a-memset.o)
                0x0000215a                memset
 .text.__cvt    0x0000216a       0xc0 c:/program files (x86)/cypress/psoc creator/4.2/psoc creator/import/gnu/arm/5.4.1/bin/../lib/gcc/arm-none-eabi/5.4.1/../../../../arm-none-eabi/lib/armv7-m\libg_nano.a(lib_a-nano-vfprintf_float.o)
                0x0000216a                __cvt
 .text.__exponent
                0x0000222a       0x62 c:/program files (x86)/cypress/psoc creator/4.2/psoc creator/import/gnu/arm/5.4.1/bin/../lib/gcc/arm-none-eabi/5.4.1/../../../../arm-none-eabi/lib/armv7-m\libg_nano.a(lib_a-nano-vfprintf_float.o)
                0x0000222a                __exponent
 .text._printf_float
                0x0000228c      0x488 c:/program files (x86)/cypress/psoc creator/4.2/psoc creator/import/gnu/arm/5.4.1/bin/../lib/gcc/arm-none-eabi/5.4.1/../../../../arm-none-eabi/lib/armv7-m\libg_nano.a(lib_a-nano-vfprintf_float.o)
                0x0000228c                _printf_float
 .text._printf_common
                0x00002714       0xec c:/program files (x86)/cypress/psoc creator/4.2/psoc creator/import/gnu/arm/5.4.1/bin/../lib/gcc/arm-none-eabi/5.4.1/../../../../arm-none-eabi/lib/armv7-m\libg_nano.a(lib_a-nano-vfprintf_i.o)
                0x00002714                _printf_common
 .text._printf_i
                0x00002800      0x24c c:/program files (x86)/cypress/psoc creator/4.2/psoc creator/import/gnu/arm/5.4.1/bin/../lib/gcc/arm-none-eabi/5.4.1/../../../../arm-none-eabi/lib/armv7-m\libg_nano.a(lib_a-nano-vfprintf_i.o)
                0x00002800                _printf_i
 .text.sprintf  0x00002a4c       0x48 c:/program files (x86)/cypress/psoc creator/4.2/psoc creator/import/gnu/arm/5.4.1/bin/../lib/gcc/arm-none-eabi/5.4.1/../../../../arm-none-eabi/lib/armv7-m\libg_nano.a(lib_a-sprintf.o)
                0x00002a4c                siprintf
                0x00002a4c                sprintf
 .text          0x00002a94       0x10 c:/program files (x86)/cypress/psoc creator/4.2/psoc creator/import/gnu/arm/5.4.1/bin/../lib/gcc/arm-none-eabi/5.4.1/../../../../arm-none-eabi/lib/armv7-m\libg_nano.a(lib_a-strlen.o)
                0x00002a94                strlen
 .text.quorem   0x00002aa4      0x116 c:/program files (x86)/cypress/psoc creator/4.2/psoc creator/import/gnu/arm/5.4.1/bin/../lib/gcc/arm-none-eabi/5.4.1/../../../../arm-none-eabi/lib/armv7-m\libg_nano.a(lib_a-dtoa.o)
 *fill*         0x00002bba        0x6 
 .text._dtoa_r  0x00002bc0      0xb30 c:/program files (x86)/cypress/psoc creator/4.2/psoc creator/import/gnu/arm/5.4.1/bin/../lib/gcc/arm-none-eabi/5.4.1/../../../../arm-none-eabi/lib/armv7-m\libg_nano.a(lib_a-dtoa.o)
                0x00002bc0                _dtoa_r
 .text._localeconv_r
                0x000036f0        0x8 c:/program files (x86)/cypress/psoc creator/4.2/psoc creator/import/gnu/arm/5.4.1/bin/../lib/gcc/arm-none-eabi/5.4.1/../../../../arm-none-eabi/lib/armv7-m\libg_nano.a(lib_a-locale.o)
                0x000036f0                _localeconv_r
 .text.malloc   0x000036f8       0x10 c:/program files (x86)/cypress/psoc creator/4.2/psoc creator/import/gnu/arm/5.4.1/bin/../lib/gcc/arm-none-eabi/5.4.1/../../../../arm-none-eabi/lib/armv7-m\libg_nano.a(lib_a-malloc.o)
                0x000036f8                malloc
 .text.memchr   0x00003708       0x1c c:/program files (x86)/cypress/psoc creator/4.2/psoc creator/import/gnu/arm/5.4.1/bin/../lib/gcc/arm-none-eabi/5.4.1/../../../../arm-none-eabi/lib/armv7-m\libg_nano.a(lib_a-memchr-stub.o)
                0x00003708                memchr
 .text._Balloc  0x00003724       0x6a c:/program files (x86)/cypress/psoc creator/4.2/psoc creator/import/gnu/arm/5.4.1/bin/../lib/gcc/arm-none-eabi/5.4.1/../../../../arm-none-eabi/lib/armv7-m\libg_nano.a(lib_a-mprec.o)
                0x00003724                _Balloc
 .text._Bfree   0x0000378e       0x2e c:/program files (x86)/cypress/psoc creator/4.2/psoc creator/import/gnu/arm/5.4.1/bin/../lib/gcc/arm-none-eabi/5.4.1/../../../../arm-none-eabi/lib/armv7-m\libg_nano.a(lib_a-mprec.o)
                0x0000378e                _Bfree
 .text.__multadd
                0x000037bc       0x76 c:/program files (x86)/cypress/psoc creator/4.2/psoc creator/import/gnu/arm/5.4.1/bin/../lib/gcc/arm-none-eabi/5.4.1/../../../../arm-none-eabi/lib/armv7-m\libg_nano.a(lib_a-mprec.o)
                0x000037bc                __multadd
 .text.__hi0bits
                0x00003832       0x40 c:/program files (x86)/cypress/psoc creator/4.2/psoc creator/import/gnu/arm/5.4.1/bin/../lib/gcc/arm-none-eabi/5.4.1/../../../../arm-none-eabi/lib/armv7-m\libg_nano.a(lib_a-mprec.o)
                0x00003832                __hi0bits
 .text.__lo0bits
                0x00003872       0x5a c:/program files (x86)/cypress/psoc creator/4.2/psoc creator/import/gnu/arm/5.4.1/bin/../lib/gcc/arm-none-eabi/5.4.1/../../../../arm-none-eabi/lib/armv7-m\libg_nano.a(lib_a-mprec.o)
                0x00003872                __lo0bits
 .text.__i2b    0x000038cc       0x12 c:/program files (x86)/cypress/psoc creator/4.2/psoc creator/import/gnu/arm/5.4.1/bin/../lib/gcc/arm-none-eabi/5.4.1/../../../../arm-none-eabi/lib/armv7-m\libg_nano.a(lib_a-mprec.o)
                0x000038cc                __i2b
 .text.__multiply
                0x000038de      0x120 c:/program files (x86)/cypress/psoc creator/4.2/psoc creator/import/gnu/arm/5.4.1/bin/../lib/gcc/arm-none-eabi/5.4.1/../../../../arm-none-eabi/lib/armv7-m\libg_nano.a(lib_a-mprec.o)
                0x000038de                __multiply
 *fill*         0x000039fe        0x2 
 .text.__pow5mult
                0x00003a00       0x9c c:/program files (x86)/cypress/psoc creator/4.2/psoc creator/import/gnu/arm/5.4.1/bin/../lib/gcc/arm-none-eabi/5.4.1/../../../../arm-none-eabi/lib/armv7-m\libg_nano.a(lib_a-mprec.o)
                0x00003a00                __pow5mult
 .text.__lshift
                0x00003a9c       0xa2 c:/program files (x86)/cypress/psoc creator/4.2/psoc creator/import/gnu/arm/5.4.1/bin/../lib/gcc/arm-none-eabi/5.4.1/../../../../arm-none-eabi/lib/armv7-m\libg_nano.a(lib_a-mprec.o)
                0x00003a9c                __lshift
 .text.__mcmp   0x00003b3e       0x38 c:/program files (x86)/cypress/psoc creator/4.2/psoc creator/import/gnu/arm/5.4.1/bin/../lib/gcc/arm-none-eabi/5.4.1/../../../../arm-none-eabi/lib/armv7-m\libg_nano.a(lib_a-mprec.o)
                0x00003b3e                __mcmp
 .text.__mdiff  0x00003b76       0xbe c:/program files (x86)/cypress/psoc creator/4.2/psoc creator/import/gnu/arm/5.4.1/bin/../lib/gcc/arm-none-eabi/5.4.1/../../../../arm-none-eabi/lib/armv7-m\libg_nano.a(lib_a-mprec.o)
                0x00003b76                __mdiff
 .text.__d2b    0x00003c34       0x9c c:/program files (x86)/cypress/psoc creator/4.2/psoc creator/import/gnu/arm/5.4.1/bin/../lib/gcc/arm-none-eabi/5.4.1/../../../../arm-none-eabi/lib/armv7-m\libg_nano.a(lib_a-mprec.o)
                0x00003c34                __d2b
 .text._calloc_r
                0x00003cd0       0x1c c:/program files (x86)/cypress/psoc creator/4.2/psoc creator/import/gnu/arm/5.4.1/bin/../lib/gcc/arm-none-eabi/5.4.1/../../../../arm-none-eabi/lib/armv7-m\libg_nano.a(lib_a-nano-callocr.o)
                0x00003cd0                _calloc_r
 .text._free_r  0x00003cec       0x98 c:/program files (x86)/cypress/psoc creator/4.2/psoc creator/import/gnu/arm/5.4.1/bin/../lib/gcc/arm-none-eabi/5.4.1/../../../../arm-none-eabi/lib/armv7-m\libg_nano.a(lib_a-nano-freer.o)
                0x00003cec                _free_r
 .text._malloc_r
                0x00003d84       0xbc c:/program files (x86)/cypress/psoc creator/4.2/psoc creator/import/gnu/arm/5.4.1/bin/../lib/gcc/arm-none-eabi/5.4.1/../../../../arm-none-eabi/lib/armv7-m\libg_nano.a(lib_a-nano-mallocr.o)
                0x00003d84                _malloc_r
 .text.__ssputs_r
                0x00003e40       0xb2 c:/program files (x86)/cypress/psoc creator/4.2/psoc creator/import/gnu/arm/5.4.1/bin/../lib/gcc/arm-none-eabi/5.4.1/../../../../arm-none-eabi/lib/armv7-m\libg_nano.a(lib_a-nano-svfprintf.o)
                0x00003e40                __ssputs_r
 *fill*         0x00003ef2        0x2 
 .text._svfprintf_r
                0x00003ef4      0x1e8 c:/program files (x86)/cypress/psoc creator/4.2/psoc creator/import/gnu/arm/5.4.1/bin/../lib/gcc/arm-none-eabi/5.4.1/../../../../arm-none-eabi/lib/armv7-m\libg_nano.a(lib_a-nano-svfprintf.o)
                0x00003ef4                _svfiprintf_r
                0x00003ef4                _svfprintf_r
 .text._sbrk_r  0x000040dc       0x20 c:/program files (x86)/cypress/psoc creator/4.2/psoc creator/import/gnu/arm/5.4.1/bin/../lib/gcc/arm-none-eabi/5.4.1/../../../../arm-none-eabi/lib/armv7-m\libg_nano.a(lib_a-sbrkr.o)
                0x000040dc                _sbrk_r
 .text.memmove  0x000040fc       0x36 c:/program files (x86)/cypress/psoc creator/4.2/psoc creator/import/gnu/arm/5.4.1/bin/../lib/gcc/arm-none-eabi/5.4.1/../../../../arm-none-eabi/lib/armv7-m\libg_nano.a(lib_a-memmove.o)
                0x000040fc                memmove
 .text.__malloc_lock
                0x00004132        0x2 c:/program files (x86)/cypress/psoc creator/4.2/psoc creator/import/gnu/arm/5.4.1/bin/../lib/gcc/arm-none-eabi/5.4.1/../../../../arm-none-eabi/lib/armv7-m\libg_nano.a(lib_a-mlock.o)
                0x00004132                __malloc_lock
 .text.__malloc_unlock
                0x00004134        0x2 c:/program files (x86)/cypress/psoc creator/4.2/psoc creator/import/gnu/arm/5.4.1/bin/../lib/gcc/arm-none-eabi/5.4.1/../../../../arm-none-eabi/lib/armv7-m\libg_nano.a(lib_a-mlock.o)
                0x00004134                __malloc_unlock
 .text._realloc_r
                0x00004136       0x4c c:/program files (x86)/cypress/psoc creator/4.2/psoc creator/import/gnu/arm/5.4.1/bin/../lib/gcc/arm-none-eabi/5.4.1/../../../../arm-none-eabi/lib/armv7-m\libg_nano.a(lib_a-nano-reallocr.o)
                0x00004136                _realloc_r
 .text._malloc_usable_size_r
                0x00004182       0x14 c:/program files (x86)/cypress/psoc creator/4.2/psoc creator/import/gnu/arm/5.4.1/bin/../lib/gcc/arm-none-eabi/5.4.1/../../../../arm-none-eabi/lib/armv7-m\libg_nano.a(lib_a-nano-msizer.o)
                0x00004182                _malloc_usable_size_r
 *fill*         0x00004196        0x2 
 .text          0x00004198       0x2c c:/program files (x86)/cypress/psoc creator/4.2/psoc creator/import/gnu/arm/5.4.1/bin/../lib/gcc/arm-none-eabi/5.4.1/armv7-m\libgcc.a(_arm_unorddf2.o)
                0x00004198                __unorddf2
                0x00004198                __aeabi_dcmpun
 *(.plt)
 *(.gnu.warning)
 *(.glue_7t)
 .glue_7t       0x000041c4        0x0 linker stubs
 *(.glue_7)
 .glue_7        0x000041c4        0x0 linker stubs
 *(.vfp11_veneer)
 .vfp11_veneer  0x000041c4        0x0 linker stubs
 *(.bootloader)
 *(.ARM.extab* .gnu.linkonce.armextab.*)
 *(.gcc_except_table)

.v4_bx          0x000041c4        0x0
 .v4_bx         0x000041c4        0x0 linker stubs

.iplt           0x000041c4        0x0
 .iplt          0x000041c4        0x0 c:/program files (x86)/cypress/psoc creator/4.2/psoc creator/import/gnu/arm/5.4.1/bin/../lib/gcc/arm-none-eabi/5.4.1/armv7-m/crtbegin.o

.eh_frame_hdr
 *(.eh_frame_hdr)

.eh_frame       0x000041c4        0x4
 *(.eh_frame)
 .eh_frame      0x000041c4        0x0 c:/program files (x86)/cypress/psoc creator/4.2/psoc creator/import/gnu/arm/5.4.1/bin/../lib/gcc/arm-none-eabi/5.4.1/armv7-m/crtbegin.o
 .eh_frame      0x000041c4        0x4 c:/program files (x86)/cypress/psoc creator/4.2/psoc creator/import/gnu/arm/5.4.1/bin/../lib/gcc/arm-none-eabi/5.4.1/armv7-m/crtend.o
                [!provide]                PROVIDE (__exidx_start, .)

.ARM.exidx
 *(.ARM.exidx* .gnu.linkonce.armexidx.*)
                0x000041c8                __exidx_end = .

.rodata         0x000041c8      0x1f8
 *(.rodata .rodata.* .gnu.linkonce.r.*)
 .rodata.str1.4
                0x000041c8        0x8 .\CortexM3\ARM_GCC_541\Debug\main.o
 .rodata        0x000041d0       0x5a .\CortexM3\ARM_GCC_541\Debug\cyfitter_cfg.o
                0x000041d0                ADC_DelSig_1_AMux__addrTable
                0x000041d8                ADC_DelSig_1_AMux__maskTable
 .rodata.str1.1
                0x0000422a        0x2 c:/program files (x86)/cypress/psoc creator/4.2/psoc creator/import/gnu/arm/5.4.1/bin/../lib/gcc/arm-none-eabi/5.4.1/../../../../arm-none-eabi/lib/armv7-m\libg_nano.a(lib_a-impure.o)
 .rodata.str1.1
                0x0000422c       0x12 c:/program files (x86)/cypress/psoc creator/4.2/psoc creator/import/gnu/arm/5.4.1/bin/../lib/gcc/arm-none-eabi/5.4.1/../../../../arm-none-eabi/lib/armv7-m\libg_nano.a(lib_a-nano-vfprintf_float.o)
 .rodata.str1.1
                0x0000423e       0x22 c:/program files (x86)/cypress/psoc creator/4.2/psoc creator/import/gnu/arm/5.4.1/bin/../lib/gcc/arm-none-eabi/5.4.1/../../../../arm-none-eabi/lib/armv7-m\libg_nano.a(lib_a-nano-vfprintf_i.o)
 .rodata.str1.1
                0x00004260        0xd c:/program files (x86)/cypress/psoc creator/4.2/psoc creator/import/gnu/arm/5.4.1/bin/../lib/gcc/arm-none-eabi/5.4.1/../../../../arm-none-eabi/lib/armv7-m\libg_nano.a(lib_a-dtoa.o)
                                  0xf (size before relaxing)
 .rodata.str1.1
                0x0000426d        0x8 c:/program files (x86)/cypress/psoc creator/4.2/psoc creator/import/gnu/arm/5.4.1/bin/../lib/gcc/arm-none-eabi/5.4.1/../../../../arm-none-eabi/lib/armv7-m\libg_nano.a(lib_a-locale.o)
                                  0xb (size before relaxing)
 *fill*         0x00004275        0x3 
 .rodata.__mprec_tens
                0x00004278       0xc8 c:/program files (x86)/cypress/psoc creator/4.2/psoc creator/import/gnu/arm/5.4.1/bin/../lib/gcc/arm-none-eabi/5.4.1/../../../../arm-none-eabi/lib/armv7-m\libg_nano.a(lib_a-mprec.o)
                0x00004278                __mprec_tens
 .rodata.p05.5408
                0x00004340        0xc c:/program files (x86)/cypress/psoc creator/4.2/psoc creator/import/gnu/arm/5.4.1/bin/../lib/gcc/arm-none-eabi/5.4.1/../../../../arm-none-eabi/lib/armv7-m\libg_nano.a(lib_a-mprec.o)
 *fill*         0x0000434c        0x4 
 .rodata.__mprec_bigtens
                0x00004350       0x28 c:/program files (x86)/cypress/psoc creator/4.2/psoc creator/import/gnu/arm/5.4.1/bin/../lib/gcc/arm-none-eabi/5.4.1/../../../../arm-none-eabi/lib/armv7-m\libg_nano.a(lib_a-mprec.o)
                0x00004350                __mprec_bigtens
 .rodata.str1.1
                0x00004378       0x11 c:/program files (x86)/cypress/psoc creator/4.2/psoc creator/import/gnu/arm/5.4.1/bin/../lib/gcc/arm-none-eabi/5.4.1/../../../../arm-none-eabi/lib/armv7-m\libg_nano.a(lib_a-nano-svfprintf.o)
                0x0000438c                . = ALIGN (0x4)
 *fill*         0x00004389        0x3 
 *(.init)
 .init          0x0000438c        0x4 c:/program files (x86)/cypress/psoc creator/4.2/psoc creator/import/gnu/arm/5.4.1/bin/../lib/gcc/arm-none-eabi/5.4.1/armv7-m/crti.o
                0x0000438c                _init
 .init          0x00004390        0x8 c:/program files (x86)/cypress/psoc creator/4.2/psoc creator/import/gnu/arm/5.4.1/bin/../lib/gcc/arm-none-eabi/5.4.1/armv7-m/crtn.o
                0x00004398                . = ALIGN (0x4)
                0x00004398                __preinit_array_start = .
 *(.preinit_array)
                0x00004398                __preinit_array_end = .
                0x00004398                . = ALIGN (0x4)
                0x00004398                __init_array_start = .
 *(SORT(.init_array.*))
 *(.init_array)
 .init_array    0x00004398        0x4 c:/program files (x86)/cypress/psoc creator/4.2/psoc creator/import/gnu/arm/5.4.1/bin/../lib/gcc/arm-none-eabi/5.4.1/armv7-m/crtbegin.o
 .init_array    0x0000439c        0x4 .\CortexM3\ARM_GCC_541\Debug\Cm3Start.o
                0x000043a0                __init_array_end = .
                0x000043a0                . = ALIGN (0x4)
 *(.fini)
 .fini          0x000043a0        0x4 c:/program files (x86)/cypress/psoc creator/4.2/psoc creator/import/gnu/arm/5.4.1/bin/../lib/gcc/arm-none-eabi/5.4.1/armv7-m/crti.o
                0x000043a0                _fini
 .fini          0x000043a4        0x8 c:/program files (x86)/cypress/psoc creator/4.2/psoc creator/import/gnu/arm/5.4.1/bin/../lib/gcc/arm-none-eabi/5.4.1/armv7-m/crtn.o
                0x000043ac                . = ALIGN (0x4)
                0x000043ac                __fini_array_start = .
 *(.fini_array)
 .fini_array    0x000043ac        0x4 c:/program files (x86)/cypress/psoc creator/4.2/psoc creator/import/gnu/arm/5.4.1/bin/../lib/gcc/arm-none-eabi/5.4.1/armv7-m/crtbegin.o
 *(SORT(.fini_array.*))
                0x000043b0                __fini_array_end = .
                0x000043b0                . = ALIGN (0x4)
 *crtbegin.o(.ctors)
 *(EXCLUDE_FILE(*crtend.o) .ctors)
 *(SORT(.ctors.*))
 *crtend.o(.ctors)
                0x000043b0                . = ALIGN (0x4)
 *crtbegin.o(.dtors)
 *(EXCLUDE_FILE(*crtend.o) .dtors)
 *(SORT(.dtors.*))
 *crtend.o(.dtors)
                0x000043b0                . = ALIGN (0x4)
                0x000043b0                __cy_regions = .
                0x000043b0        0x4 LONG 0x43c0 __cy_region_init_ram
                0x000043b4        0x4 LONG 0x1fff80c8 __cy_region_start_data
                0x000043b8        0x4 LONG 0xc0 __cy_region_init_size_ram
                0x000043bc        0x4 LONG 0x68 __cy_region_zero_size_ram
                0x000043c0                __cy_regions_end = .
                0x000043c0                . = ALIGN (0x8)
                0x000043c0                _etext = .

.cy_checksum_exclude
                0x000043c0        0x0
 *(.cy_checksum_exclude)

.ramvectors     0x1fff8000       0xc0
                0x1fff8000                __cy_region_start_ram = .
 *(.ramvectors)
 .ramvectors    0x1fff8000       0xc0 .\CortexM3\ARM_GCC_541\Debug\Cm3Start.o
                0x1fff8000                CyRamVectors

.noinit         0x1fff80c0        0x1
 *(.noinit)
 .noinit        0x1fff80c0        0x1 .\CortexM3\ARM_GCC_541\Debug\Data_Acquisition.a(CyLib.o)
                0x1fff80c0                CyResetStatus

.data           0x1fff80c8       0xc0 load address 0x000043c0
                0x1fff80c8                __cy_region_start_data = .
 *(.jcr)
 .jcr           0x1fff80c8        0x0 c:/program files (x86)/cypress/psoc creator/4.2/psoc creator/import/gnu/arm/5.4.1/bin/../lib/gcc/arm-none-eabi/5.4.1/armv7-m/crtbegin.o
 .jcr           0x1fff80c8        0x4 c:/program files (x86)/cypress/psoc creator/4.2/psoc creator/import/gnu/arm/5.4.1/bin/../lib/gcc/arm-none-eabi/5.4.1/armv7-m/crtend.o
 *(.got.plt)
 *(.got)
 *(.shdata)
 *(.data .data.* .gnu.linkonce.d.*)
 .data          0x1fff80cc        0x8 .\CortexM3\ARM_GCC_541\Debug\main.o
                0x1fff80cc                KI
                0x1fff80d0                KP
 .data          0x1fff80d4        0x4 .\CortexM3\ARM_GCC_541\Debug\Cm3Start.o
 .data          0x1fff80d8       0x10 .\CortexM3\ARM_GCC_541\Debug\Data_Acquisition.a(CyLib.o)
                0x1fff80d8                cydelay_32k_ms
                0x1fff80dc                cydelay_freq_khz
                0x1fff80e0                cydelay_freq_mhz
                0x1fff80e4                cydelay_freq_hz
 .data          0x1fff80e8        0x1 .\CortexM3\ARM_GCC_541\Debug\Data_Acquisition.a(ADC_DelSig_1.o)
                0x1fff80e8                ADC_DelSig_1_Config
 .data          0x1fff80e9        0x1 .\CortexM3\ARM_GCC_541\Debug\Data_Acquisition.a(ADC_DelSig_1_AMux.o)
 *fill*         0x1fff80ea        0x2 
 .data.impure_data
                0x1fff80ec       0x60 c:/program files (x86)/cypress/psoc creator/4.2/psoc creator/import/gnu/arm/5.4.1/bin/../lib/gcc/arm-none-eabi/5.4.1/../../../../arm-none-eabi/lib/armv7-m\libg_nano.a(lib_a-impure.o)
 .data._impure_ptr
                0x1fff814c        0x4 c:/program files (x86)/cypress/psoc creator/4.2/psoc creator/import/gnu/arm/5.4.1/bin/../lib/gcc/arm-none-eabi/5.4.1/../../../../arm-none-eabi/lib/armv7-m\libg_nano.a(lib_a-impure.o)
                0x1fff814c                _impure_ptr
 .data.lconv    0x1fff8150       0x38 c:/program files (x86)/cypress/psoc creator/4.2/psoc creator/import/gnu/arm/5.4.1/bin/../lib/gcc/arm-none-eabi/5.4.1/../../../../arm-none-eabi/lib/armv7-m\libg_nano.a(lib_a-locale.o)
                0x1fff8188                . = ALIGN (0x8)
 *(.ram)
                0x1fff8188                _edata = .

.igot.plt       0x1fff8188        0x0 load address 0x00004480
 .igot.plt      0x1fff8188        0x0 c:/program files (x86)/cypress/psoc creator/4.2/psoc creator/import/gnu/arm/5.4.1/bin/../lib/gcc/arm-none-eabi/5.4.1/armv7-m/crtbegin.o

.bss            0x1fff8188       0x68 load address 0x00004480
                0x1fff8188                PROVIDE (__bss_start__, .)
 *(.shbss)
 *(.bss .bss.* .gnu.linkonce.b.*)
 .bss           0x1fff8188       0x1c c:/program files (x86)/cypress/psoc creator/4.2/psoc creator/import/gnu/arm/5.4.1/bin/../lib/gcc/arm-none-eabi/5.4.1/armv7-m/crtbegin.o
 .bss           0x1fff81a4       0x28 .\CortexM3\ARM_GCC_541\Debug\main.o
                0x1fff81a4                angulo1
                0x1fff81a8                ik
                0x1fff81ac                dk
                0x1fff81b0                mk
                0x1fff81b4                pwm
                0x1fff81b8                cnt1
                0x1fff81bc                cnt2
                0x1fff81c0                angulo2
                0x1fff81c4                adcMeas
                0x1fff81c8                Tension
 .bss           0x1fff81cc        0x2 .\CortexM3\ARM_GCC_541\Debug\Data_Acquisition.a(UART_1.o)
                0x1fff81cc                UART_1_initVar
 .bss           0x1fff81ce        0x1 .\CortexM3\ARM_GCC_541\Debug\Data_Acquisition.a(QuadDec_Sensor.o)
                0x1fff81ce                QuadDec_Sensor_initVar
 .bss           0x1fff81cf        0x1 .\CortexM3\ARM_GCC_541\Debug\Data_Acquisition.a(QuadDec_Sensor_Cnt16.o)
                0x1fff81cf                QuadDec_Sensor_Cnt16_initVar
 .bss           0x1fff81d0        0x1 .\CortexM3\ARM_GCC_541\Debug\Data_Acquisition.a(QuadDec_Motor.o)
                0x1fff81d0                QuadDec_Motor_initVar
 .bss           0x1fff81d1        0x1 .\CortexM3\ARM_GCC_541\Debug\Data_Acquisition.a(QuadDec_Motor_Cnt16.o)
                0x1fff81d1                QuadDec_Motor_Cnt16_initVar
 *fill*         0x1fff81d2        0x2 
 .bss           0x1fff81d4        0xc .\CortexM3\ARM_GCC_541\Debug\Data_Acquisition.a(ADC_DelSig_1.o)
                0x1fff81d8                ADC_DelSig_1_stopConversion
                0x1fff81d9                ADC_DelSig_1_convDone
                0x1fff81da                ADC_DelSig_1_initVar
                0x1fff81db                ADC_DelSig_1_started
                0x1fff81dc                ADC_DelSig_1_Offset
 .bss.__malloc_sbrk_start
                0x1fff81e0        0x4 c:/program files (x86)/cypress/psoc creator/4.2/psoc creator/import/gnu/arm/5.4.1/bin/../lib/gcc/arm-none-eabi/5.4.1/../../../../arm-none-eabi/lib/armv7-m\libg_nano.a(lib_a-nano-mallocr.o)
                0x1fff81e0                __malloc_sbrk_start
 .bss.__malloc_free_list
                0x1fff81e4        0x4 c:/program files (x86)/cypress/psoc creator/4.2/psoc creator/import/gnu/arm/5.4.1/bin/../lib/gcc/arm-none-eabi/5.4.1/../../../../arm-none-eabi/lib/armv7-m\libg_nano.a(lib_a-nano-mallocr.o)
                0x1fff81e4                __malloc_free_list
 *(COMMON)
 COMMON         0x1fff81e8        0x4 .\CortexM3\ARM_GCC_541\Debug\Data_Acquisition.a(ADC_DelSig_1.o)
                0x1fff81e8                ADC_DelSig_1_CountsPerVolt
 COMMON         0x1fff81ec        0x4 c:/program files (x86)/cypress/psoc creator/4.2/psoc creator/import/gnu/arm/5.4.1/bin/../lib/gcc/arm-none-eabi/5.4.1/../../../../arm-none-eabi/lib/armv7-m\libg_nano.a(lib_a-reent.o)
                0x1fff81ec                errno
                0x1fff81f0                . = ALIGN (0x8)
 *(.ram.b)
                0x1fff81f0                _end = .
                0x1fff81f0                __end = .
                0x1fff81f0                PROVIDE (end, .)
                0x1fff81f0                PROVIDE (__bss_end__, .)
                0x000043c0                __cy_region_init_ram = LOADADDR (.data)
                0x000000c0                __cy_region_init_size_ram = (_edata - ADDR (.data))
                0x00000068                __cy_region_zero_size_ram = (_end - _edata)

.heap           0x1fff81f0       0x80 load address 0x00004480
                0x1fff81f0                . = _end
                0x1fff8270                . = (. + 0x80)
 *fill*         0x1fff81f0       0x80 
                0x1fff8270                __cy_heap_limit = .

.stack          0x20007800      0x800
                0x20007800                __cy_stack_limit = .
                0x20008000                . = (. + 0x800)
 *fill*         0x20007800      0x800 
                0x00000001                ASSERT ((__cy_stack_limit >= __cy_heap_limit), region RAM overflowed with stack)
                0x00000000                cy_checksum_exclude_size = (CY_APPL_LOADABLE == 0x1)?SIZEOF (.cy_checksum_exclude):0x0
                0x00000001                ASSERT ((cy_checksum_exclude_size <= CY_CHECKSUM_EXCLUDE_SIZE), CY_BOOT: Section .cy_checksum_exclude size exceedes specified limit.)

.cyloadermeta
 *(.cyloadermeta)

.cyloadablemeta
 *(.cyloadablemeta)

.cyconfigecc    0x80000000      0x8b4
 *(.cyconfigecc)
 .cyconfigecc   0x80000000      0x8b4 .\CortexM3\ARM_GCC_541\Debug\cymetadata.o
                0x80000000                cy_meta_configecc

.cycustnvl      0x90000000        0x4
 *(.cycustnvl)
 .cycustnvl     0x90000000        0x4 .\CortexM3\ARM_GCC_541\Debug\cymetadata.o
                0x90000000                cy_meta_custnvl

.cywolatch      0x90100000        0x4
 *(.cywolatch)
 .cywolatch     0x90100000        0x4 .\CortexM3\ARM_GCC_541\Debug\cymetadata.o
                0x90100000                cy_meta_wonvl

.cyeeprom       0x90200000        0x0
 *(.cyeeprom)
                0x00000001                ASSERT ((. <= ((0x90200000 + ee_offset) + ee_size)), .cyeeprom data will not fit in EEPROM)

.cyflashprotect
                0x90400000      0x100
 *(.cyflashprotect)
 .cyflashprotect
                0x90400000      0x100 .\CortexM3\ARM_GCC_541\Debug\cymetadata.o
                0x90400000                cy_meta_flashprotect

.cymeta         0x90500000        0xc
 *(.cymeta)
 .cymeta        0x90500000        0xc .\CortexM3\ARM_GCC_541\Debug\cymetadata.o
                0x90500000                cy_metadata

.rel.dyn        0x00004480        0x0 load address 0x9050000c
 .rel.iplt      0x00004480        0x0 c:/program files (x86)/cypress/psoc creator/4.2/psoc creator/import/gnu/arm/5.4.1/bin/../lib/gcc/arm-none-eabi/5.4.1/armv7-m/crtbegin.o

.stab
 *(.stab)

.stabstr
 *(.stabstr)

.debug
 *(.debug)

.line
 *(.line)

.debug_srcinfo
 *(.debug_srcinfo)

.debug_sfnames
 *(.debug_sfnames)

.debug_aranges  0x00000000      0xc60
 *(.debug_aranges)
 .debug_aranges
                0x00000000       0x38 .\CortexM3\ARM_GCC_541\Debug\main.o
 .debug_aranges
                0x00000038       0x68 .\CortexM3\ARM_GCC_541\Debug\cyfitter_cfg.o
 .debug_aranges
                0x000000a0       0x18 .\CortexM3\ARM_GCC_541\Debug\cymetadata.o
 .debug_aranges
                0x000000b8       0x48 .\CortexM3\ARM_GCC_541\Debug\Cm3Start.o
 .debug_aranges
                0x00000100       0xa0 .\CortexM3\ARM_GCC_541\Debug\Data_Acquisition.a(UART_1.o)
 .debug_aranges
                0x000001a0       0x70 .\CortexM3\ARM_GCC_541\Debug\Data_Acquisition.a(UART_1_IntClock.o)
 .debug_aranges
                0x00000210      0x2a0 .\CortexM3\ARM_GCC_541\Debug\Data_Acquisition.a(CyLib.o)
 .debug_aranges
                0x000004b0       0x98 .\CortexM3\ARM_GCC_541\Debug\Data_Acquisition.a(cyPm.o)
 .debug_aranges
                0x00000548       0x38 .\CortexM3\ARM_GCC_541\Debug\Data_Acquisition.a(Pin_2.o)
 .debug_aranges
                0x00000580       0x60 .\CortexM3\ARM_GCC_541\Debug\Data_Acquisition.a(QuadDec_Sensor.o)
 .debug_aranges
                0x000005e0       0x98 .\CortexM3\ARM_GCC_541\Debug\Data_Acquisition.a(QuadDec_Sensor_Cnt16.o)
 .debug_aranges
                0x00000678       0x60 .\CortexM3\ARM_GCC_541\Debug\Data_Acquisition.a(QuadDec_Motor.o)
 .debug_aranges
                0x000006d8       0x98 .\CortexM3\ARM_GCC_541\Debug\Data_Acquisition.a(QuadDec_Motor_Cnt16.o)
 .debug_aranges
                0x00000770       0xe8 .\CortexM3\ARM_GCC_541\Debug\Data_Acquisition.a(ADC_DelSig_1.o)
 .debug_aranges
                0x00000858       0x38 .\CortexM3\ARM_GCC_541\Debug\Data_Acquisition.a(ADC_DelSig_1_INT.o)
 .debug_aranges
                0x00000890       0x30 .\CortexM3\ARM_GCC_541\Debug\Data_Acquisition.a(ADC_DelSig_1_AMux.o)
 .debug_aranges
                0x000008c0       0x70 .\CortexM3\ARM_GCC_541\Debug\Data_Acquisition.a(ADC_DelSig_1_Ext_CP_Clk.o)
 .debug_aranges
                0x00000930       0x80 .\CortexM3\ARM_GCC_541\Debug\Data_Acquisition.a(ADC_DelSig_1_theACLK.o)
 .debug_aranges
                0x000009b0       0x80 .\CortexM3\ARM_GCC_541\Debug\Data_Acquisition.a(isr_Timer.o)
 .debug_aranges
                0x00000a30       0x98 .\CortexM3\ARM_GCC_541\Debug\Data_Acquisition.a(PWM.o)
 .debug_aranges
                0x00000ac8       0x38 .\CortexM3\ARM_GCC_541\Debug\Data_Acquisition.a(H_Dir2.o)
 .debug_aranges
                0x00000b00       0x38 .\CortexM3\ARM_GCC_541\Debug\Data_Acquisition.a(H_Dir1.o)
 .debug_aranges
                0x00000b38       0x20 .\CortexM3\ARM_GCC_541\Debug\Data_Acquisition.a(CyBootAsmGnu.o)
 .debug_aranges
                0x00000b58       0x88 .\CortexM3\ARM_GCC_541\Debug\Data_Acquisition.a(CyFlash.o)
 .debug_aranges
                0x00000be0       0x80 .\CortexM3\ARM_GCC_541\Debug\Data_Acquisition.a(CySpc.o)

.debug_pubnames
 *(.debug_pubnames)

.debug_info     0x00000000     0x68df
 *(.debug_info .gnu.linkonce.wi.*)
 .debug_info    0x00000000      0x51a .\CortexM3\ARM_GCC_541\Debug\main.o
 .debug_info    0x0000051a      0x6c2 .\CortexM3\ARM_GCC_541\Debug\cyfitter_cfg.o
 .debug_info    0x00000bdc      0x139 .\CortexM3\ARM_GCC_541\Debug\cymetadata.o
 .debug_info    0x00000d15      0x3bb .\CortexM3\ARM_GCC_541\Debug\Cm3Start.o
 .debug_info    0x000010d0      0x45c .\CortexM3\ARM_GCC_541\Debug\Data_Acquisition.a(UART_1.o)
 .debug_info    0x0000152c      0x283 .\CortexM3\ARM_GCC_541\Debug\Data_Acquisition.a(UART_1_IntClock.o)
 .debug_info    0x000017af     0x1374 .\CortexM3\ARM_GCC_541\Debug\Data_Acquisition.a(CyLib.o)
 .debug_info    0x00002b23      0xa2a .\CortexM3\ARM_GCC_541\Debug\Data_Acquisition.a(cyPm.o)
 .debug_info    0x0000354d      0x11f .\CortexM3\ARM_GCC_541\Debug\Data_Acquisition.a(Pin_2.o)
 .debug_info    0x0000366c      0x2d4 .\CortexM3\ARM_GCC_541\Debug\Data_Acquisition.a(QuadDec_Sensor.o)
 .debug_info    0x00003940      0x348 .\CortexM3\ARM_GCC_541\Debug\Data_Acquisition.a(QuadDec_Sensor_Cnt16.o)
 .debug_info    0x00003c88      0x2d4 .\CortexM3\ARM_GCC_541\Debug\Data_Acquisition.a(QuadDec_Motor.o)
 .debug_info    0x00003f5c      0x348 .\CortexM3\ARM_GCC_541\Debug\Data_Acquisition.a(QuadDec_Motor_Cnt16.o)
 .debug_info    0x000042a4      0xa19 .\CortexM3\ARM_GCC_541\Debug\Data_Acquisition.a(ADC_DelSig_1.o)
 .debug_info    0x00004cbd       0xd3 .\CortexM3\ARM_GCC_541\Debug\Data_Acquisition.a(ADC_DelSig_1_INT.o)
 .debug_info    0x00004d90      0x165 .\CortexM3\ARM_GCC_541\Debug\Data_Acquisition.a(ADC_DelSig_1_AMux.o)
 .debug_info    0x00004ef5      0x283 .\CortexM3\ARM_GCC_541\Debug\Data_Acquisition.a(ADC_DelSig_1_Ext_CP_Clk.o)
 .debug_info    0x00005178      0x2c4 .\CortexM3\ARM_GCC_541\Debug\Data_Acquisition.a(ADC_DelSig_1_theACLK.o)
 .debug_info    0x0000543c      0x2d2 .\CortexM3\ARM_GCC_541\Debug\Data_Acquisition.a(isr_Timer.o)
 .debug_info    0x0000570e      0x334 .\CortexM3\ARM_GCC_541\Debug\Data_Acquisition.a(PWM.o)
 .debug_info    0x00005a42      0x11f .\CortexM3\ARM_GCC_541\Debug\Data_Acquisition.a(H_Dir2.o)
 .debug_info    0x00005b61      0x11f .\CortexM3\ARM_GCC_541\Debug\Data_Acquisition.a(H_Dir1.o)
 .debug_info    0x00005c80       0xc2 .\CortexM3\ARM_GCC_541\Debug\Data_Acquisition.a(CyBootAsmGnu.o)
 .debug_info    0x00005d42      0x64d .\CortexM3\ARM_GCC_541\Debug\Data_Acquisition.a(CyFlash.o)
 .debug_info    0x0000638f      0x550 .\CortexM3\ARM_GCC_541\Debug\Data_Acquisition.a(CySpc.o)

.debug_abbrev   0x00000000     0x1e52
 *(.debug_abbrev)
 .debug_abbrev  0x00000000      0x16c .\CortexM3\ARM_GCC_541\Debug\main.o
 .debug_abbrev  0x0000016c      0x22d .\CortexM3\ARM_GCC_541\Debug\cyfitter_cfg.o
 .debug_abbrev  0x00000399       0x77 .\CortexM3\ARM_GCC_541\Debug\cymetadata.o
 .debug_abbrev  0x00000410      0x1e8 .\CortexM3\ARM_GCC_541\Debug\Cm3Start.o
 .debug_abbrev  0x000005f8      0x175 .\CortexM3\ARM_GCC_541\Debug\Data_Acquisition.a(UART_1.o)
 .debug_abbrev  0x0000076d      0x139 .\CortexM3\ARM_GCC_541\Debug\Data_Acquisition.a(UART_1_IntClock.o)
 .debug_abbrev  0x000008a6      0x254 .\CortexM3\ARM_GCC_541\Debug\Data_Acquisition.a(CyLib.o)
 .debug_abbrev  0x00000afa      0x1ab .\CortexM3\ARM_GCC_541\Debug\Data_Acquisition.a(cyPm.o)
 .debug_abbrev  0x00000ca5       0x90 .\CortexM3\ARM_GCC_541\Debug\Data_Acquisition.a(Pin_2.o)
 .debug_abbrev  0x00000d35      0x151 .\CortexM3\ARM_GCC_541\Debug\Data_Acquisition.a(QuadDec_Sensor.o)
 .debug_abbrev  0x00000e86      0x117 .\CortexM3\ARM_GCC_541\Debug\Data_Acquisition.a(QuadDec_Sensor_Cnt16.o)
 .debug_abbrev  0x00000f9d      0x151 .\CortexM3\ARM_GCC_541\Debug\Data_Acquisition.a(QuadDec_Motor.o)
 .debug_abbrev  0x000010ee      0x117 .\CortexM3\ARM_GCC_541\Debug\Data_Acquisition.a(QuadDec_Motor_Cnt16.o)
 .debug_abbrev  0x00001205      0x1eb .\CortexM3\ARM_GCC_541\Debug\Data_Acquisition.a(ADC_DelSig_1.o)
 .debug_abbrev  0x000013f0       0x42 .\CortexM3\ARM_GCC_541\Debug\Data_Acquisition.a(ADC_DelSig_1_INT.o)
 .debug_abbrev  0x00001432       0xb1 .\CortexM3\ARM_GCC_541\Debug\Data_Acquisition.a(ADC_DelSig_1_AMux.o)
 .debug_abbrev  0x000014e3      0x139 .\CortexM3\ARM_GCC_541\Debug\Data_Acquisition.a(ADC_DelSig_1_Ext_CP_Clk.o)
 .debug_abbrev  0x0000161c      0x121 .\CortexM3\ARM_GCC_541\Debug\Data_Acquisition.a(ADC_DelSig_1_theACLK.o)
 .debug_abbrev  0x0000173d      0x173 .\CortexM3\ARM_GCC_541\Debug\Data_Acquisition.a(isr_Timer.o)
 .debug_abbrev  0x000018b0      0x133 .\CortexM3\ARM_GCC_541\Debug\Data_Acquisition.a(PWM.o)
 .debug_abbrev  0x000019e3       0x90 .\CortexM3\ARM_GCC_541\Debug\Data_Acquisition.a(H_Dir2.o)
 .debug_abbrev  0x00001a73       0x90 .\CortexM3\ARM_GCC_541\Debug\Data_Acquisition.a(H_Dir1.o)
 .debug_abbrev  0x00001b03       0x14 .\CortexM3\ARM_GCC_541\Debug\Data_Acquisition.a(CyBootAsmGnu.o)
 .debug_abbrev  0x00001b17      0x1a7 .\CortexM3\ARM_GCC_541\Debug\Data_Acquisition.a(CyFlash.o)
 .debug_abbrev  0x00001cbe      0x194 .\CortexM3\ARM_GCC_541\Debug\Data_Acquisition.a(CySpc.o)

.debug_line     0x00000000     0x2e0e
 *(.debug_line)
 .debug_line    0x00000000      0x2d3 .\CortexM3\ARM_GCC_541\Debug\main.o
 .debug_line    0x000002d3      0x22a .\CortexM3\ARM_GCC_541\Debug\cyfitter_cfg.o
 .debug_line    0x000004fd      0x141 .\CortexM3\ARM_GCC_541\Debug\cymetadata.o
 .debug_line    0x0000063e      0x234 .\CortexM3\ARM_GCC_541\Debug\Cm3Start.o
 .debug_line    0x00000872      0x1f4 .\CortexM3\ARM_GCC_541\Debug\Data_Acquisition.a(UART_1.o)
 .debug_line    0x00000a66      0x17e .\CortexM3\ARM_GCC_541\Debug\Data_Acquisition.a(UART_1_IntClock.o)
 .debug_line    0x00000be4      0x816 .\CortexM3\ARM_GCC_541\Debug\Data_Acquisition.a(CyLib.o)
 .debug_line    0x000013fa      0x367 .\CortexM3\ARM_GCC_541\Debug\Data_Acquisition.a(cyPm.o)
 .debug_line    0x00001761       0x92 .\CortexM3\ARM_GCC_541\Debug\Data_Acquisition.a(Pin_2.o)
 .debug_line    0x000017f3      0x128 .\CortexM3\ARM_GCC_541\Debug\Data_Acquisition.a(QuadDec_Sensor.o)
 .debug_line    0x0000191b      0x194 .\CortexM3\ARM_GCC_541\Debug\Data_Acquisition.a(QuadDec_Sensor_Cnt16.o)
 .debug_line    0x00001aaf      0x126 .\CortexM3\ARM_GCC_541\Debug\Data_Acquisition.a(QuadDec_Motor.o)
 .debug_line    0x00001bd5      0x193 .\CortexM3\ARM_GCC_541\Debug\Data_Acquisition.a(QuadDec_Motor_Cnt16.o)
 .debug_line    0x00001d68      0x37d .\CortexM3\ARM_GCC_541\Debug\Data_Acquisition.a(ADC_DelSig_1.o)
 .debug_line    0x000020e5       0x89 .\CortexM3\ARM_GCC_541\Debug\Data_Acquisition.a(ADC_DelSig_1_INT.o)
 .debug_line    0x0000216e       0xb5 .\CortexM3\ARM_GCC_541\Debug\Data_Acquisition.a(ADC_DelSig_1_AMux.o)
 .debug_line    0x00002223      0x186 .\CortexM3\ARM_GCC_541\Debug\Data_Acquisition.a(ADC_DelSig_1_Ext_CP_Clk.o)
 .debug_line    0x000023a9      0x1a6 .\CortexM3\ARM_GCC_541\Debug\Data_Acquisition.a(ADC_DelSig_1_theACLK.o)
 .debug_line    0x0000254f      0x136 .\CortexM3\ARM_GCC_541\Debug\Data_Acquisition.a(isr_Timer.o)
 .debug_line    0x00002685      0x183 .\CortexM3\ARM_GCC_541\Debug\Data_Acquisition.a(PWM.o)
 .debug_line    0x00002808       0x93 .\CortexM3\ARM_GCC_541\Debug\Data_Acquisition.a(H_Dir2.o)
 .debug_line    0x0000289b       0x93 .\CortexM3\ARM_GCC_541\Debug\Data_Acquisition.a(H_Dir1.o)
 .debug_line    0x0000292e       0x66 .\CortexM3\ARM_GCC_541\Debug\Data_Acquisition.a(CyBootAsmGnu.o)
 .debug_line    0x00002994      0x21a .\CortexM3\ARM_GCC_541\Debug\Data_Acquisition.a(CyFlash.o)
 .debug_line    0x00002bae      0x260 .\CortexM3\ARM_GCC_541\Debug\Data_Acquisition.a(CySpc.o)

.debug_frame    0x00000000     0x2594
 *(.debug_frame)
 .debug_frame   0x00000000       0x98 .\CortexM3\ARM_GCC_541\Debug\main.o
 .debug_frame   0x00000098      0x104 .\CortexM3\ARM_GCC_541\Debug\cyfitter_cfg.o
 .debug_frame   0x0000019c       0xb8 .\CortexM3\ARM_GCC_541\Debug\Cm3Start.o
 .debug_frame   0x00000254      0x198 .\CortexM3\ARM_GCC_541\Debug\Data_Acquisition.a(UART_1.o)
 .debug_frame   0x000003ec       0xe0 .\CortexM3\ARM_GCC_541\Debug\Data_Acquisition.a(UART_1_IntClock.o)
 .debug_frame   0x000004cc      0x738 .\CortexM3\ARM_GCC_541\Debug\Data_Acquisition.a(CyLib.o)
 .debug_frame   0x00000c04      0x1f8 .\CortexM3\ARM_GCC_541\Debug\Data_Acquisition.a(cyPm.o)
 .debug_frame   0x00000dfc       0x50 .\CortexM3\ARM_GCC_541\Debug\Data_Acquisition.a(Pin_2.o)
 .debug_frame   0x00000e4c       0xdc .\CortexM3\ARM_GCC_541\Debug\Data_Acquisition.a(QuadDec_Sensor.o)
 .debug_frame   0x00000f28      0x134 .\CortexM3\ARM_GCC_541\Debug\Data_Acquisition.a(QuadDec_Sensor_Cnt16.o)
 .debug_frame   0x0000105c       0xdc .\CortexM3\ARM_GCC_541\Debug\Data_Acquisition.a(QuadDec_Motor.o)
 .debug_frame   0x00001138      0x134 .\CortexM3\ARM_GCC_541\Debug\Data_Acquisition.a(QuadDec_Motor_Cnt16.o)
 .debug_frame   0x0000126c      0x284 .\CortexM3\ARM_GCC_541\Debug\Data_Acquisition.a(ADC_DelSig_1.o)
 .debug_frame   0x000014f0       0x50 .\CortexM3\ARM_GCC_541\Debug\Data_Acquisition.a(ADC_DelSig_1_INT.o)
 .debug_frame   0x00001540       0x64 .\CortexM3\ARM_GCC_541\Debug\Data_Acquisition.a(ADC_DelSig_1_AMux.o)
 .debug_frame   0x000015a4       0xe0 .\CortexM3\ARM_GCC_541\Debug\Data_Acquisition.a(ADC_DelSig_1_Ext_CP_Clk.o)
 .debug_frame   0x00001684      0x100 .\CortexM3\ARM_GCC_541\Debug\Data_Acquisition.a(ADC_DelSig_1_theACLK.o)
 .debug_frame   0x00001784      0x104 .\CortexM3\ARM_GCC_541\Debug\Data_Acquisition.a(isr_Timer.o)
 .debug_frame   0x00001888      0x134 .\CortexM3\ARM_GCC_541\Debug\Data_Acquisition.a(PWM.o)
 .debug_frame   0x000019bc       0x50 .\CortexM3\ARM_GCC_541\Debug\Data_Acquisition.a(H_Dir2.o)
 .debug_frame   0x00001a0c       0x50 .\CortexM3\ARM_GCC_541\Debug\Data_Acquisition.a(H_Dir1.o)
 .debug_frame   0x00001a5c      0x194 .\CortexM3\ARM_GCC_541\Debug\Data_Acquisition.a(CyFlash.o)
 .debug_frame   0x00001bf0      0x180 .\CortexM3\ARM_GCC_541\Debug\Data_Acquisition.a(CySpc.o)
 .debug_frame   0x00001d70       0x20 c:/program files (x86)/cypress/psoc creator/4.2/psoc creator/import/gnu/arm/5.4.1/bin/../lib/gcc/arm-none-eabi/5.4.1/../../../../arm-none-eabi/lib/armv7-m\libg_nano.a(lib_a-errno.o)
 .debug_frame   0x00001d90       0x28 c:/program files (x86)/cypress/psoc creator/4.2/psoc creator/import/gnu/arm/5.4.1/bin/../lib/gcc/arm-none-eabi/5.4.1/../../../../arm-none-eabi/lib/armv7-m\libg_nano.a(lib_a-exit.o)
 .debug_frame   0x00001db8       0x2c c:/program files (x86)/cypress/psoc creator/4.2/psoc creator/import/gnu/arm/5.4.1/bin/../lib/gcc/arm-none-eabi/5.4.1/../../../../arm-none-eabi/lib/armv7-m\libg_nano.a(lib_a-init.o)
 .debug_frame   0x00001de4       0x28 c:/program files (x86)/cypress/psoc creator/4.2/psoc creator/import/gnu/arm/5.4.1/bin/../lib/gcc/arm-none-eabi/5.4.1/../../../../arm-none-eabi/lib/armv7-m\libg_nano.a(lib_a-memcpy-stub.o)
 .debug_frame   0x00001e0c       0x20 c:/program files (x86)/cypress/psoc creator/4.2/psoc creator/import/gnu/arm/5.4.1/bin/../lib/gcc/arm-none-eabi/5.4.1/../../../../arm-none-eabi/lib/armv7-m\libg_nano.a(lib_a-memset.o)
 .debug_frame   0x00001e2c       0x8c c:/program files (x86)/cypress/psoc creator/4.2/psoc creator/import/gnu/arm/5.4.1/bin/../lib/gcc/arm-none-eabi/5.4.1/../../../../arm-none-eabi/lib/armv7-m\libg_nano.a(lib_a-nano-vfprintf_float.o)
 .debug_frame   0x00001eb8       0x60 c:/program files (x86)/cypress/psoc creator/4.2/psoc creator/import/gnu/arm/5.4.1/bin/../lib/gcc/arm-none-eabi/5.4.1/../../../../arm-none-eabi/lib/armv7-m\libg_nano.a(lib_a-nano-vfprintf_i.o)
 .debug_frame   0x00001f18       0x70 c:/program files (x86)/cypress/psoc creator/4.2/psoc creator/import/gnu/arm/5.4.1/bin/../lib/gcc/arm-none-eabi/5.4.1/../../../../arm-none-eabi/lib/armv7-m\libg_nano.a(lib_a-sprintf.o)
 .debug_frame   0x00001f88       0x6c c:/program files (x86)/cypress/psoc creator/4.2/psoc creator/import/gnu/arm/5.4.1/bin/../lib/gcc/arm-none-eabi/5.4.1/../../../../arm-none-eabi/lib/armv7-m\libg_nano.a(lib_a-dtoa.o)
 .debug_frame   0x00001ff4       0x98 c:/program files (x86)/cypress/psoc creator/4.2/psoc creator/import/gnu/arm/5.4.1/bin/../lib/gcc/arm-none-eabi/5.4.1/../../../../arm-none-eabi/lib/armv7-m\libg_nano.a(lib_a-locale.o)
 .debug_frame   0x0000208c       0x30 c:/program files (x86)/cypress/psoc creator/4.2/psoc creator/import/gnu/arm/5.4.1/bin/../lib/gcc/arm-none-eabi/5.4.1/../../../../arm-none-eabi/lib/armv7-m\libg_nano.a(lib_a-malloc.o)
 .debug_frame   0x000020bc       0x28 c:/program files (x86)/cypress/psoc creator/4.2/psoc creator/import/gnu/arm/5.4.1/bin/../lib/gcc/arm-none-eabi/5.4.1/../../../../arm-none-eabi/lib/armv7-m\libg_nano.a(lib_a-memchr-stub.o)
 .debug_frame   0x000020e4      0x234 c:/program files (x86)/cypress/psoc creator/4.2/psoc creator/import/gnu/arm/5.4.1/bin/../lib/gcc/arm-none-eabi/5.4.1/../../../../arm-none-eabi/lib/armv7-m\libg_nano.a(lib_a-mprec.o)
 .debug_frame   0x00002318       0x2c c:/program files (x86)/cypress/psoc creator/4.2/psoc creator/import/gnu/arm/5.4.1/bin/../lib/gcc/arm-none-eabi/5.4.1/../../../../arm-none-eabi/lib/armv7-m\libg_nano.a(lib_a-nano-callocr.o)
 .debug_frame   0x00002344       0x38 c:/program files (x86)/cypress/psoc creator/4.2/psoc creator/import/gnu/arm/5.4.1/bin/../lib/gcc/arm-none-eabi/5.4.1/../../../../arm-none-eabi/lib/armv7-m\libg_nano.a(lib_a-nano-freer.o)
 .debug_frame   0x0000237c       0x2c c:/program files (x86)/cypress/psoc creator/4.2/psoc creator/import/gnu/arm/5.4.1/bin/../lib/gcc/arm-none-eabi/5.4.1/../../../../arm-none-eabi/lib/armv7-m\libg_nano.a(lib_a-nano-mallocr.o)
 .debug_frame   0x000023a8       0x90 c:/program files (x86)/cypress/psoc creator/4.2/psoc creator/import/gnu/arm/5.4.1/bin/../lib/gcc/arm-none-eabi/5.4.1/../../../../arm-none-eabi/lib/armv7-m\libg_nano.a(lib_a-nano-svfprintf.o)
 .debug_frame   0x00002438       0x2c c:/program files (x86)/cypress/psoc creator/4.2/psoc creator/import/gnu/arm/5.4.1/bin/../lib/gcc/arm-none-eabi/5.4.1/../../../../arm-none-eabi/lib/armv7-m\libg_nano.a(lib_a-sbrkr.o)
 .debug_frame   0x00002464       0x20 c:/program files (x86)/cypress/psoc creator/4.2/psoc creator/import/gnu/arm/5.4.1/bin/../lib/gcc/arm-none-eabi/5.4.1/../../../../arm-none-eabi/lib/armv7-m\libg_nano.a(lib_a-strcmp.o)
 .debug_frame   0x00002484       0x28 c:/program files (x86)/cypress/psoc creator/4.2/psoc creator/import/gnu/arm/5.4.1/bin/../lib/gcc/arm-none-eabi/5.4.1/../../../../arm-none-eabi/lib/armv7-m\libg_nano.a(lib_a-memmove.o)
 .debug_frame   0x000024ac       0x30 c:/program files (x86)/cypress/psoc creator/4.2/psoc creator/import/gnu/arm/5.4.1/bin/../lib/gcc/arm-none-eabi/5.4.1/../../../../arm-none-eabi/lib/armv7-m\libg_nano.a(lib_a-mlock.o)
 .debug_frame   0x000024dc       0x3c c:/program files (x86)/cypress/psoc creator/4.2/psoc creator/import/gnu/arm/5.4.1/bin/../lib/gcc/arm-none-eabi/5.4.1/../../../../arm-none-eabi/lib/armv7-m\libg_nano.a(lib_a-nano-reallocr.o)
 .debug_frame   0x00002518       0x5c c:/program files (x86)/cypress/psoc creator/4.2/psoc creator/import/gnu/arm/5.4.1/bin/../lib/gcc/arm-none-eabi/5.4.1/../../../../arm-none-eabi/lib/armv7-m\libg_nano.a(lib_a-reent.o)
 .debug_frame   0x00002574       0x20 c:/program files (x86)/cypress/psoc creator/4.2/psoc creator/import/gnu/arm/5.4.1/bin/../lib/gcc/arm-none-eabi/5.4.1/../../../../arm-none-eabi/lib/armv7-m\libg_nano.a(lib_a-nano-msizer.o)

.debug_str      0x00000000     0x2b9c
 *(.debug_str)
 .debug_str     0x00000000      0x36c .\CortexM3\ARM_GCC_541\Debug\main.o
                                0x3ba (size before relaxing)
 .debug_str     0x0000036c      0x232 .\CortexM3\ARM_GCC_541\Debug\cyfitter_cfg.o
                                0x3ec (size before relaxing)
 .debug_str     0x0000059e       0x7f .\CortexM3\ARM_GCC_541\Debug\cymetadata.o
                                0x216 (size before relaxing)
 .debug_str     0x0000061d      0x13e .\CortexM3\ARM_GCC_541\Debug\Cm3Start.o
                                0x33c (size before relaxing)
 .debug_str     0x0000075b      0x218 .\CortexM3\ARM_GCC_541\Debug\Data_Acquisition.a(UART_1.o)
                                0x3fa (size before relaxing)
 .debug_str     0x00000973      0x19d .\CortexM3\ARM_GCC_541\Debug\Data_Acquisition.a(UART_1_IntClock.o)
                                0x380 (size before relaxing)
 .debug_str     0x00000b10      0x80a .\CortexM3\ARM_GCC_541\Debug\Data_Acquisition.a(CyLib.o)
                                0xa79 (size before relaxing)
 .debug_str     0x0000131a      0x365 .\CortexM3\ARM_GCC_541\Debug\Data_Acquisition.a(cyPm.o)
                                0x765 (size before relaxing)
 .debug_str     0x0000167f       0x5a .\CortexM3\ARM_GCC_541\Debug\Data_Acquisition.a(Pin_2.o)
                                0x214 (size before relaxing)
 .debug_str     0x000016d9      0x155 .\CortexM3\ARM_GCC_541\Debug\Data_Acquisition.a(QuadDec_Sensor.o)
                                0x3b8 (size before relaxing)
 .debug_str     0x0000182e      0x235 .\CortexM3\ARM_GCC_541\Debug\Data_Acquisition.a(QuadDec_Sensor_Cnt16.o)
                                0x4a7 (size before relaxing)
 .debug_str     0x00001a63      0x142 .\CortexM3\ARM_GCC_541\Debug\Data_Acquisition.a(QuadDec_Motor.o)
                                0x3a9 (size before relaxing)
 .debug_str     0x00001ba5      0x1fb .\CortexM3\ARM_GCC_541\Debug\Data_Acquisition.a(QuadDec_Motor_Cnt16.o)
                                0x494 (size before relaxing)
 .debug_str     0x00001da0      0x473 .\CortexM3\ARM_GCC_541\Debug\Data_Acquisition.a(ADC_DelSig_1.o)
                                0x76c (size before relaxing)
 .debug_str     0x00002213       0x72 .\CortexM3\ARM_GCC_541\Debug\Data_Acquisition.a(ADC_DelSig_1_INT.o)
                                0x21f (size before relaxing)
 .debug_str     0x00002285       0x83 .\CortexM3\ARM_GCC_541\Debug\Data_Acquisition.a(ADC_DelSig_1_AMux.o)
                                0x270 (size before relaxing)
 .debug_str     0x00002308      0x184 .\CortexM3\ARM_GCC_541\Debug\Data_Acquisition.a(ADC_DelSig_1_Ext_CP_Clk.o)
                                0x3e0 (size before relaxing)
 .debug_str     0x0000248c      0x1bb .\CortexM3\ARM_GCC_541\Debug\Data_Acquisition.a(ADC_DelSig_1_theACLK.o)
                                0x411 (size before relaxing)
 .debug_str     0x00002647      0x10c .\CortexM3\ARM_GCC_541\Debug\Data_Acquisition.a(isr_Timer.o)
                                0x310 (size before relaxing)
 .debug_str     0x00002753      0x13c .\CortexM3\ARM_GCC_541\Debug\Data_Acquisition.a(PWM.o)
                                0x35d (size before relaxing)
 .debug_str     0x0000288f       0x53 .\CortexM3\ARM_GCC_541\Debug\Data_Acquisition.a(H_Dir2.o)
                                0x219 (size before relaxing)
 .debug_str     0x000028e2       0x53 .\CortexM3\ARM_GCC_541\Debug\Data_Acquisition.a(H_Dir1.o)
                                0x219 (size before relaxing)
 .debug_str     0x00002935      0x1bb .\CortexM3\ARM_GCC_541\Debug\Data_Acquisition.a(CyFlash.o)
                                0x3f2 (size before relaxing)
 .debug_str     0x00002af0       0xac .\CortexM3\ARM_GCC_541\Debug\Data_Acquisition.a(CySpc.o)
                                0x36a (size before relaxing)

.debug_loc      0x00000000     0x2ac8
 *(.debug_loc)
 .debug_loc     0x00000000      0x100 .\CortexM3\ARM_GCC_541\Debug\main.o
 .debug_loc     0x00000100      0x29c .\CortexM3\ARM_GCC_541\Debug\cyfitter_cfg.o
 .debug_loc     0x0000039c      0x144 .\CortexM3\ARM_GCC_541\Debug\Cm3Start.o
 .debug_loc     0x000004e0      0x1f7 .\CortexM3\ARM_GCC_541\Debug\Data_Acquisition.a(UART_1.o)
 .debug_loc     0x000006d7      0x128 .\CortexM3\ARM_GCC_541\Debug\Data_Acquisition.a(UART_1_IntClock.o)
 .debug_loc     0x000007ff      0xa11 .\CortexM3\ARM_GCC_541\Debug\Data_Acquisition.a(CyLib.o)
 .debug_loc     0x00001210      0x1e4 .\CortexM3\ARM_GCC_541\Debug\Data_Acquisition.a(cyPm.o)
 .debug_loc     0x000013f4       0x42 .\CortexM3\ARM_GCC_541\Debug\Data_Acquisition.a(Pin_2.o)
 .debug_loc     0x00001436       0x78 .\CortexM3\ARM_GCC_541\Debug\Data_Acquisition.a(QuadDec_Sensor.o)
 .debug_loc     0x000014ae       0x3d .\CortexM3\ARM_GCC_541\Debug\Data_Acquisition.a(QuadDec_Sensor_Cnt16.o)
 .debug_loc     0x000014eb       0x78 .\CortexM3\ARM_GCC_541\Debug\Data_Acquisition.a(QuadDec_Motor.o)
 .debug_loc     0x00001563       0x3d .\CortexM3\ARM_GCC_541\Debug\Data_Acquisition.a(QuadDec_Motor_Cnt16.o)
 .debug_loc     0x000015a0      0x68c .\CortexM3\ARM_GCC_541\Debug\Data_Acquisition.a(ADC_DelSig_1.o)
 .debug_loc     0x00001c2c       0x6c .\CortexM3\ARM_GCC_541\Debug\Data_Acquisition.a(ADC_DelSig_1_AMux.o)
 .debug_loc     0x00001c98      0x12c .\CortexM3\ARM_GCC_541\Debug\Data_Acquisition.a(ADC_DelSig_1_Ext_CP_Clk.o)
 .debug_loc     0x00001dc4      0x14d .\CortexM3\ARM_GCC_541\Debug\Data_Acquisition.a(ADC_DelSig_1_theACLK.o)
 .debug_loc     0x00001f11       0x56 .\CortexM3\ARM_GCC_541\Debug\Data_Acquisition.a(isr_Timer.o)
 .debug_loc     0x00001f67       0x26 .\CortexM3\ARM_GCC_541\Debug\Data_Acquisition.a(PWM.o)
 .debug_loc     0x00001f8d       0x42 .\CortexM3\ARM_GCC_541\Debug\Data_Acquisition.a(H_Dir2.o)
 .debug_loc     0x00001fcf       0x42 .\CortexM3\ARM_GCC_541\Debug\Data_Acquisition.a(H_Dir1.o)
 .debug_loc     0x00002011      0x3b2 .\CortexM3\ARM_GCC_541\Debug\Data_Acquisition.a(CyFlash.o)
 .debug_loc     0x000023c3      0x705 .\CortexM3\ARM_GCC_541\Debug\Data_Acquisition.a(CySpc.o)

.debug_macinfo
 *(.debug_macinfo)

.debug_ranges   0x00000000      0xab8
 *(.debug_ranges)
 .debug_ranges  0x00000000       0x28 .\CortexM3\ARM_GCC_541\Debug\main.o
 .debug_ranges  0x00000028       0x58 .\CortexM3\ARM_GCC_541\Debug\cyfitter_cfg.o
 .debug_ranges  0x00000080       0x38 .\CortexM3\ARM_GCC_541\Debug\Cm3Start.o
 .debug_ranges  0x000000b8       0x90 .\CortexM3\ARM_GCC_541\Debug\Data_Acquisition.a(UART_1.o)
 .debug_ranges  0x00000148       0x60 .\CortexM3\ARM_GCC_541\Debug\Data_Acquisition.a(UART_1_IntClock.o)
 .debug_ranges  0x000001a8      0x290 .\CortexM3\ARM_GCC_541\Debug\Data_Acquisition.a(CyLib.o)
 .debug_ranges  0x00000438       0x88 .\CortexM3\ARM_GCC_541\Debug\Data_Acquisition.a(cyPm.o)
 .debug_ranges  0x000004c0       0x28 .\CortexM3\ARM_GCC_541\Debug\Data_Acquisition.a(Pin_2.o)
 .debug_ranges  0x000004e8       0x50 .\CortexM3\ARM_GCC_541\Debug\Data_Acquisition.a(QuadDec_Sensor.o)
 .debug_ranges  0x00000538       0x88 .\CortexM3\ARM_GCC_541\Debug\Data_Acquisition.a(QuadDec_Sensor_Cnt16.o)
 .debug_ranges  0x000005c0       0x50 .\CortexM3\ARM_GCC_541\Debug\Data_Acquisition.a(QuadDec_Motor.o)
 .debug_ranges  0x00000610       0x88 .\CortexM3\ARM_GCC_541\Debug\Data_Acquisition.a(QuadDec_Motor_Cnt16.o)
 .debug_ranges  0x00000698       0xd8 .\CortexM3\ARM_GCC_541\Debug\Data_Acquisition.a(ADC_DelSig_1.o)
 .debug_ranges  0x00000770       0x28 .\CortexM3\ARM_GCC_541\Debug\Data_Acquisition.a(ADC_DelSig_1_INT.o)
 .debug_ranges  0x00000798       0x20 .\CortexM3\ARM_GCC_541\Debug\Data_Acquisition.a(ADC_DelSig_1_AMux.o)
 .debug_ranges  0x000007b8       0x60 .\CortexM3\ARM_GCC_541\Debug\Data_Acquisition.a(ADC_DelSig_1_Ext_CP_Clk.o)
 .debug_ranges  0x00000818       0x70 .\CortexM3\ARM_GCC_541\Debug\Data_Acquisition.a(ADC_DelSig_1_theACLK.o)
 .debug_ranges  0x00000888       0x70 .\CortexM3\ARM_GCC_541\Debug\Data_Acquisition.a(isr_Timer.o)
 .debug_ranges  0x000008f8       0x88 .\CortexM3\ARM_GCC_541\Debug\Data_Acquisition.a(PWM.o)
 .debug_ranges  0x00000980       0x28 .\CortexM3\ARM_GCC_541\Debug\Data_Acquisition.a(H_Dir2.o)
 .debug_ranges  0x000009a8       0x28 .\CortexM3\ARM_GCC_541\Debug\Data_Acquisition.a(H_Dir1.o)
 .debug_ranges  0x000009d0       0x78 .\CortexM3\ARM_GCC_541\Debug\Data_Acquisition.a(CyFlash.o)
 .debug_ranges  0x00000a48       0x70 .\CortexM3\ARM_GCC_541\Debug\Data_Acquisition.a(CySpc.o)

.comment        0x00000000       0x6e
 .comment       0x00000000       0x6e .\CortexM3\ARM_GCC_541\Debug\main.o
                                 0x6f (size before relaxing)
 .comment       0x0000006e       0x6f .\CortexM3\ARM_GCC_541\Debug\cyfitter_cfg.o
 .comment       0x0000006e       0x6f .\CortexM3\ARM_GCC_541\Debug\cymetadata.o
 .comment       0x0000006e       0x6f .\CortexM3\ARM_GCC_541\Debug\Cm3Start.o
 .comment       0x0000006e       0x6f .\CortexM3\ARM_GCC_541\Debug\Data_Acquisition.a(UART_1.o)
 .comment       0x0000006e       0x6f .\CortexM3\ARM_GCC_541\Debug\Data_Acquisition.a(UART_1_IntClock.o)
 .comment       0x0000006e       0x6f .\CortexM3\ARM_GCC_541\Debug\Data_Acquisition.a(CyLib.o)
 .comment       0x0000006e       0x6f .\CortexM3\ARM_GCC_541\Debug\Data_Acquisition.a(cyPm.o)
 .comment       0x0000006e       0x6f .\CortexM3\ARM_GCC_541\Debug\Data_Acquisition.a(Pin_2.o)
 .comment       0x0000006e       0x6f .\CortexM3\ARM_GCC_541\Debug\Data_Acquisition.a(QuadDec_Sensor.o)
 .comment       0x0000006e       0x6f .\CortexM3\ARM_GCC_541\Debug\Data_Acquisition.a(QuadDec_Sensor_Cnt16.o)
 .comment       0x0000006e       0x6f .\CortexM3\ARM_GCC_541\Debug\Data_Acquisition.a(QuadDec_Motor.o)
 .comment       0x0000006e       0x6f .\CortexM3\ARM_GCC_541\Debug\Data_Acquisition.a(QuadDec_Motor_Cnt16.o)
 .comment       0x0000006e       0x6f .\CortexM3\ARM_GCC_541\Debug\Data_Acquisition.a(ADC_DelSig_1.o)
 .comment       0x0000006e       0x6f .\CortexM3\ARM_GCC_541\Debug\Data_Acquisition.a(ADC_DelSig_1_INT.o)
 .comment       0x0000006e       0x6f .\CortexM3\ARM_GCC_541\Debug\Data_Acquisition.a(ADC_DelSig_1_AMux.o)
 .comment       0x0000006e       0x6f .\CortexM3\ARM_GCC_541\Debug\Data_Acquisition.a(ADC_DelSig_1_Ext_CP_Clk.o)
 .comment       0x0000006e       0x6f .\CortexM3\ARM_GCC_541\Debug\Data_Acquisition.a(ADC_DelSig_1_theACLK.o)
 .comment       0x0000006e       0x6f .\CortexM3\ARM_GCC_541\Debug\Data_Acquisition.a(isr_Timer.o)
 .comment       0x0000006e       0x6f .\CortexM3\ARM_GCC_541\Debug\Data_Acquisition.a(PWM.o)
 .comment       0x0000006e       0x6f .\CortexM3\ARM_GCC_541\Debug\Data_Acquisition.a(H_Dir2.o)
 .comment       0x0000006e       0x6f .\CortexM3\ARM_GCC_541\Debug\Data_Acquisition.a(H_Dir1.o)
 .comment       0x0000006e       0x6f .\CortexM3\ARM_GCC_541\Debug\Data_Acquisition.a(CyFlash.o)
 .comment       0x0000006e       0x6f .\CortexM3\ARM_GCC_541\Debug\Data_Acquisition.a(CySpc.o)

.debug_weaknames
 *(.debug_weaknames)

.debug_funcnames
 *(.debug_funcnames)

.debug_typenames
 *(.debug_typenames)

.debug_varnames
 *(.debug_varnames)

.note.gnu.arm.ident
 *(.note.gnu.arm.ident)

.ARM.attributes
                0x00000000       0x29
 *(.ARM.attributes)
 .ARM.attributes
                0x00000000       0x1d c:/program files (x86)/cypress/psoc creator/4.2/psoc creator/import/gnu/arm/5.4.1/bin/../lib/gcc/arm-none-eabi/5.4.1/armv7-m/crti.o
 .ARM.attributes
                0x0000001d       0x2d c:/program files (x86)/cypress/psoc creator/4.2/psoc creator/import/gnu/arm/5.4.1/bin/../lib/gcc/arm-none-eabi/5.4.1/armv7-m/crtbegin.o
 .ARM.attributes
                0x0000004a       0x1b c:/program files (x86)/cypress/psoc creator/4.2/psoc creator/import/gnu/arm/5.4.1/bin/../lib/gcc/arm-none-eabi/5.4.1/../../../../arm-none-eabi/lib/armv7-m/crt0.o
 .ARM.attributes
                0x00000065       0x33 .\CortexM3\ARM_GCC_541\Debug\main.o
 .ARM.attributes
                0x00000098       0x33 .\CortexM3\ARM_GCC_541\Debug\cyfitter_cfg.o
 .ARM.attributes
                0x000000cb       0x33 .\CortexM3\ARM_GCC_541\Debug\cymetadata.o
 .ARM.attributes
                0x000000fe       0x33 .\CortexM3\ARM_GCC_541\Debug\Cm3Start.o
 .ARM.attributes
                0x00000131       0x33 .\CortexM3\ARM_GCC_541\Debug\Data_Acquisition.a(UART_1.o)
 .ARM.attributes
                0x00000164       0x33 .\CortexM3\ARM_GCC_541\Debug\Data_Acquisition.a(UART_1_IntClock.o)
 .ARM.attributes
                0x00000197       0x33 .\CortexM3\ARM_GCC_541\Debug\Data_Acquisition.a(CyLib.o)
 .ARM.attributes
                0x000001ca       0x33 .\CortexM3\ARM_GCC_541\Debug\Data_Acquisition.a(cyPm.o)
 .ARM.attributes
                0x000001fd       0x33 .\CortexM3\ARM_GCC_541\Debug\Data_Acquisition.a(Pin_2.o)
 .ARM.attributes
                0x00000230       0x33 .\CortexM3\ARM_GCC_541\Debug\Data_Acquisition.a(QuadDec_Sensor.o)
 .ARM.attributes
                0x00000263       0x33 .\CortexM3\ARM_GCC_541\Debug\Data_Acquisition.a(QuadDec_Sensor_Cnt16.o)
 .ARM.attributes
                0x00000296       0x33 .\CortexM3\ARM_GCC_541\Debug\Data_Acquisition.a(QuadDec_Motor.o)
 .ARM.attributes
                0x000002c9       0x33 .\CortexM3\ARM_GCC_541\Debug\Data_Acquisition.a(QuadDec_Motor_Cnt16.o)
 .ARM.attributes
                0x000002fc       0x33 .\CortexM3\ARM_GCC_541\Debug\Data_Acquisition.a(ADC_DelSig_1.o)
 .ARM.attributes
                0x0000032f       0x33 .\CortexM3\ARM_GCC_541\Debug\Data_Acquisition.a(ADC_DelSig_1_INT.o)
 .ARM.attributes
                0x00000362       0x33 .\CortexM3\ARM_GCC_541\Debug\Data_Acquisition.a(ADC_DelSig_1_AMux.o)
 .ARM.attributes
                0x00000395       0x33 .\CortexM3\ARM_GCC_541\Debug\Data_Acquisition.a(ADC_DelSig_1_Ext_CP_Clk.o)
 .ARM.attributes
                0x000003c8       0x33 .\CortexM3\ARM_GCC_541\Debug\Data_Acquisition.a(ADC_DelSig_1_theACLK.o)
 .ARM.attributes
                0x000003fb       0x33 .\CortexM3\ARM_GCC_541\Debug\Data_Acquisition.a(isr_Timer.o)
 .ARM.attributes
                0x0000042e       0x33 .\CortexM3\ARM_GCC_541\Debug\Data_Acquisition.a(PWM.o)
 .ARM.attributes
                0x00000461       0x33 .\CortexM3\ARM_GCC_541\Debug\Data_Acquisition.a(H_Dir2.o)
 .ARM.attributes
                0x00000494       0x33 .\CortexM3\ARM_GCC_541\Debug\Data_Acquisition.a(H_Dir1.o)
 .ARM.attributes
                0x000004c7       0x21 .\CortexM3\ARM_GCC_541\Debug\Data_Acquisition.a(CyBootAsmGnu.o)
 .ARM.attributes
                0x000004e8       0x33 .\CortexM3\ARM_GCC_541\Debug\Data_Acquisition.a(CyFlash.o)
 .ARM.attributes
                0x0000051b       0x33 .\CortexM3\ARM_GCC_541\Debug\Data_Acquisition.a(CySpc.o)
 .ARM.attributes
                0x0000054e       0x1d c:/program files (x86)/cypress/psoc creator/4.2/psoc creator/import/gnu/arm/5.4.1/bin/../lib/gcc/arm-none-eabi/5.4.1/armv7-m\libgcc.a(_arm_addsubdf3.o)
 .ARM.attributes
                0x0000056b       0x1d c:/program files (x86)/cypress/psoc creator/4.2/psoc creator/import/gnu/arm/5.4.1/bin/../lib/gcc/arm-none-eabi/5.4.1/armv7-m\libgcc.a(_arm_muldivdf3.o)
 .ARM.attributes
                0x00000588       0x1d c:/program files (x86)/cypress/psoc creator/4.2/psoc creator/import/gnu/arm/5.4.1/bin/../lib/gcc/arm-none-eabi/5.4.1/armv7-m\libgcc.a(_arm_cmpdf2.o)
 .ARM.attributes
                0x000005a5       0x1d c:/program files (x86)/cypress/psoc creator/4.2/psoc creator/import/gnu/arm/5.4.1/bin/../lib/gcc/arm-none-eabi/5.4.1/armv7-m\libgcc.a(_arm_fixdfsi.o)
 .ARM.attributes
                0x000005c2       0x1d c:/program files (x86)/cypress/psoc creator/4.2/psoc creator/import/gnu/arm/5.4.1/bin/../lib/gcc/arm-none-eabi/5.4.1/armv7-m\libgcc.a(_arm_truncdfsf2.o)
 .ARM.attributes
                0x000005df       0x1d c:/program files (x86)/cypress/psoc creator/4.2/psoc creator/import/gnu/arm/5.4.1/bin/../lib/gcc/arm-none-eabi/5.4.1/armv7-m\libgcc.a(_arm_addsubsf3.o)
 .ARM.attributes
                0x000005fc       0x1d c:/program files (x86)/cypress/psoc creator/4.2/psoc creator/import/gnu/arm/5.4.1/bin/../lib/gcc/arm-none-eabi/5.4.1/armv7-m\libgcc.a(_arm_muldivsf3.o)
 .ARM.attributes
                0x00000619       0x1d c:/program files (x86)/cypress/psoc creator/4.2/psoc creator/import/gnu/arm/5.4.1/bin/../lib/gcc/arm-none-eabi/5.4.1/armv7-m\libgcc.a(_arm_cmpsf2.o)
 .ARM.attributes
                0x00000636       0x1d c:/program files (x86)/cypress/psoc creator/4.2/psoc creator/import/gnu/arm/5.4.1/bin/../lib/gcc/arm-none-eabi/5.4.1/armv7-m\libgcc.a(_arm_fixsfsi.o)
 .ARM.attributes
                0x00000653       0x1d c:/program files (x86)/cypress/psoc creator/4.2/psoc creator/import/gnu/arm/5.4.1/bin/../lib/gcc/arm-none-eabi/5.4.1/armv7-m\libgcc.a(_arm_fixunssfsi.o)
 .ARM.attributes
                0x00000670       0x2d c:/program files (x86)/cypress/psoc creator/4.2/psoc creator/import/gnu/arm/5.4.1/bin/../lib/gcc/arm-none-eabi/5.4.1/../../../../arm-none-eabi/lib/armv7-m\libg_nano.a(lib_a-errno.o)
 .ARM.attributes
                0x0000069d       0x2d c:/program files (x86)/cypress/psoc creator/4.2/psoc creator/import/gnu/arm/5.4.1/bin/../lib/gcc/arm-none-eabi/5.4.1/../../../../arm-none-eabi/lib/armv7-m\libg_nano.a(lib_a-exit.o)
 .ARM.attributes
                0x000006ca       0x2d c:/program files (x86)/cypress/psoc creator/4.2/psoc creator/import/gnu/arm/5.4.1/bin/../lib/gcc/arm-none-eabi/5.4.1/../../../../arm-none-eabi/lib/armv7-m\libg_nano.a(lib_a-impure.o)
 .ARM.attributes
                0x000006f7       0x2d c:/program files (x86)/cypress/psoc creator/4.2/psoc creator/import/gnu/arm/5.4.1/bin/../lib/gcc/arm-none-eabi/5.4.1/../../../../arm-none-eabi/lib/armv7-m\libg_nano.a(lib_a-init.o)
 .ARM.attributes
                0x00000724       0x2d c:/program files (x86)/cypress/psoc creator/4.2/psoc creator/import/gnu/arm/5.4.1/bin/../lib/gcc/arm-none-eabi/5.4.1/../../../../arm-none-eabi/lib/armv7-m\libg_nano.a(lib_a-memcpy-stub.o)
 .ARM.attributes
                0x00000751       0x2d c:/program files (x86)/cypress/psoc creator/4.2/psoc creator/import/gnu/arm/5.4.1/bin/../lib/gcc/arm-none-eabi/5.4.1/../../../../arm-none-eabi/lib/armv7-m\libg_nano.a(lib_a-memset.o)
 .ARM.attributes
                0x0000077e       0x2d c:/program files (x86)/cypress/psoc creator/4.2/psoc creator/import/gnu/arm/5.4.1/bin/../lib/gcc/arm-none-eabi/5.4.1/../../../../arm-none-eabi/lib/armv7-m\libg_nano.a(lib_a-nano-vfprintf_float.o)
 .ARM.attributes
                0x000007ab       0x2d c:/program files (x86)/cypress/psoc creator/4.2/psoc creator/import/gnu/arm/5.4.1/bin/../lib/gcc/arm-none-eabi/5.4.1/../../../../arm-none-eabi/lib/armv7-m\libg_nano.a(lib_a-nano-vfprintf_i.o)
 .ARM.attributes
                0x000007d8       0x2d c:/program files (x86)/cypress/psoc creator/4.2/psoc creator/import/gnu/arm/5.4.1/bin/../lib/gcc/arm-none-eabi/5.4.1/../../../../arm-none-eabi/lib/armv7-m\libg_nano.a(lib_a-sprintf.o)
 .ARM.attributes
                0x00000805       0x17 c:/program files (x86)/cypress/psoc creator/4.2/psoc creator/import/gnu/arm/5.4.1/bin/../lib/gcc/arm-none-eabi/5.4.1/../../../../arm-none-eabi/lib/armv7-m\libg_nano.a(lib_a-strlen.o)
 .ARM.attributes
                0x0000081c       0x2d c:/program files (x86)/cypress/psoc creator/4.2/psoc creator/import/gnu/arm/5.4.1/bin/../lib/gcc/arm-none-eabi/5.4.1/../../../../arm-none-eabi/lib/armv7-m\libg_nano.a(lib_a-dtoa.o)
 .ARM.attributes
                0x00000849       0x2d c:/program files (x86)/cypress/psoc creator/4.2/psoc creator/import/gnu/arm/5.4.1/bin/../lib/gcc/arm-none-eabi/5.4.1/../../../../arm-none-eabi/lib/armv7-m\libg_nano.a(lib_a-locale.o)
 .ARM.attributes
                0x00000876       0x2d c:/program files (x86)/cypress/psoc creator/4.2/psoc creator/import/gnu/arm/5.4.1/bin/../lib/gcc/arm-none-eabi/5.4.1/../../../../arm-none-eabi/lib/armv7-m\libg_nano.a(lib_a-malloc.o)
 .ARM.attributes
                0x000008a3       0x2d c:/program files (x86)/cypress/psoc creator/4.2/psoc creator/import/gnu/arm/5.4.1/bin/../lib/gcc/arm-none-eabi/5.4.1/../../../../arm-none-eabi/lib/armv7-m\libg_nano.a(lib_a-memchr-stub.o)
 .ARM.attributes
                0x000008d0       0x2d c:/program files (x86)/cypress/psoc creator/4.2/psoc creator/import/gnu/arm/5.4.1/bin/../lib/gcc/arm-none-eabi/5.4.1/../../../../arm-none-eabi/lib/armv7-m\libg_nano.a(lib_a-mprec.o)
 .ARM.attributes
                0x000008fd       0x2d c:/program files (x86)/cypress/psoc creator/4.2/psoc creator/import/gnu/arm/5.4.1/bin/../lib/gcc/arm-none-eabi/5.4.1/../../../../arm-none-eabi/lib/armv7-m\libg_nano.a(lib_a-nano-callocr.o)
 .ARM.attributes
                0x0000092a       0x2d c:/program files (x86)/cypress/psoc creator/4.2/psoc creator/import/gnu/arm/5.4.1/bin/../lib/gcc/arm-none-eabi/5.4.1/../../../../arm-none-eabi/lib/armv7-m\libg_nano.a(lib_a-nano-freer.o)
 .ARM.attributes
                0x00000957       0x2d c:/program files (x86)/cypress/psoc creator/4.2/psoc creator/import/gnu/arm/5.4.1/bin/../lib/gcc/arm-none-eabi/5.4.1/../../../../arm-none-eabi/lib/armv7-m\libg_nano.a(lib_a-nano-mallocr.o)
 .ARM.attributes
                0x00000984       0x2d c:/program files (x86)/cypress/psoc creator/4.2/psoc creator/import/gnu/arm/5.4.1/bin/../lib/gcc/arm-none-eabi/5.4.1/../../../../arm-none-eabi/lib/armv7-m\libg_nano.a(lib_a-nano-svfprintf.o)
 .ARM.attributes